Archive member included to satisfy reference by file (symbol)

i:/mcu/gnu_tools_arm/bin/../lib/gcc/arm-none-eabi/5.4.1/../../../../arm-none-eabi/lib/armv7e-m/fpu/fpv5-d16\libc.a(lib_a-exit.o)
                              i:/mcu/gnu_tools_arm/bin/../lib/gcc/arm-none-eabi/5.4.1/../../../../arm-none-eabi/lib/armv7e-m/fpu/fpv5-d16/crt0.o (exit)
i:/mcu/gnu_tools_arm/bin/../lib/gcc/arm-none-eabi/5.4.1/../../../../arm-none-eabi/lib/armv7e-m/fpu/fpv5-d16\libc.a(lib_a-impure.o)
                              i:/mcu/gnu_tools_arm/bin/../lib/gcc/arm-none-eabi/5.4.1/../../../../arm-none-eabi/lib/armv7e-m/fpu/fpv5-d16\libc.a(lib_a-exit.o) (_global_impure_ptr)
i:/mcu/gnu_tools_arm/bin/../lib/gcc/arm-none-eabi/5.4.1/../../../../arm-none-eabi/lib/armv7e-m/fpu/fpv5-d16\libc.a(lib_a-init.o)
                              i:/mcu/gnu_tools_arm/bin/../lib/gcc/arm-none-eabi/5.4.1/../../../../arm-none-eabi/lib/armv7e-m/fpu/fpv5-d16/crt0.o (__libc_init_array)
i:/mcu/gnu_tools_arm/bin/../lib/gcc/arm-none-eabi/5.4.1/../../../../arm-none-eabi/lib/armv7e-m/fpu/fpv5-d16\libc.a(lib_a-memset.o)
                              i:/mcu/gnu_tools_arm/bin/../lib/gcc/arm-none-eabi/5.4.1/../../../../arm-none-eabi/lib/armv7e-m/fpu/fpv5-d16/crt0.o (memset)
i:/mcu/gnu_tools_arm/bin/../lib/gcc/arm-none-eabi/5.4.1/../../../../arm-none-eabi/lib/armv7e-m/fpu/fpv5-d16\libc.a(lib_a-__call_atexit.o)
                              i:/mcu/gnu_tools_arm/bin/../lib/gcc/arm-none-eabi/5.4.1/../../../../arm-none-eabi/lib/armv7e-m/fpu/fpv5-d16\libc.a(lib_a-exit.o) (__call_exitprocs)
i:/mcu/gnu_tools_arm/bin/../lib/gcc/arm-none-eabi/5.4.1/../../../../arm-none-eabi/lib/armv7e-m/fpu/fpv5-d16\libc.a(lib_a-atexit.o)
                              i:/mcu/gnu_tools_arm/bin/../lib/gcc/arm-none-eabi/5.4.1/../../../../arm-none-eabi/lib/armv7e-m/fpu/fpv5-d16\libc.a(lib_a-__call_atexit.o) (atexit)
i:/mcu/gnu_tools_arm/bin/../lib/gcc/arm-none-eabi/5.4.1/../../../../arm-none-eabi/lib/armv7e-m/fpu/fpv5-d16\libc.a(lib_a-fini.o)
                              i:/mcu/gnu_tools_arm/bin/../lib/gcc/arm-none-eabi/5.4.1/../../../../arm-none-eabi/lib/armv7e-m/fpu/fpv5-d16\libc.a(lib_a-__call_atexit.o) (__libc_fini_array)
i:/mcu/gnu_tools_arm/bin/../lib/gcc/arm-none-eabi/5.4.1/../../../../arm-none-eabi/lib/armv7e-m/fpu/fpv5-d16\libc.a(lib_a-__atexit.o)
                              i:/mcu/gnu_tools_arm/bin/../lib/gcc/arm-none-eabi/5.4.1/../../../../arm-none-eabi/lib/armv7e-m/fpu/fpv5-d16\libc.a(lib_a-atexit.o) (__register_exitproc)
i:/mcu/gnu_tools_arm/bin/../lib/gcc/arm-none-eabi/5.4.1/../../../../arm-none-eabi/lib/armv7e-m/fpu/fpv5-d16\libnosys.a(_exit.o)
                              i:/mcu/gnu_tools_arm/bin/../lib/gcc/arm-none-eabi/5.4.1/../../../../arm-none-eabi/lib/armv7e-m/fpu/fpv5-d16\libc.a(lib_a-exit.o) (_exit)
i:/mcu/gnu_tools_arm/bin/../lib/gcc/arm-none-eabi/5.4.1/armv7e-m/fpu/fpv5-d16\libgcc.a(_aeabi_uldivmod.o)
                              build/stm32h7xx_hal_uart.o (__aeabi_uldivmod)
i:/mcu/gnu_tools_arm/bin/../lib/gcc/arm-none-eabi/5.4.1/armv7e-m/fpu/fpv5-d16\libgcc.a(_udivmoddi4.o)
                              i:/mcu/gnu_tools_arm/bin/../lib/gcc/arm-none-eabi/5.4.1/armv7e-m/fpu/fpv5-d16\libgcc.a(_aeabi_uldivmod.o) (__udivmoddi4)
i:/mcu/gnu_tools_arm/bin/../lib/gcc/arm-none-eabi/5.4.1/armv7e-m/fpu/fpv5-d16\libgcc.a(_dvmd_tls.o)
                              i:/mcu/gnu_tools_arm/bin/../lib/gcc/arm-none-eabi/5.4.1/armv7e-m/fpu/fpv5-d16\libgcc.a(_aeabi_uldivmod.o) (__aeabi_ldiv0)

Allocating common symbols
Common symbol       size              file

uwTick              0x4               build/stm32h7xx_hal.o
pFlash              0x1c              build/stm32h7xx_hal_flash.o
huart4              0x90              build/main.o

Discarded input sections

 .text          0x00000000        0x0 i:/mcu/gnu_tools_arm/bin/../lib/gcc/arm-none-eabi/5.4.1/armv7e-m/fpu/fpv5-d16/crti.o
 .data          0x00000000        0x0 i:/mcu/gnu_tools_arm/bin/../lib/gcc/arm-none-eabi/5.4.1/armv7e-m/fpu/fpv5-d16/crti.o
 .bss           0x00000000        0x0 i:/mcu/gnu_tools_arm/bin/../lib/gcc/arm-none-eabi/5.4.1/armv7e-m/fpu/fpv5-d16/crti.o
 .data          0x00000000        0x4 i:/mcu/gnu_tools_arm/bin/../lib/gcc/arm-none-eabi/5.4.1/armv7e-m/fpu/fpv5-d16/crtbegin.o
 .text          0x00000000       0x74 i:/mcu/gnu_tools_arm/bin/../lib/gcc/arm-none-eabi/5.4.1/../../../../arm-none-eabi/lib/armv7e-m/fpu/fpv5-d16/crt0.o
 .data          0x00000000        0x0 i:/mcu/gnu_tools_arm/bin/../lib/gcc/arm-none-eabi/5.4.1/../../../../arm-none-eabi/lib/armv7e-m/fpu/fpv5-d16/crt0.o
 .bss           0x00000000        0x0 i:/mcu/gnu_tools_arm/bin/../lib/gcc/arm-none-eabi/5.4.1/../../../../arm-none-eabi/lib/armv7e-m/fpu/fpv5-d16/crt0.o
 .ARM.extab     0x00000000        0x0 i:/mcu/gnu_tools_arm/bin/../lib/gcc/arm-none-eabi/5.4.1/../../../../arm-none-eabi/lib/armv7e-m/fpu/fpv5-d16/crt0.o
[...]
Memory Configuration

Name             Origin             Length             Attributes
FLASH            0x90000000         0x00800000         xr
DTCMRAM          0x20000000         0x00020000         xrw
RAM_D1           0x24000000         0x00080000         xrw
RAM_D2           0x30000000         0x00048000         xrw
RAM_D3           0x38000000         0x00010000         xrw
ITCMRAM          0x00000000         0x00010000         xrw
*default*        0x00000000         0xffffffff

Linker script and memory map

LOAD i:/mcu/gnu_tools_arm/bin/../lib/gcc/arm-none-eabi/5.4.1/armv7e-m/fpu/fpv5-d16/crti.o
LOAD i:/mcu/gnu_tools_arm/bin/../lib/gcc/arm-none-eabi/5.4.1/armv7e-m/fpu/fpv5-d16/crtbegin.o
LOAD i:/mcu/gnu_tools_arm/bin/../lib/gcc/arm-none-eabi/5.4.1/../../../../arm-none-eabi/lib/armv7e-m/fpu/fpv5-d16/crt0.o
LOAD build/main.o
LOAD build/stm32h7xx_it.o
LOAD build/stm32h7xx_hal_msp.o
LOAD build/stm32h7xx_hal_cortex.o
LOAD build/stm32h7xx_hal_tim.o
LOAD build/stm32h7xx_hal_tim_ex.o
LOAD build/stm32h7xx_hal_uart.o
LOAD build/stm32h7xx_hal_uart_ex.o
LOAD build/stm32h7xx_hal_rcc.o
LOAD build/stm32h7xx_hal_rcc_ex.o
LOAD build/stm32h7xx_hal_flash.o
LOAD build/stm32h7xx_hal_flash_ex.o
LOAD build/stm32h7xx_hal_gpio.o
LOAD build/stm32h7xx_hal_hsem.o
LOAD build/stm32h7xx_hal_dma.o
LOAD build/stm32h7xx_hal_dma_ex.o
LOAD build/stm32h7xx_hal_mdma.o
LOAD build/stm32h7xx_hal_pwr.o
LOAD build/stm32h7xx_hal_pwr_ex.o
LOAD build/stm32h7xx_hal.o
LOAD build/stm32h7xx_hal_i2c.o
LOAD build/stm32h7xx_hal_i2c_ex.o
LOAD build/stm32h7xx_hal_exti.o
LOAD build/system_stm32h7xx.o
LOAD build/startup_stm32h750xx.o
LOAD i:/mcu/gnu_tools_arm/bin/../lib/gcc/arm-none-eabi/5.4.1/../../../../arm-none-eabi/lib/armv7e-m/fpu/fpv5-d16\libc.a
LOAD i:/mcu/gnu_tools_arm/bin/../lib/gcc/arm-none-eabi/5.4.1/../../../../arm-none-eabi/lib/armv7e-m/fpu/fpv5-d16\libm.a
LOAD i:/mcu/gnu_tools_arm/bin/../lib/gcc/arm-none-eabi/5.4.1/../../../../arm-none-eabi/lib/armv7e-m/fpu/fpv5-d16\libnosys.a
START GROUP
LOAD i:/mcu/gnu_tools_arm/bin/../lib/gcc/arm-none-eabi/5.4.1/armv7e-m/fpu/fpv5-d16\libgcc.a
LOAD i:/mcu/gnu_tools_arm/bin/../lib/gcc/arm-none-eabi/5.4.1/../../../../arm-none-eabi/lib/armv7e-m/fpu/fpv5-d16\libc.a
END GROUP
START GROUP
LOAD i:/mcu/gnu_tools_arm/bin/../lib/gcc/arm-none-eabi/5.4.1/armv7e-m/fpu/fpv5-d16\libgcc.a
LOAD i:/mcu/gnu_tools_arm/bin/../lib/gcc/arm-none-eabi/5.4.1/../../../../arm-none-eabi/lib/armv7e-m/fpu/fpv5-d16\libc.a
LOAD i:/mcu/gnu_tools_arm/bin/../lib/gcc/arm-none-eabi/5.4.1/../../../../arm-none-eabi/lib/armv7e-m/fpu/fpv5-d16\libnosys.a
END GROUP
LOAD i:/mcu/gnu_tools_arm/bin/../lib/gcc/arm-none-eabi/5.4.1/armv7e-m/fpu/fpv5-d16/crtend.o
LOAD i:/mcu/gnu_tools_arm/bin/../lib/gcc/arm-none-eabi/5.4.1/armv7e-m/fpu/fpv5-d16/crtn.o
                0x2407ffff                _estack = ((ORIGIN (RAM_D1) + LENGTH (RAM_D1)) - 0x1)
                0x00000200                _Min_Heap_Size = 0x200
                0x00000400                _Min_Stack_Size = 0x400

.isr_vector     0x90000000      0x298
                0x90000000                . = ALIGN (0x4)
 *(.isr_vector)
 .isr_vector    0x90000000      0x298 build/startup_stm32h750xx.o
                0x90000000                g_pfnVectors
                0x90000298                . = ALIGN (0x4)

.text           0x90000298     0x3348
                0x90000298                . = ALIGN (0x4)
 *(.text)
 .text          0x90000298       0x5c i:/mcu/gnu_tools_arm/bin/../lib/gcc/arm-none-eabi/5.4.1/armv7e-m/fpu/fpv5-d16/crtbegin.o
 .text          0x900002f4       0x30 i:/mcu/gnu_tools_arm/bin/../lib/gcc/arm-none-eabi/5.4.1/armv7e-m/fpu/fpv5-d16\libgcc.a(_aeabi_uldivmod.o)
                0x900002f4                __aeabi_uldivmod
 .text          0x90000324      0x2e4 i:/mcu/gnu_tools_arm/bin/../lib/gcc/arm-none-eabi/5.4.1/armv7e-m/fpu/fpv5-d16\libgcc.a(_udivmoddi4.o)
                0x90000324                __udivmoddi4
 .text          0x90000608        0x4 i:/mcu/gnu_tools_arm/bin/../lib/gcc/arm-none-eabi/5.4.1/armv7e-m/fpu/fpv5-d16\libgcc.a(_dvmd_tls.o)
                0x90000608                __aeabi_idiv0
                0x90000608                __aeabi_ldiv0
 *(.text*)
 .text.MX_GPIO_Init
                0x9000060c       0x88 build/main.o
 .text.Error_Handler
                0x90000694        0x4 build/main.o
                0x90000694                Error_Handler
 .text.MX_UART4_Init
                0x90000698       0x60 build/main.o
 .text.SystemClock_Config
                0x900006f8       0xc4 build/main.o
                0x900006f8                SystemClock_Config
 .text.main     0x900007bc       0x60 build/main.o
                0x900007bc                main
 .text.NMI_Handler
                0x9000081c        0x4 build/stm32h7xx_it.o
                0x9000081c                NMI_Handler
 .text.HardFault_Handler
                0x90000820        0x4 build/stm32h7xx_it.o
                0x90000820                HardFault_Handler
 .text.MemManage_Handler
                0x90000824        0x4 build/stm32h7xx_it.o
                0x90000824                MemManage_Handler
 .text.BusFault_Handler
                0x90000828        0x4 build/stm32h7xx_it.o
                0x90000828                BusFault_Handler
 .text.UsageFault_Handler
                0x9000082c        0x4 build/stm32h7xx_it.o
                0x9000082c                UsageFault_Handler
 .text.SVC_Handler
                0x90000830        0x4 build/stm32h7xx_it.o
                0x90000830                SVC_Handler
 .text.DebugMon_Handler
                0x90000834        0x4 build/stm32h7xx_it.o
                0x90000834                DebugMon_Handler
 .text.PendSV_Handler
                0x90000838        0x4 build/stm32h7xx_it.o
                0x90000838                PendSV_Handler
 .text.SysTick_Handler
                0x9000083c        0x8 build/stm32h7xx_it.o
                0x9000083c                SysTick_Handler
 .text.HAL_MspInit
                0x90000844       0x24 build/stm32h7xx_hal_msp.o
                0x90000844                HAL_MspInit
 .text.HAL_UART_MspInit
                0x90000868       0x90 build/stm32h7xx_hal_msp.o
                0x90000868                HAL_UART_MspInit
 .text.HAL_NVIC_SetPriorityGrouping
                0x900008f8       0x24 build/stm32h7xx_hal_cortex.o
                0x900008f8                HAL_NVIC_SetPriorityGrouping
 .text.HAL_NVIC_SetPriority
                0x9000091c       0x60 build/stm32h7xx_hal_cortex.o
                0x9000091c                HAL_NVIC_SetPriority
 .text.HAL_SYSTICK_Config
                0x9000097c       0x2c build/stm32h7xx_hal_cortex.o
                0x9000097c                HAL_SYSTICK_Config
 .text.UART_SetConfig
                0x900009a8      0x5f0 build/stm32h7xx_hal_uart.o
                0x900009a8                UART_SetConfig
 .text.UART_AdvFeatureConfig
                0x90000f98       0xc8 build/stm32h7xx_hal_uart.o
                0x90000f98                UART_AdvFeatureConfig
 .text.UART_WaitOnFlagUntilTimeout
                0x90001060       0xd8 build/stm32h7xx_hal_uart.o
                0x90001060                UART_WaitOnFlagUntilTimeout
 .text.HAL_UART_Transmit
                0x90001138       0xe0 build/stm32h7xx_hal_uart.o
                0x90001138                HAL_UART_Transmit
 .text.UART_CheckIdleState
                0x90001218       0x70 build/stm32h7xx_hal_uart.o
                0x90001218                UART_CheckIdleState
 .text.HAL_UART_Init
                0x90001288       0x64 build/stm32h7xx_hal_uart.o
                0x90001288                HAL_UART_Init
 .text.UARTEx_SetNbDataToProcess
                0x900012ec       0x4c build/stm32h7xx_hal_uart_ex.o
 .text.HAL_UARTEx_DisableFifoMode
                0x90001338       0x40 build/stm32h7xx_hal_uart_ex.o
                0x90001338                HAL_UARTEx_DisableFifoMode
 .text.HAL_UARTEx_SetTxFifoThreshold
                0x90001378       0x4c build/stm32h7xx_hal_uart_ex.o
                0x90001378                HAL_UARTEx_SetTxFifoThreshold
 .text.HAL_UARTEx_SetRxFifoThreshold
                0x900013c4       0x4c build/stm32h7xx_hal_uart_ex.o
                0x900013c4                HAL_UARTEx_SetRxFifoThreshold
 .text.HAL_RCC_OscConfig
                0x90001410      0x6b4 build/stm32h7xx_hal_rcc.o
                0x90001410                HAL_RCC_OscConfig
 .text.HAL_RCC_GetSysClockFreq
                0x90001ac4      0x1f8 build/stm32h7xx_hal_rcc.o
                0x90001ac4                HAL_RCC_GetSysClockFreq
 .text.HAL_RCC_ClockConfig
                0x90001cbc      0x29c build/stm32h7xx_hal_rcc.o
                0x90001cbc                HAL_RCC_ClockConfig
 .text.HAL_RCC_GetHCLKFreq
                0x90001f58       0x44 build/stm32h7xx_hal_rcc.o
                0x90001f58                HAL_RCC_GetHCLKFreq
 .text.HAL_RCC_GetPCLK1Freq
                0x90001f9c       0x24 build/stm32h7xx_hal_rcc.o
                0x90001f9c                HAL_RCC_GetPCLK1Freq
 .text.HAL_RCC_GetPCLK2Freq
                0x90001fc0       0x24 build/stm32h7xx_hal_rcc.o
                0x90001fc0                HAL_RCC_GetPCLK2Freq
 .text.RCCEx_PLL2_Config
                0x90001fe4      0x114 build/stm32h7xx_hal_rcc_ex.o
 .text.RCCEx_PLL3_Config
                0x900020f8      0x114 build/stm32h7xx_hal_rcc_ex.o
 .text.HAL_RCCEx_PeriphCLKConfig
                0x9000220c      0x944 build/stm32h7xx_hal_rcc_ex.o
                0x9000220c                HAL_RCCEx_PeriphCLKConfig
 .text.HAL_RCCEx_GetD3PCLK1Freq
                0x90002b50       0x24 build/stm32h7xx_hal_rcc_ex.o
                0x90002b50                HAL_RCCEx_GetD3PCLK1Freq
 .text.HAL_RCCEx_GetPLL2ClockFreq
                0x90002b74      0x1f8 build/stm32h7xx_hal_rcc_ex.o
                0x90002b74                HAL_RCCEx_GetPLL2ClockFreq
 .text.HAL_RCCEx_GetPLL3ClockFreq
                0x90002d6c      0x1f8 build/stm32h7xx_hal_rcc_ex.o
                0x90002d6c                HAL_RCCEx_GetPLL3ClockFreq
 .text.HAL_GPIO_Init
                0x90002f64      0x1f0 build/stm32h7xx_hal_gpio.o
                0x90002f64                HAL_GPIO_Init
 .text.HAL_GPIO_WritePin
                0x90003154        0xc build/stm32h7xx_hal_gpio.o
                0x90003154                HAL_GPIO_WritePin
 .text.HAL_GPIO_TogglePin
                0x90003160       0x14 build/stm32h7xx_hal_gpio.o
                0x90003160                HAL_GPIO_TogglePin
 .text.HAL_PWREx_ConfigSupply
                0x90003174       0x58 build/stm32h7xx_hal_pwr_ex.o
                0x90003174                HAL_PWREx_ConfigSupply
 .text.HAL_InitTick
                0x900031cc       0x50 build/stm32h7xx_hal.o
                0x900031cc                HAL_InitTick
 .text.HAL_Init
                0x9000321c       0x5c build/stm32h7xx_hal.o
                0x9000321c                HAL_Init
 .text.HAL_IncTick
                0x90003278       0x18 build/stm32h7xx_hal.o
                0x90003278                HAL_IncTick
 .text.HAL_GetTick
                0x90003290        0xc build/stm32h7xx_hal.o
                0x90003290                HAL_GetTick
 .text.HAL_Delay
                0x9000329c       0x28 build/stm32h7xx_hal.o
                0x9000329c                HAL_Delay
 .text.HAL_GetREVID
                0x900032c4        0xc build/stm32h7xx_hal.o
                0x900032c4                HAL_GetREVID
 .text.SystemInit
                0x900032d0       0xcc build/system_stm32h7xx.o
                0x900032d0                SystemInit
 .text.Reset_Handler
                0x9000339c       0x50 build/startup_stm32h750xx.o
                0x9000339c                Reset_Handler
 .text.Default_Handler
                0x900033ec        0x2 build/startup_stm32h750xx.o
                0x900033ec                RTC_Alarm_IRQHandler
                0x900033ec                HASH_RNG_IRQHandler
                0x900033ec                EXTI2_IRQHandler
                0x900033ec                TIM8_CC_IRQHandler
                0x900033ec                HRTIM1_Master_IRQHandler
                0x900033ec                UART8_IRQHandler
                0x900033ec                SPI4_IRQHandler
                0x900033ec                TIM1_CC_IRQHandler
                0x900033ec                BDMA_Channel6_IRQHandler
                0x900033ec                DMA2_Stream5_IRQHandler
                0x900033ec                HRTIM1_FLT_IRQHandler
                0x900033ec                JPEG_IRQHandler
                0x900033ec                DMA1_Stream5_IRQHandler
                0x900033ec                BDMA_Channel1_IRQHandler
                0x900033ec                HRTIM1_TIMD_IRQHandler
                0x900033ec                TAMP_STAMP_IRQHandler
                0x900033ec                EXTI3_IRQHandler
                0x900033ec                LPTIM4_IRQHandler
                0x900033ec                TIM8_TRG_COM_TIM14_IRQHandler
                0x900033ec                LPTIM2_IRQHandler
                0x900033ec                DFSDM1_FLT1_IRQHandler
                0x900033ec                DMAMUX2_OVR_IRQHandler
                0x900033ec                TIM8_UP_TIM13_IRQHandler
                0x900033ec                I2C3_ER_IRQHandler
                0x900033ec                DFSDM1_FLT2_IRQHandler
                0x900033ec                MDMA_IRQHandler
                0x900033ec                LPTIM3_IRQHandler
                0x900033ec                HSEM1_IRQHandler
                0x900033ec                EXTI0_IRQHandler
                0x900033ec                I2C2_EV_IRQHandler
                0x900033ec                DMA1_Stream2_IRQHandler
                0x900033ec                FPU_IRQHandler
                0x900033ec                OTG_HS_WKUP_IRQHandler
                0x900033ec                FDCAN1_IT1_IRQHandler
                0x900033ec                LTDC_ER_IRQHandler
                0x900033ec                DMA2_Stream2_IRQHandler
                0x900033ec                HRTIM1_TIME_IRQHandler
                0x900033ec                SPI1_IRQHandler
                0x900033ec                TIM6_DAC_IRQHandler
                0x900033ec                DCMI_IRQHandler
                0x900033ec                HRTIM1_TIMC_IRQHandler
                0x900033ec                DMA2_Stream3_IRQHandler
                0x900033ec                SAI2_IRQHandler
                0x900033ec                DFSDM1_FLT3_IRQHandler
                0x900033ec                USART6_IRQHandler
                0x900033ec                TIM17_IRQHandler
                0x900033ec                USART3_IRQHandler
                0x900033ec                BDMA_Channel7_IRQHandler
                0x900033ec                CRYP_IRQHandler
                0x900033ec                LPTIM5_IRQHandler
                0x900033ec                UART5_IRQHandler
                0x900033ec                ADC3_IRQHandler
                0x900033ec                DMA2_Stream0_IRQHandler
                0x900033ec                TIM4_IRQHandler
                0x900033ec                BDMA_Channel2_IRQHandler
                0x900033ec                QUADSPI_IRQHandler
                0x900033ec                I2C1_EV_IRQHandler
                0x900033ec                DMA1_Stream6_IRQHandler
                0x900033ec                DMAMUX1_OVR_IRQHandler
                0x900033ec                DMA1_Stream1_IRQHandler
                0x900033ec                TIM16_IRQHandler
                0x900033ec                UART4_IRQHandler
                0x900033ec                BDMA_Channel5_IRQHandler
                0x900033ec                TIM3_IRQHandler
                0x900033ec                RCC_IRQHandler
                0x900033ec                TIM8_BRK_TIM12_IRQHandler
                0x900033ec                TIM1_TRG_COM_IRQHandler
                0x900033ec                Default_Handler
                0x900033ec                ECC_IRQHandler
                0x900033ec                CEC_IRQHandler
                0x900033ec                EXTI15_10_IRQHandler
                0x900033ec                BDMA_Channel0_IRQHandler
                0x900033ec                ADC_IRQHandler
                0x900033ec                DMA1_Stream7_IRQHandler
                0x900033ec                HRTIM1_TIMA_IRQHandler
                0x900033ec                SPI5_IRQHandler
                0x900033ec                TIM7_IRQHandler
                0x900033ec                SDMMC1_IRQHandler
                0x900033ec                TIM5_IRQHandler
                0x900033ec                DMA2_Stream7_IRQHandler
                0x900033ec                TIM15_IRQHandler
                0x900033ec                PVD_AVD_IRQHandler
                0x900033ec                I2C3_EV_IRQHandler
                0x900033ec                EXTI9_5_IRQHandler
                0x900033ec                RTC_WKUP_IRQHandler
                0x900033ec                LTDC_IRQHandler
                0x900033ec                SAI3_IRQHandler
                0x900033ec                ETH_WKUP_IRQHandler
                0x900033ec                SPDIF_RX_IRQHandler
                0x900033ec                SPI2_IRQHandler
                0x900033ec                OTG_HS_EP1_IN_IRQHandler
                0x900033ec                DMA1_Stream0_IRQHandler
                0x900033ec                CRS_IRQHandler
                0x900033ec                EXTI4_IRQHandler
                0x900033ec                HRTIM1_TIMB_IRQHandler
                0x900033ec                FDCAN2_IT1_IRQHandler
                0x900033ec                ETH_IRQHandler
                0x900033ec                TIM1_UP_IRQHandler
                0x900033ec                BDMA_Channel4_IRQHandler
                0x900033ec                OTG_HS_EP1_OUT_IRQHandler
                0x900033ec                WWDG_IRQHandler
                0x900033ec                SPI6_IRQHandler
                0x900033ec                MDIOS_IRQHandler
                0x900033ec                I2C4_EV_IRQHandler
                0x900033ec                FDCAN2_IT0_IRQHandler
                0x900033ec                LPUART1_IRQHandler
                0x900033ec                FDCAN1_IT0_IRQHandler
                0x900033ec                TIM2_IRQHandler
                0x900033ec                OTG_FS_WKUP_IRQHandler
                0x900033ec                OTG_HS_IRQHandler
                0x900033ec                DMA2D_IRQHandler
                0x900033ec                TIM1_BRK_IRQHandler
                0x900033ec                EXTI1_IRQHandler
                0x900033ec                SDMMC2_IRQHandler
                0x900033ec                OTG_FS_EP1_OUT_IRQHandler
                0x900033ec                BDMA_Channel3_IRQHandler
                0x900033ec                UART7_IRQHandler
                0x900033ec                MDIOS_WKUP_IRQHandler
                0x900033ec                USART2_IRQHandler
                0x900033ec                DFSDM1_FLT0_IRQHandler
                0x900033ec                SAI4_IRQHandler
                0x900033ec                I2C2_ER_IRQHandler
                0x900033ec                DMA2_Stream1_IRQHandler
                0x900033ec                FLASH_IRQHandler
                0x900033ec                DMA2_Stream4_IRQHandler
                0x900033ec                USART1_IRQHandler
                0x900033ec                OTG_FS_IRQHandler
                0x900033ec                SPI3_IRQHandler
                0x900033ec                WAKEUP_PIN_IRQHandler
                0x900033ec                DMA1_Stream4_IRQHandler
                0x900033ec                OTG_FS_EP1_IN_IRQHandler
                0x900033ec                I2C1_ER_IRQHandler
                0x900033ec                FMC_IRQHandler
                0x900033ec                FDCAN_CAL_IRQHandler
                0x900033ec                SWPMI1_IRQHandler
                0x900033ec                COMP1_IRQHandler
                0x900033ec                LPTIM1_IRQHandler
                0x900033ec                I2C4_ER_IRQHandler
                0x900033ec                DMA2_Stream6_IRQHandler
                0x900033ec                SAI1_IRQHandler
                0x900033ec                DMA1_Stream3_IRQHandler
 *fill*         0x900033ee        0x2 
 .text.__libc_init_array
                0x900033f0       0x50 i:/mcu/gnu_tools_arm/bin/../lib/gcc/arm-none-eabi/5.4.1/../../../../arm-none-eabi/lib/armv7e-m/fpu/fpv5-d16\libc.a(lib_a-init.o)
                0x900033f0                __libc_init_array
 .text.memset   0x90003440       0x9c i:/mcu/gnu_tools_arm/bin/../lib/gcc/arm-none-eabi/5.4.1/../../../../arm-none-eabi/lib/armv7e-m/fpu/fpv5-d16\libc.a(lib_a-memset.o)
                0x90003440                memset
 .text.startup.register_fini
                0x900034dc       0x14 i:/mcu/gnu_tools_arm/bin/../lib/gcc/arm-none-eabi/5.4.1/../../../../arm-none-eabi/lib/armv7e-m/fpu/fpv5-d16\libc.a(lib_a-__call_atexit.o)
 .text.atexit   0x900034f0        0xc i:/mcu/gnu_tools_arm/bin/../lib/gcc/arm-none-eabi/5.4.1/../../../../arm-none-eabi/lib/armv7e-m/fpu/fpv5-d16\libc.a(lib_a-atexit.o)
                0x900034f0                atexit
 .text.__libc_fini_array
                0x900034fc       0x28 i:/mcu/gnu_tools_arm/bin/../lib/gcc/arm-none-eabi/5.4.1/../../../../arm-none-eabi/lib/armv7e-m/fpu/fpv5-d16\libc.a(lib_a-fini.o)
                0x900034fc                __libc_fini_array
 .text.__register_exitproc
                0x90003524       0xa4 i:/mcu/gnu_tools_arm/bin/../lib/gcc/arm-none-eabi/5.4.1/../../../../arm-none-eabi/lib/armv7e-m/fpu/fpv5-d16\libc.a(lib_a-__atexit.o)
                0x90003524                __register_exitproc
 *(.glue_7)
 .glue_7        0x900035c8        0x0 linker stubs
 *(.glue_7t)
 .glue_7t       0x900035c8        0x0 linker stubs
 *(.eh_frame)
 .eh_frame      0x900035c8        0x0 i:/mcu/gnu_tools_arm/bin/../lib/gcc/arm-none-eabi/5.4.1/armv7e-m/fpu/fpv5-d16/crtbegin.o
 *(.init)
 .init          0x900035c8        0x4 i:/mcu/gnu_tools_arm/bin/../lib/gcc/arm-none-eabi/5.4.1/armv7e-m/fpu/fpv5-d16/crti.o
                0x900035c8                _init
 .init          0x900035cc        0x8 i:/mcu/gnu_tools_arm/bin/../lib/gcc/arm-none-eabi/5.4.1/armv7e-m/fpu/fpv5-d16/crtn.o
 *(.fini)
 .fini          0x900035d4        0x4 i:/mcu/gnu_tools_arm/bin/../lib/gcc/arm-none-eabi/5.4.1/armv7e-m/fpu/fpv5-d16/crti.o
                0x900035d4                _fini
 .fini          0x900035d8        0x8 i:/mcu/gnu_tools_arm/bin/../lib/gcc/arm-none-eabi/5.4.1/armv7e-m/fpu/fpv5-d16/crtn.o
                0x900035e0                . = ALIGN (0x4)
                0x900035e0                _etext = .

.vfp11_veneer   0x900035e0        0x0
 .vfp11_veneer  0x900035e0        0x0 linker stubs

.v4_bx          0x900035e0        0x0
 .v4_bx         0x900035e0        0x0 linker stubs

.iplt           0x900035e0        0x0
 .iplt          0x900035e0        0x0 i:/mcu/gnu_tools_arm/bin/../lib/gcc/arm-none-eabi/5.4.1/armv7e-m/fpu/fpv5-d16/crtbegin.o

.rodata         0x900035e0       0x3c
                0x900035e0                . = ALIGN (0x4)
 *(.rodata)
 *(.rodata*)
 .rodata.UARTPrescTable
                0x900035e0       0x18 build/stm32h7xx_hal_uart.o
                0x900035e0                UARTPrescTable
 .rodata.numerator.9081
                0x900035f8        0x8 build/stm32h7xx_hal_uart_ex.o
 .rodata.denominator.9082
                0x90003600        0x8 build/stm32h7xx_hal_uart_ex.o
 .rodata.D1CorePrescTable
                0x90003608       0x10 build/system_stm32h7xx.o
                0x90003608                D1CorePrescTable
 .rodata._global_impure_ptr
                0x90003618        0x4 i:/mcu/gnu_tools_arm/bin/../lib/gcc/arm-none-eabi/5.4.1/../../../../arm-none-eabi/lib/armv7e-m/fpu/fpv5-d16\libc.a(lib_a-impure.o)
                0x90003618                _global_impure_ptr
                0x9000361c                . = ALIGN (0x4)

.ARM.extab
 *(.ARM.extab* .gnu.linkonce.armextab.*)

.ARM            0x9000361c        0x8
                0x9000361c                __exidx_start = .
 *(.ARM.exidx*)
 .ARM.exidx     0x9000361c        0x8 i:/mcu/gnu_tools_arm/bin/../lib/gcc/arm-none-eabi/5.4.1/armv7e-m/fpu/fpv5-d16\libgcc.a(_udivmoddi4.o)
                0x90003624                __exidx_end = .

.rel.dyn        0x90003624        0x0
 .rel.iplt      0x90003624        0x0 i:/mcu/gnu_tools_arm/bin/../lib/gcc/arm-none-eabi/5.4.1/armv7e-m/fpu/fpv5-d16/crtbegin.o

.preinit_array  0x90003624        0x0
                0x90003624                PROVIDE (__preinit_array_start, .)
 *(.preinit_array*)
                0x90003624                PROVIDE (__preinit_array_end, .)

.init_array     0x90003624        0x8
                0x90003624                PROVIDE (__init_array_start, .)
 *(SORT(.init_array.*))
 .init_array.00000
                0x90003624        0x4 i:/mcu/gnu_tools_arm/bin/../lib/gcc/arm-none-eabi/5.4.1/../../../../arm-none-eabi/lib/armv7e-m/fpu/fpv5-d16\libc.a(lib_a-__call_atexit.o)
 *(.init_array*)
 .init_array    0x90003628        0x4 i:/mcu/gnu_tools_arm/bin/../lib/gcc/arm-none-eabi/5.4.1/armv7e-m/fpu/fpv5-d16/crtbegin.o
                0x9000362c                PROVIDE (__init_array_end, .)

.fini_array     0x9000362c        0x4
                0x9000362c                PROVIDE (__fini_array_start, .)
 *(SORT(.fini_array.*))
 *(.fini_array*)
 .fini_array    0x9000362c        0x4 i:/mcu/gnu_tools_arm/bin/../lib/gcc/arm-none-eabi/5.4.1/armv7e-m/fpu/fpv5-d16/crtbegin.o
                0x90003630                PROVIDE (__fini_array_end, .)
                0x90003630                _sidata = LOADADDR (.data)

.data           0x24000000      0x440 load address 0x90003630
                0x24000000                . = ALIGN (0x4)
                0x24000000                _sdata = .
 *(.data)
 *(.data*)
 .data.debug    0x24000000        0x8 build/main.o
                0x24000000                debug
 .data.uwTickPrio
                0x24000008        0x4 build/stm32h7xx_hal.o
                0x24000008                uwTickPrio
 .data.uwTickFreq
                0x2400000c        0x1 build/stm32h7xx_hal.o
                0x2400000c                uwTickFreq
 *fill*         0x2400000d        0x3 
 .data.SystemD2Clock
                0x24000010        0x4 build/system_stm32h7xx.o
                0x24000010                SystemD2Clock
 .data.SystemCoreClock
                0x24000014        0x4 build/system_stm32h7xx.o
                0x24000014                SystemCoreClock
 .data.impure_data
                0x24000018      0x428 i:/mcu/gnu_tools_arm/bin/../lib/gcc/arm-none-eabi/5.4.1/../../../../arm-none-eabi/lib/armv7e-m/fpu/fpv5-d16\libc.a(lib_a-impure.o)
                0x24000440                . = ALIGN (0x4)
                0x24000440                _edata = .

.jcr            0x24000440        0x0 load address 0x90003a70
 .jcr           0x24000440        0x0 i:/mcu/gnu_tools_arm/bin/../lib/gcc/arm-none-eabi/5.4.1/armv7e-m/fpu/fpv5-d16/crtbegin.o

.igot.plt       0x24000440        0x0 load address 0x90003a70
 .igot.plt      0x24000440        0x0 i:/mcu/gnu_tools_arm/bin/../lib/gcc/arm-none-eabi/5.4.1/armv7e-m/fpu/fpv5-d16/crtbegin.o
                0x24000440                . = ALIGN (0x4)

.bss            0x24000440       0xb0 load address 0x90003a70
                0x24000440                _sbss = .
                0x24000440                __bss_start__ = _sbss
 *(.bss)
 .bss           0x24000440       0x1c i:/mcu/gnu_tools_arm/bin/../lib/gcc/arm-none-eabi/5.4.1/armv7e-m/fpu/fpv5-d16/crtbegin.o
 *(.bss*)
 *(COMMON)
 COMMON         0x2400045c       0x90 build/main.o
                0x2400045c                huart4
 COMMON         0x240004ec        0x4 build/stm32h7xx_hal.o
                0x240004ec                uwTick
                0x240004f0                . = ALIGN (0x4)
                0x240004f0                _ebss = .
                0x240004f0                __bss_end__ = _ebss

._user_heap_stack
                0x240004f0      0x600 load address 0x90003a70
                0x240004f0                . = ALIGN (0x8)
                [!provide]                PROVIDE (end, .)
                [!provide]                PROVIDE (_end, .)
                0x240006f0                . = (. + _Min_Heap_Size)
 *fill*         0x240004f0      0x200 
                0x24000af0                . = (. + _Min_Stack_Size)
 *fill*         0x240006f0      0x400 
                0x24000af0                . = ALIGN (0x8)

/DISCARD/
 libc.a(*)
 libm.a(*)
 libgcc.a(*)

.ARM.attributes
                0x00000000       0x2e
 *(.ARM.attributes)
 .ARM.attributes
                0x00000000       0x20 i:/mcu/gnu_tools_arm/bin/../lib/gcc/arm-none-eabi/5.4.1/armv7e-m/fpu/fpv5-d16/crti.o
 .ARM.attributes
                0x00000020       0x32 i:/mcu/gnu_tools_arm/bin/../lib/gcc/arm-none-eabi/5.4.1/armv7e-m/fpu/fpv5-d16/crtbegin.o
 .ARM.attributes
                0x00000052       0x37 build/main.o
 .ARM.attributes
                0x00000089       0x37 build/stm32h7xx_it.o
 .ARM.attributes
                0x000000c0       0x37 build/stm32h7xx_hal_msp.o
 .ARM.attributes
                0x000000f7       0x37 build/stm32h7xx_hal_cortex.o
 .ARM.attributes
                0x0000012e       0x37 build/stm32h7xx_hal_uart.o
 .ARM.attributes
                0x00000165       0x37 build/stm32h7xx_hal_uart_ex.o
 .ARM.attributes
                0x0000019c       0x37 build/stm32h7xx_hal_rcc.o
 .ARM.attributes
                0x000001d3       0x37 build/stm32h7xx_hal_rcc_ex.o
 .ARM.attributes
                0x0000020a       0x37 build/stm32h7xx_hal_gpio.o
 .ARM.attributes
                0x00000241       0x37 build/stm32h7xx_hal_pwr_ex.o
 .ARM.attributes
                0x00000278       0x37 build/stm32h7xx_hal.o
 .ARM.attributes
                0x000002af       0x37 build/system_stm32h7xx.o
 .ARM.attributes
                0x000002e6       0x21 build/startup_stm32h750xx.o
 .ARM.attributes
                0x00000307       0x32 i:/mcu/gnu_tools_arm/bin/../lib/gcc/arm-none-eabi/5.4.1/../../../../arm-none-eabi/lib/armv7e-m/fpu/fpv5-d16\libc.a(lib_a-impure.o)
 .ARM.attributes
                0x00000339       0x32 i:/mcu/gnu_tools_arm/bin/../lib/gcc/arm-none-eabi/5.4.1/../../../../arm-none-eabi/lib/armv7e-m/fpu/fpv5-d16\libc.a(lib_a-init.o)
 .ARM.attributes
                0x0000036b       0x32 i:/mcu/gnu_tools_arm/bin/../lib/gcc/arm-none-eabi/5.4.1/../../../../arm-none-eabi/lib/armv7e-m/fpu/fpv5-d16\libc.a(lib_a-memset.o)
 .ARM.attributes
                0x0000039d       0x32 i:/mcu/gnu_tools_arm/bin/../lib/gcc/arm-none-eabi/5.4.1/../../../../arm-none-eabi/lib/armv7e-m/fpu/fpv5-d16\libc.a(lib_a-__call_atexit.o)
 .ARM.attributes
                0x000003cf       0x32 i:/mcu/gnu_tools_arm/bin/../lib/gcc/arm-none-eabi/5.4.1/../../../../arm-none-eabi/lib/armv7e-m/fpu/fpv5-d16\libc.a(lib_a-atexit.o)
 .ARM.attributes
                0x00000401       0x32 i:/mcu/gnu_tools_arm/bin/../lib/gcc/arm-none-eabi/5.4.1/../../../../arm-none-eabi/lib/armv7e-m/fpu/fpv5-d16\libc.a(lib_a-fini.o)
 .ARM.attributes
                0x00000433       0x32 i:/mcu/gnu_tools_arm/bin/../lib/gcc/arm-none-eabi/5.4.1/../../../../arm-none-eabi/lib/armv7e-m/fpu/fpv5-d16\libc.a(lib_a-__atexit.o)
 .ARM.attributes
                0x00000465       0x20 i:/mcu/gnu_tools_arm/bin/../lib/gcc/arm-none-eabi/5.4.1/armv7e-m/fpu/fpv5-d16\libgcc.a(_aeabi_uldivmod.o)
 .ARM.attributes
                0x00000485       0x32 i:/mcu/gnu_tools_arm/bin/../lib/gcc/arm-none-eabi/5.4.1/armv7e-m/fpu/fpv5-d16\libgcc.a(_udivmoddi4.o)
 .ARM.attributes
                0x000004b7       0x20 i:/mcu/gnu_tools_arm/bin/../lib/gcc/arm-none-eabi/5.4.1/armv7e-m/fpu/fpv5-d16\libgcc.a(_dvmd_tls.o)
 .ARM.attributes
                0x000004d7       0x20 i:/mcu/gnu_tools_arm/bin/../lib/gcc/arm-none-eabi/5.4.1/armv7e-m/fpu/fpv5-d16/crtn.o
OUTPUT(build/make_application.elf elf32-littlearm)

.debug_info     0x00000000    0x11e92
 .debug_info    0x00000000     0x1a33 build/main.o
 .debug_info    0x00001a33      0x19b build/stm32h7xx_it.o
 .debug_info    0x00001bce     0x11c7 build/stm32h7xx_hal_msp.o
 .debug_info    0x00002d95     0x1361 build/stm32h7xx_hal_cortex.o
 .debug_info    0x000040f6     0x5925 build/stm32h7xx_hal_uart.o
 .debug_info    0x00009a1b     0x1184 build/stm32h7xx_hal_uart_ex.o
 .debug_info    0x0000ab9f     0x1297 build/stm32h7xx_hal_rcc.o
 .debug_info    0x0000be36     0x1a5e build/stm32h7xx_hal_rcc_ex.o
 .debug_info    0x0000d894      0xe08 build/stm32h7xx_hal_gpio.o
 .debug_info    0x0000e69c     0x1221 build/stm32h7xx_hal_pwr_ex.o
 .debug_info    0x0000f8bd     0x179e build/stm32h7xx_hal.o
 .debug_info    0x0001105b      0xdde build/system_stm32h7xx.o
 .debug_info    0x00011e39       0x59 build/startup_stm32h750xx.o

.debug_abbrev   0x00000000     0x1a93
 .debug_abbrev  0x00000000      0x280 build/main.o
 .debug_abbrev  0x00000280       0xbb build/stm32h7xx_it.o
 .debug_abbrev  0x0000033b      0x1ce build/stm32h7xx_hal_msp.o
 .debug_abbrev  0x00000509      0x322 build/stm32h7xx_hal_cortex.o
 .debug_abbrev  0x0000082b      0x31d build/stm32h7xx_hal_uart.o
 .debug_abbrev  0x00000b48      0x2bc build/stm32h7xx_hal_uart_ex.o
 .debug_abbrev  0x00000e04      0x242 build/stm32h7xx_hal_rcc.o
 .debug_abbrev  0x00001046      0x254 build/stm32h7xx_hal_rcc_ex.o
 .debug_abbrev  0x0000129a      0x233 build/stm32h7xx_hal_gpio.o
 .debug_abbrev  0x000014cd      0x276 build/stm32h7xx_hal_pwr_ex.o
 .debug_abbrev  0x00001743      0x22e build/stm32h7xx_hal.o
 .debug_abbrev  0x00001971      0x110 build/system_stm32h7xx.o
 .debug_abbrev  0x00001a81       0x12 build/startup_stm32h750xx.o

.debug_loc      0x00000000     0x89ee
 .debug_loc     0x00000000       0xc5 build/main.o
 .debug_loc     0x000000c5       0x20 build/stm32h7xx_it.o
 .debug_loc     0x000000e5       0xd2 build/stm32h7xx_hal_msp.o
 .debug_loc     0x000001b7      0x57a build/stm32h7xx_hal_cortex.o
 .debug_loc     0x00000731     0x45a2 build/stm32h7xx_hal_uart.o
 .debug_loc     0x00004cd3      0xb03 build/stm32h7xx_hal_uart_ex.o
 .debug_loc     0x000057d6      0x95f build/stm32h7xx_hal_rcc.o
 .debug_loc     0x00006135     0x187e build/stm32h7xx_hal_rcc_ex.o
 .debug_loc     0x000079b3      0x365 build/stm32h7xx_hal_gpio.o
 .debug_loc     0x00007d18      0x53a build/stm32h7xx_hal_pwr_ex.o
 .debug_loc     0x00008252      0x5f1 build/stm32h7xx_hal.o
 .debug_loc     0x00008843      0x1ab build/system_stm32h7xx.o

.debug_aranges  0x00000000      0x980
 .debug_aranges
                0x00000000       0x40 build/main.o
 .debug_aranges
                0x00000040       0x60 build/stm32h7xx_it.o
 .debug_aranges
                0x000000a0       0x30 build/stm32h7xx_hal_msp.o
 .debug_aranges
                0x000000d0       0xb0 build/stm32h7xx_hal_cortex.o
 .debug_aranges
                0x00000180      0x248 build/stm32h7xx_hal_uart.o
 .debug_aranges
                0x000003c8       0xa0 build/stm32h7xx_hal_uart_ex.o
 .debug_aranges
                0x00000468       0x88 build/stm32h7xx_hal_rcc.o
 .debug_aranges
                0x000004f0       0xf8 build/stm32h7xx_hal_rcc_ex.o
 .debug_aranges
                0x000005e8       0x58 build/stm32h7xx_hal_gpio.o
 .debug_aranges
                0x00000640      0x158 build/stm32h7xx_hal_pwr_ex.o
 .debug_aranges
                0x00000798      0x198 build/stm32h7xx_hal.o
 .debug_aranges
                0x00000930       0x28 build/system_stm32h7xx.o
 .debug_aranges
                0x00000958       0x28 build/startup_stm32h750xx.o

.debug_ranges   0x00000000      0x960
 .debug_ranges  0x00000000       0x30 build/main.o
 .debug_ranges  0x00000030       0x50 build/stm32h7xx_it.o
 .debug_ranges  0x00000080       0x20 build/stm32h7xx_hal_msp.o
 .debug_ranges  0x000000a0       0xa0 build/stm32h7xx_hal_cortex.o
 .debug_ranges  0x00000140      0x268 build/stm32h7xx_hal_uart.o
 .debug_ranges  0x000003a8       0xc0 build/stm32h7xx_hal_uart_ex.o
 .debug_ranges  0x00000468       0xc0 build/stm32h7xx_hal_rcc.o
 .debug_ranges  0x00000528       0xe8 build/stm32h7xx_hal_rcc_ex.o
 .debug_ranges  0x00000610       0x48 build/stm32h7xx_hal_gpio.o
 .debug_ranges  0x00000658      0x148 build/stm32h7xx_hal_pwr_ex.o
 .debug_ranges  0x000007a0      0x188 build/stm32h7xx_hal.o
 .debug_ranges  0x00000928       0x18 build/system_stm32h7xx.o
 .debug_ranges  0x00000940       0x20 build/startup_stm32h750xx.o

.debug_line     0x00000000     0x5103
 .debug_line    0x00000000      0x2c0 build/main.o
 .debug_line    0x000002c0      0x1a5 build/stm32h7xx_it.o
 .debug_line    0x00000465      0x20e build/stm32h7xx_hal_msp.o
 .debug_line    0x00000673      0x3a7 build/stm32h7xx_hal_cortex.o
 .debug_line    0x00000a1a     0x21bb build/stm32h7xx_hal_uart.o
 .debug_line    0x00002bd5      0x639 build/stm32h7xx_hal_uart_ex.o
 .debug_line    0x0000320e      0x626 build/stm32h7xx_hal_rcc.o
 .debug_line    0x00003834      0x8d5 build/stm32h7xx_hal_rcc_ex.o
 .debug_line    0x00004109      0x2f7 build/stm32h7xx_hal_gpio.o
 .debug_line    0x00004400      0x572 build/stm32h7xx_hal_pwr_ex.o
 .debug_line    0x00004972      0x55d build/stm32h7xx_hal.o
 .debug_line    0x00004ecf      0x1be build/system_stm32h7xx.o
 .debug_line    0x0000508d       0x76 build/startup_stm32h750xx.o

.debug_str      0x00000000     0x4100
 .debug_str     0x00000000      0xdf0 build/main.o
                                0xebd (size before relaxing)
 .debug_str     0x00000df0       0xb4 build/stm32h7xx_it.o
                                0x253 (size before relaxing)
 .debug_str     0x00000ea4      0x3b8 build/stm32h7xx_hal_msp.o
                                0xdc8 (size before relaxing)
 .debug_str     0x0000125c      0xcc6 build/stm32h7xx_hal_cortex.o
                               0x1058 (size before relaxing)
 .debug_str     0x00001f22      0xa78 build/stm32h7xx_hal_uart.o
                               0x148e (size before relaxing)
 .debug_str     0x0000299a      0x22c build/stm32h7xx_hal_uart_ex.o
                                0xb6e (size before relaxing)
 .debug_str     0x00002bc6      0x342 build/stm32h7xx_hal_rcc.o
                                0xa2e (size before relaxing)
 .debug_str     0x00002f08      0x578 build/stm32h7xx_hal_rcc_ex.o
                                0xf10 (size before relaxing)
 .debug_str     0x00003480       0xe4 build/stm32h7xx_hal_gpio.o
                                0x6e8 (size before relaxing)
 .debug_str     0x00003564      0x544 build/stm32h7xx_hal_pwr_ex.o
                                0xa57 (size before relaxing)
 .debug_str     0x00003aa8      0x61b build/stm32h7xx_hal.o
                               0x14d3 (size before relaxing)
 .debug_str     0x000040c3       0x3d build/system_stm32h7xx.o
                                0x743 (size before relaxing)

.comment        0x00000000       0x6e
 .comment       0x00000000       0x6e build/main.o
                                 0x6f (size before relaxing)
 .comment       0x0000006e       0x6f build/stm32h7xx_it.o
 .comment       0x0000006e       0x6f build/stm32h7xx_hal_msp.o
 .comment       0x0000006e       0x6f build/stm32h7xx_hal_cortex.o
 .comment       0x0000006e       0x6f build/stm32h7xx_hal_uart.o
 .comment       0x0000006e       0x6f build/stm32h7xx_hal_uart_ex.o
 .comment       0x0000006e       0x6f build/stm32h7xx_hal_rcc.o
 .comment       0x0000006e       0x6f build/stm32h7xx_hal_rcc_ex.o
 .comment       0x0000006e       0x6f build/stm32h7xx_hal_gpio.o
 .comment       0x0000006e       0x6f build/stm32h7xx_hal_pwr_ex.o
 .comment       0x0000006e       0x6f build/stm32h7xx_hal.o
 .comment       0x0000006e       0x6f build/system_stm32h7xx.o

.debug_frame    0x00000000     0x18a4
 .debug_frame   0x00000000       0x8c build/main.o
 .debug_frame   0x0000008c       0xa8 build/stm32h7xx_it.o
 .debug_frame   0x00000134       0x60 build/stm32h7xx_hal_msp.o
 .debug_frame   0x00000194      0x164 build/stm32h7xx_hal_cortex.o
 .debug_frame   0x000002f8      0x688 build/stm32h7xx_hal_uart.o
 .debug_frame   0x00000980      0x1d8 build/stm32h7xx_hal_uart_ex.o
 .debug_frame   0x00000b58      0x18c build/stm32h7xx_hal_rcc.o
 .debug_frame   0x00000ce4      0x29c build/stm32h7xx_hal_rcc_ex.o
 .debug_frame   0x00000f80       0xc4 build/stm32h7xx_hal_gpio.o
 .debug_frame   0x00001044      0x2fc build/stm32h7xx_hal_pwr_ex.o
 .debug_frame   0x00001340      0x390 build/stm32h7xx_hal.o
 .debug_frame   0x000016d0       0x3c build/system_stm32h7xx.o
 .debug_frame   0x0000170c       0x2c i:/mcu/gnu_tools_arm/bin/../lib/gcc/arm-none-eabi/5.4.1/../../../../arm-none-eabi/lib/armv7e-m/fpu/fpv5-d16\libc.a(lib_a-init.o)
 .debug_frame   0x00001738       0x34 i:/mcu/gnu_tools_arm/bin/../lib/gcc/arm-none-eabi/5.4.1/../../../../arm-none-eabi/lib/armv7e-m/fpu/fpv5-d16\libc.a(lib_a-memset.o)
 .debug_frame   0x0000176c       0x50 i:/mcu/gnu_tools_arm/bin/../lib/gcc/arm-none-eabi/5.4.1/../../../../arm-none-eabi/lib/armv7e-m/fpu/fpv5-d16\libc.a(lib_a-__call_atexit.o)
 .debug_frame   0x000017bc       0x20 i:/mcu/gnu_tools_arm/bin/../lib/gcc/arm-none-eabi/5.4.1/../../../../arm-none-eabi/lib/armv7e-m/fpu/fpv5-d16\libc.a(lib_a-atexit.o)
 .debug_frame   0x000017dc       0x34 i:/mcu/gnu_tools_arm/bin/../lib/gcc/arm-none-eabi/5.4.1/../../../../arm-none-eabi/lib/armv7e-m/fpu/fpv5-d16\libc.a(lib_a-fini.o)
 .debug_frame   0x00001810       0x34 i:/mcu/gnu_tools_arm/bin/../lib/gcc/arm-none-eabi/5.4.1/../../../../arm-none-eabi/lib/armv7e-m/fpu/fpv5-d16\libc.a(lib_a-__atexit.o)
 .debug_frame   0x00001844       0x2c i:/mcu/gnu_tools_arm/bin/../lib/gcc/arm-none-eabi/5.4.1/armv7e-m/fpu/fpv5-d16\libgcc.a(_aeabi_uldivmod.o)
 .debug_frame   0x00001870       0x34 i:/mcu/gnu_tools_arm/bin/../lib/gcc/arm-none-eabi/5.4.1/armv7e-m/fpu/fpv5-d16\libgcc.a(_udivmoddi4.o)

Cross Reference Table

Symbol                                            File
ADC3_IRQHandler                                   build/startup_stm32h750xx.o
ADC_IRQHandler                                    build/startup_stm32h750xx.o
BDMA_Channel0_IRQHandler                          build/startup_stm32h750xx.o
BDMA_Channel1_IRQHandler                          build/startup_stm32h750xx.o
BDMA_Channel2_IRQHandler                          build/startup_stm32h750xx.o
BDMA_Channel3_IRQHandler                          build/startup_stm32h750xx.o
BDMA_Channel4_IRQHandler                          build/startup_stm32h750xx.o
BDMA_Channel5_IRQHandler                          build/startup_stm32h750xx.o
BDMA_Channel6_IRQHandler                          build/startup_stm32h750xx.o
BDMA_Channel7_IRQHandler                          build/startup_stm32h750xx.o
BusFault_Handler                                  build/stm32h7xx_it.o
CEC_IRQHandler                                    build/startup_stm32h750xx.o
COMP1_IRQHandler                                  build/startup_stm32h750xx.o
CRS_IRQHandler                                    build/startup_stm32h750xx.o
CRYP_IRQHandler                                   build/startup_stm32h750xx.o
D1CorePrescTable                                  build/system_stm32h7xx.o
                                                  build/stm32h7xx_hal.o
                                                  build/stm32h7xx_hal_rcc_ex.o
                                                  build/stm32h7xx_hal_rcc.o
DCMI_IRQHandler                                   build/startup_stm32h750xx.o
DFSDM1_FLT0_IRQHandler                            build/startup_stm32h750xx.o
DFSDM1_FLT1_IRQHandler                            build/startup_stm32h750xx.o
DFSDM1_FLT2_IRQHandler                            build/startup_stm32h750xx.o
DFSDM1_FLT3_IRQHandler                            build/startup_stm32h750xx.o
DMA1_Stream0_IRQHandler                           build/startup_stm32h750xx.o
DMA1_Stream1_IRQHandler                           build/startup_stm32h750xx.o
DMA1_Stream2_IRQHandler                           build/startup_stm32h750xx.o
DMA1_Stream3_IRQHandler                           build/startup_stm32h750xx.o
DMA1_Stream4_IRQHandler                           build/startup_stm32h750xx.o
DMA1_Stream5_IRQHandler                           build/startup_stm32h750xx.o
DMA1_Stream6_IRQHandler                           build/startup_stm32h750xx.o
DMA1_Stream7_IRQHandler                           build/startup_stm32h750xx.o
DMA2D_IRQHandler                                  build/startup_stm32h750xx.o
DMA2_Stream0_IRQHandler                           build/startup_stm32h750xx.o
DMA2_Stream1_IRQHandler                           build/startup_stm32h750xx.o
DMA2_Stream2_IRQHandler                           build/startup_stm32h750xx.o
DMA2_Stream3_IRQHandler                           build/startup_stm32h750xx.o
DMA2_Stream4_IRQHandler                           build/startup_stm32h750xx.o
DMA2_Stream5_IRQHandler                           build/startup_stm32h750xx.o
DMA2_Stream6_IRQHandler                           build/startup_stm32h750xx.o
DMA2_Stream7_IRQHandler                           build/startup_stm32h750xx.o
DMAMUX1_OVR_IRQHandler                            build/startup_stm32h750xx.o
DMAMUX2_OVR_IRQHandler                            build/startup_stm32h750xx.o
DebugMon_Handler                                  build/stm32h7xx_it.o
Default_Handler                                   build/startup_stm32h750xx.o
ECC_IRQHandler                                    build/startup_stm32h750xx.o
ETH_IRQHandler                                    build/startup_stm32h750xx.o
ETH_WKUP_IRQHandler                               build/startup_stm32h750xx.o
EXTI0_IRQHandler                                  build/startup_stm32h750xx.o
EXTI15_10_IRQHandler                              build/startup_stm32h750xx.o
EXTI1_IRQHandler                                  build/startup_stm32h750xx.o
EXTI2_IRQHandler                                  build/startup_stm32h750xx.o
EXTI3_IRQHandler                                  build/startup_stm32h750xx.o
EXTI4_IRQHandler                                  build/startup_stm32h750xx.o
EXTI9_5_IRQHandler                                build/startup_stm32h750xx.o
Error_Handler                                     build/main.o
                                                  build/stm32h7xx_hal_msp.o
FDCAN1_IT0_IRQHandler                             build/startup_stm32h750xx.o
FDCAN1_IT1_IRQHandler                             build/startup_stm32h750xx.o
FDCAN2_IT0_IRQHandler                             build/startup_stm32h750xx.o
FDCAN2_IT1_IRQHandler                             build/startup_stm32h750xx.o
FDCAN_CAL_IRQHandler                              build/startup_stm32h750xx.o
FLASH_CRC_WaitForLastOperation                    build/stm32h7xx_hal_flash.o
                                                  build/stm32h7xx_hal_flash_ex.o
FLASH_Erase_Sector                                build/stm32h7xx_hal_flash_ex.o
                                                  build/stm32h7xx_hal_flash.o
FLASH_IRQHandler                                  build/startup_stm32h750xx.o
FLASH_OB_WaitForLastOperation                     build/stm32h7xx_hal_flash.o
                                                  build/stm32h7xx_hal_flash_ex.o
FLASH_WaitForLastOperation                        build/stm32h7xx_hal_flash.o
                                                  build/stm32h7xx_hal_flash_ex.o
FMC_IRQHandler                                    build/startup_stm32h750xx.o
FPU_IRQHandler                                    build/startup_stm32h750xx.o
HAL_DBGMCU_DisableDBGSleepMode                    build/stm32h7xx_hal.o
HAL_DBGMCU_DisableDBGStandbyMode                  build/stm32h7xx_hal.o
HAL_DBGMCU_DisableDBGStopMode                     build/stm32h7xx_hal.o
HAL_DBGMCU_EnableDBGSleepMode                     build/stm32h7xx_hal.o
HAL_DBGMCU_EnableDBGStandbyMode                   build/stm32h7xx_hal.o
HAL_DBGMCU_EnableDBGStopMode                      build/stm32h7xx_hal.o
HAL_DMAEx_ChangeMemory                            build/stm32h7xx_hal_dma_ex.o
HAL_DMAEx_ConfigMuxRequestGenerator               build/stm32h7xx_hal_dma_ex.o
HAL_DMAEx_ConfigMuxSync                           build/stm32h7xx_hal_dma_ex.o
HAL_DMAEx_DisableMuxRequestGenerator              build/stm32h7xx_hal_dma_ex.o
HAL_DMAEx_EnableMuxRequestGenerator               build/stm32h7xx_hal_dma_ex.o
HAL_DMAEx_MUX_IRQHandler                          build/stm32h7xx_hal_dma_ex.o
HAL_DMAEx_MultiBufferStart                        build/stm32h7xx_hal_dma_ex.o
HAL_DMAEx_MultiBufferStart_IT                     build/stm32h7xx_hal_dma_ex.o
HAL_DMA_Abort                                     build/stm32h7xx_hal_dma.o
                                                  build/stm32h7xx_hal_uart.o
HAL_DMA_Abort_IT                                  build/stm32h7xx_hal_dma.o
                                                  build/stm32h7xx_hal_i2c.o
                                                  build/stm32h7xx_hal_uart.o
HAL_DMA_DeInit                                    build/stm32h7xx_hal_dma.o
HAL_DMA_GetError                                  build/stm32h7xx_hal_dma.o
                                                  build/stm32h7xx_hal_i2c.o
                                                  build/stm32h7xx_hal_uart.o
HAL_DMA_GetState                                  build/stm32h7xx_hal_dma.o
                                                  build/stm32h7xx_hal_i2c.o
HAL_DMA_IRQHandler                                build/stm32h7xx_hal_dma.o
HAL_DMA_Init                                      build/stm32h7xx_hal_dma.o
HAL_DMA_PollForTransfer                           build/stm32h7xx_hal_dma.o
HAL_DMA_RegisterCallback                          build/stm32h7xx_hal_dma.o
HAL_DMA_Start                                     build/stm32h7xx_hal_dma.o
HAL_DMA_Start_IT                                  build/stm32h7xx_hal_dma.o
                                                  build/stm32h7xx_hal_i2c.o
                                                  build/stm32h7xx_hal_uart.o
HAL_DMA_UnRegisterCallback                        build/stm32h7xx_hal_dma.o
HAL_DeInit                                        build/stm32h7xx_hal.o
HAL_Delay                                         build/stm32h7xx_hal.o
                                                  build/main.o
HAL_DisableCompensationCell                       build/stm32h7xx_hal.o
HAL_EXTI_ClearConfigLine                          build/stm32h7xx_hal_exti.o
HAL_EXTI_ClearPending                             build/stm32h7xx_hal_exti.o
HAL_EXTI_D1_ClearFlag                             build/stm32h7xx_hal.o
HAL_EXTI_D1_EventInputConfig                      build/stm32h7xx_hal.o
HAL_EXTI_D3_EventInputConfig                      build/stm32h7xx_hal.o
HAL_EXTI_EdgeConfig                               build/stm32h7xx_hal.o
HAL_EXTI_GenerateSWI                              build/stm32h7xx_hal_exti.o
HAL_EXTI_GenerateSWInterrupt                      build/stm32h7xx_hal.o
HAL_EXTI_GetConfigLine                            build/stm32h7xx_hal_exti.o
HAL_EXTI_GetHandle                                build/stm32h7xx_hal_exti.o
HAL_EXTI_GetPending                               build/stm32h7xx_hal_exti.o
HAL_EXTI_IRQHandler                               build/stm32h7xx_hal_exti.o
HAL_EXTI_RegisterCallback                         build/stm32h7xx_hal_exti.o
HAL_EXTI_SetConfigLine                            build/stm32h7xx_hal_exti.o
HAL_EnableCompensationCell                        build/stm32h7xx_hal.o
HAL_FLASHEx_ComputeCRC                            build/stm32h7xx_hal_flash_ex.o
HAL_FLASHEx_Erase                                 build/stm32h7xx_hal_flash_ex.o
HAL_FLASHEx_Erase_IT                              build/stm32h7xx_hal_flash_ex.o
HAL_FLASHEx_Lock_Bank1                            build/stm32h7xx_hal_flash_ex.o
HAL_FLASHEx_OBGetConfig                           build/stm32h7xx_hal_flash_ex.o
HAL_FLASHEx_OBProgram                             build/stm32h7xx_hal_flash_ex.o
HAL_FLASHEx_Unlock_Bank1                          build/stm32h7xx_hal_flash_ex.o
HAL_FLASH_EndOfOperationCallback                  build/stm32h7xx_hal_flash.o
HAL_FLASH_GetError                                build/stm32h7xx_hal_flash.o
HAL_FLASH_IRQHandler                              build/stm32h7xx_hal_flash.o
HAL_FLASH_Lock                                    build/stm32h7xx_hal_flash.o
HAL_FLASH_OB_Launch                               build/stm32h7xx_hal_flash.o
HAL_FLASH_OB_Lock                                 build/stm32h7xx_hal_flash.o
HAL_FLASH_OB_Unlock                               build/stm32h7xx_hal_flash.o
HAL_FLASH_OperationErrorCallback                  build/stm32h7xx_hal_flash.o
HAL_FLASH_Program                                 build/stm32h7xx_hal_flash.o
HAL_FLASH_Program_IT                              build/stm32h7xx_hal_flash.o
HAL_FLASH_Unlock                                  build/stm32h7xx_hal_flash.o
HAL_GPIO_DeInit                                   build/stm32h7xx_hal_gpio.o
                                                  build/stm32h7xx_hal_msp.o
HAL_GPIO_EXTI_Callback                            build/stm32h7xx_hal_gpio.o
HAL_GPIO_EXTI_IRQHandler                          build/stm32h7xx_hal_gpio.o
HAL_GPIO_Init                                     build/stm32h7xx_hal_gpio.o
                                                  build/stm32h7xx_hal_rcc.o
                                                  build/stm32h7xx_hal_msp.o
                                                  build/main.o
HAL_GPIO_LockPin                                  build/stm32h7xx_hal_gpio.o
HAL_GPIO_ReadPin                                  build/stm32h7xx_hal_gpio.o
HAL_GPIO_TogglePin                                build/stm32h7xx_hal_gpio.o
                                                  build/main.o
HAL_GPIO_WritePin                                 build/stm32h7xx_hal_gpio.o
                                                  build/main.o
HAL_GetCurrentCPUID                               build/stm32h7xx_hal_cortex.o
HAL_GetDEVID                                      build/stm32h7xx_hal.o
HAL_GetFMCMemorySwappingConfig                    build/stm32h7xx_hal.o
HAL_GetHalVersion                                 build/stm32h7xx_hal.o
HAL_GetREVID                                      build/stm32h7xx_hal.o
                                                  build/stm32h7xx_hal_rcc_ex.o
                                                  build/stm32h7xx_hal_rcc.o
HAL_GetTick                                       build/stm32h7xx_hal.o
                                                  build/stm32h7xx_hal_i2c.o
                                                  build/stm32h7xx_hal_pwr_ex.o
                                                  build/stm32h7xx_hal_mdma.o
                                                  build/stm32h7xx_hal_dma.o
                                                  build/stm32h7xx_hal_flash.o
                                                  build/stm32h7xx_hal_rcc_ex.o
                                                  build/stm32h7xx_hal_rcc.o
                                                  build/stm32h7xx_hal_uart_ex.o
                                                  build/stm32h7xx_hal_uart.o
HAL_GetTickFreq                                   build/stm32h7xx_hal.o
HAL_GetTickPrio                                   build/stm32h7xx_hal.o
HAL_GetUIDw0                                      build/stm32h7xx_hal.o
HAL_GetUIDw1                                      build/stm32h7xx_hal.o
HAL_GetUIDw2                                      build/stm32h7xx_hal.o
HAL_HSEM_ActivateNotification                     build/stm32h7xx_hal_hsem.o
HAL_HSEM_DeactivateNotification                   build/stm32h7xx_hal_hsem.o
HAL_HSEM_FastTake                                 build/stm32h7xx_hal_hsem.o
HAL_HSEM_FreeCallback                             build/stm32h7xx_hal_hsem.o
HAL_HSEM_GetClearKey                              build/stm32h7xx_hal_hsem.o
HAL_HSEM_IRQHandler                               build/stm32h7xx_hal_hsem.o
HAL_HSEM_IsSemTaken                               build/stm32h7xx_hal_hsem.o
HAL_HSEM_Release                                  build/stm32h7xx_hal_hsem.o
HAL_HSEM_ReleaseAll                               build/stm32h7xx_hal_hsem.o
HAL_HSEM_SetClearKey                              build/stm32h7xx_hal_hsem.o
HAL_HSEM_Take                                     build/stm32h7xx_hal_hsem.o
HAL_HalfDuplex_EnableReceiver                     build/stm32h7xx_hal_uart.o
HAL_HalfDuplex_EnableTransmitter                  build/stm32h7xx_hal_uart.o
HAL_HalfDuplex_Init                               build/stm32h7xx_hal_uart.o
HAL_I2CEx_ConfigAnalogFilter                      build/stm32h7xx_hal_i2c_ex.o
HAL_I2CEx_ConfigDigitalFilter                     build/stm32h7xx_hal_i2c_ex.o
HAL_I2CEx_DisableFastModePlus                     build/stm32h7xx_hal_i2c_ex.o
HAL_I2CEx_DisableWakeUp                           build/stm32h7xx_hal_i2c_ex.o
HAL_I2CEx_EnableFastModePlus                      build/stm32h7xx_hal_i2c_ex.o
HAL_I2CEx_EnableWakeUp                            build/stm32h7xx_hal_i2c_ex.o
HAL_I2C_AbortCpltCallback                         build/stm32h7xx_hal_i2c.o
HAL_I2C_AddrCallback                              build/stm32h7xx_hal_i2c.o
HAL_I2C_DeInit                                    build/stm32h7xx_hal_i2c.o
HAL_I2C_DisableListen_IT                          build/stm32h7xx_hal_i2c.o
HAL_I2C_ER_IRQHandler                             build/stm32h7xx_hal_i2c.o
HAL_I2C_EV_IRQHandler                             build/stm32h7xx_hal_i2c.o
HAL_I2C_EnableListen_IT                           build/stm32h7xx_hal_i2c.o
HAL_I2C_ErrorCallback                             build/stm32h7xx_hal_i2c.o
HAL_I2C_GetError                                  build/stm32h7xx_hal_i2c.o
HAL_I2C_GetMode                                   build/stm32h7xx_hal_i2c.o
HAL_I2C_GetState                                  build/stm32h7xx_hal_i2c.o
HAL_I2C_Init                                      build/stm32h7xx_hal_i2c.o
HAL_I2C_IsDeviceReady                             build/stm32h7xx_hal_i2c.o
HAL_I2C_ListenCpltCallback                        build/stm32h7xx_hal_i2c.o
HAL_I2C_MasterRxCpltCallback                      build/stm32h7xx_hal_i2c.o
HAL_I2C_MasterTxCpltCallback                      build/stm32h7xx_hal_i2c.o
HAL_I2C_Master_Abort_IT                           build/stm32h7xx_hal_i2c.o
HAL_I2C_Master_Receive                            build/stm32h7xx_hal_i2c.o
HAL_I2C_Master_Receive_DMA                        build/stm32h7xx_hal_i2c.o
HAL_I2C_Master_Receive_IT                         build/stm32h7xx_hal_i2c.o
HAL_I2C_Master_Seq_Receive_DMA                    build/stm32h7xx_hal_i2c.o
HAL_I2C_Master_Seq_Receive_IT                     build/stm32h7xx_hal_i2c.o
HAL_I2C_Master_Seq_Transmit_DMA                   build/stm32h7xx_hal_i2c.o
HAL_I2C_Master_Seq_Transmit_IT                    build/stm32h7xx_hal_i2c.o
HAL_I2C_Master_Transmit                           build/stm32h7xx_hal_i2c.o
HAL_I2C_Master_Transmit_DMA                       build/stm32h7xx_hal_i2c.o
HAL_I2C_Master_Transmit_IT                        build/stm32h7xx_hal_i2c.o
HAL_I2C_MemRxCpltCallback                         build/stm32h7xx_hal_i2c.o
HAL_I2C_MemTxCpltCallback                         build/stm32h7xx_hal_i2c.o
HAL_I2C_Mem_Read                                  build/stm32h7xx_hal_i2c.o
HAL_I2C_Mem_Read_DMA                              build/stm32h7xx_hal_i2c.o
HAL_I2C_Mem_Read_IT                               build/stm32h7xx_hal_i2c.o
HAL_I2C_Mem_Write                                 build/stm32h7xx_hal_i2c.o
HAL_I2C_Mem_Write_DMA                             build/stm32h7xx_hal_i2c.o
HAL_I2C_Mem_Write_IT                              build/stm32h7xx_hal_i2c.o
HAL_I2C_MspDeInit                                 build/stm32h7xx_hal_i2c.o
HAL_I2C_MspInit                                   build/stm32h7xx_hal_i2c.o
HAL_I2C_SlaveRxCpltCallback                       build/stm32h7xx_hal_i2c.o
HAL_I2C_SlaveTxCpltCallback                       build/stm32h7xx_hal_i2c.o
HAL_I2C_Slave_Receive                             build/stm32h7xx_hal_i2c.o
HAL_I2C_Slave_Receive_DMA                         build/stm32h7xx_hal_i2c.o
HAL_I2C_Slave_Receive_IT                          build/stm32h7xx_hal_i2c.o
HAL_I2C_Slave_Seq_Receive_DMA                     build/stm32h7xx_hal_i2c.o
HAL_I2C_Slave_Seq_Receive_IT                      build/stm32h7xx_hal_i2c.o
HAL_I2C_Slave_Seq_Transmit_DMA                    build/stm32h7xx_hal_i2c.o
HAL_I2C_Slave_Seq_Transmit_IT                     build/stm32h7xx_hal_i2c.o
HAL_I2C_Slave_Transmit                            build/stm32h7xx_hal_i2c.o
HAL_I2C_Slave_Transmit_DMA                        build/stm32h7xx_hal_i2c.o
HAL_I2C_Slave_Transmit_IT                         build/stm32h7xx_hal_i2c.o
HAL_IncTick                                       build/stm32h7xx_hal.o
                                                  build/stm32h7xx_it.o
HAL_Init                                          build/stm32h7xx_hal.o
                                                  build/main.o
HAL_InitTick                                      build/stm32h7xx_hal.o
                                                  build/stm32h7xx_hal_rcc.o
HAL_LIN_Init                                      build/stm32h7xx_hal_uart.o
HAL_LIN_SendBreak                                 build/stm32h7xx_hal_uart.o
HAL_MDMA_Abort                                    build/stm32h7xx_hal_mdma.o
HAL_MDMA_Abort_IT                                 build/stm32h7xx_hal_mdma.o
HAL_MDMA_ConfigPostRequestMask                    build/stm32h7xx_hal_mdma.o
HAL_MDMA_DeInit                                   build/stm32h7xx_hal_mdma.o
HAL_MDMA_GenerateSWRequest                        build/stm32h7xx_hal_mdma.o
HAL_MDMA_GetError                                 build/stm32h7xx_hal_mdma.o
HAL_MDMA_GetState                                 build/stm32h7xx_hal_mdma.o
HAL_MDMA_IRQHandler                               build/stm32h7xx_hal_mdma.o
HAL_MDMA_Init                                     build/stm32h7xx_hal_mdma.o
HAL_MDMA_LinkedList_AddNode                       build/stm32h7xx_hal_mdma.o
HAL_MDMA_LinkedList_CreateNode                    build/stm32h7xx_hal_mdma.o
HAL_MDMA_LinkedList_DisableCircularMode           build/stm32h7xx_hal_mdma.o
HAL_MDMA_LinkedList_EnableCircularMode            build/stm32h7xx_hal_mdma.o
HAL_MDMA_LinkedList_RemoveNode                    build/stm32h7xx_hal_mdma.o
HAL_MDMA_PollForTransfer                          build/stm32h7xx_hal_mdma.o
HAL_MDMA_RegisterCallback                         build/stm32h7xx_hal_mdma.o
HAL_MDMA_Start                                    build/stm32h7xx_hal_mdma.o
HAL_MDMA_Start_IT                                 build/stm32h7xx_hal_mdma.o
HAL_MDMA_UnRegisterCallback                       build/stm32h7xx_hal_mdma.o
HAL_MPU_ConfigRegion                              build/stm32h7xx_hal_cortex.o
HAL_MPU_Disable                                   build/stm32h7xx_hal_cortex.o
HAL_MPU_Enable                                    build/stm32h7xx_hal_cortex.o
HAL_MspDeInit                                     build/stm32h7xx_hal.o
HAL_MspInit                                       build/stm32h7xx_hal_msp.o
HAL_MultiProcessorEx_AddressLength_Set            build/stm32h7xx_hal_uart_ex.o
HAL_MultiProcessor_DisableMuteMode                build/stm32h7xx_hal_uart.o
HAL_MultiProcessor_EnableMuteMode                 build/stm32h7xx_hal_uart.o
HAL_MultiProcessor_EnterMuteMode                  build/stm32h7xx_hal_uart.o
HAL_MultiProcessor_Init                           build/stm32h7xx_hal_uart.o
HAL_NVIC_ClearPendingIRQ                          build/stm32h7xx_hal_cortex.o
HAL_NVIC_DisableIRQ                               build/stm32h7xx_hal_cortex.o
HAL_NVIC_EnableIRQ                                build/stm32h7xx_hal_cortex.o
HAL_NVIC_GetActive                                build/stm32h7xx_hal_cortex.o
HAL_NVIC_GetPendingIRQ                            build/stm32h7xx_hal_cortex.o
HAL_NVIC_GetPriority                              build/stm32h7xx_hal_cortex.o
HAL_NVIC_GetPriorityGrouping                      build/stm32h7xx_hal_cortex.o
HAL_NVIC_SetPendingIRQ                            build/stm32h7xx_hal_cortex.o
HAL_NVIC_SetPriority                              build/stm32h7xx_hal_cortex.o
                                                  build/stm32h7xx_hal.o
HAL_NVIC_SetPriorityGrouping                      build/stm32h7xx_hal_cortex.o
                                                  build/stm32h7xx_hal.o
HAL_NVIC_SystemReset                              build/stm32h7xx_hal_cortex.o
HAL_PWREx_AVDCallback                             build/stm32h7xx_hal_pwr_ex.o
HAL_PWREx_ClearPendingEvent                       build/stm32h7xx_hal_pwr_ex.o
HAL_PWREx_ClearWakeupFlag                         build/stm32h7xx_hal_pwr_ex.o
HAL_PWREx_ConfigAVD                               build/stm32h7xx_hal_pwr_ex.o
HAL_PWREx_ConfigD3Domain                          build/stm32h7xx_hal_pwr_ex.o
HAL_PWREx_ConfigSupply                            build/stm32h7xx_hal_pwr_ex.o
                                                  build/main.o
HAL_PWREx_ControlStopModeVoltageScaling           build/stm32h7xx_hal_pwr_ex.o
HAL_PWREx_ControlVoltageScaling                   build/stm32h7xx_hal_pwr_ex.o
HAL_PWREx_DisableAVD                              build/stm32h7xx_hal_pwr_ex.o
HAL_PWREx_DisableBatteryCharging                  build/stm32h7xx_hal_pwr_ex.o
HAL_PWREx_DisableBkUpReg                          build/stm32h7xx_hal_pwr_ex.o
HAL_PWREx_DisableFlashPowerDown                   build/stm32h7xx_hal_pwr_ex.o
HAL_PWREx_DisableMonitoring                       build/stm32h7xx_hal_pwr_ex.o
HAL_PWREx_DisableUSBReg                           build/stm32h7xx_hal_pwr_ex.o
HAL_PWREx_DisableUSBVoltageDetector               build/stm32h7xx_hal_pwr_ex.o
HAL_PWREx_DisableWakeUpPin                        build/stm32h7xx_hal_pwr_ex.o
HAL_PWREx_EnableAVD                               build/stm32h7xx_hal_pwr_ex.o
HAL_PWREx_EnableBatteryCharging                   build/stm32h7xx_hal_pwr_ex.o
HAL_PWREx_EnableBkUpReg                           build/stm32h7xx_hal_pwr_ex.o
HAL_PWREx_EnableFlashPowerDown                    build/stm32h7xx_hal_pwr_ex.o
HAL_PWREx_EnableMonitoring                        build/stm32h7xx_hal_pwr_ex.o
HAL_PWREx_EnableUSBReg                            build/stm32h7xx_hal_pwr_ex.o
HAL_PWREx_EnableUSBVoltageDetector                build/stm32h7xx_hal_pwr_ex.o
HAL_PWREx_EnableWakeUpPin                         build/stm32h7xx_hal_pwr_ex.o
HAL_PWREx_EnterSTANDBYMode                        build/stm32h7xx_hal_pwr_ex.o
HAL_PWREx_EnterSTOPMode                           build/stm32h7xx_hal_pwr_ex.o
HAL_PWREx_GetStopModeVoltageRange                 build/stm32h7xx_hal_pwr_ex.o
HAL_PWREx_GetSupplyConfig                         build/stm32h7xx_hal_pwr_ex.o
HAL_PWREx_GetTemperatureLevel                     build/stm32h7xx_hal_pwr_ex.o
HAL_PWREx_GetVBATLevel                            build/stm32h7xx_hal_pwr_ex.o
HAL_PWREx_GetVoltageRange                         build/stm32h7xx_hal_pwr_ex.o
HAL_PWREx_GetWakeupFlag                           build/stm32h7xx_hal_pwr_ex.o
HAL_PWREx_PVD_AVD_IRQHandler                      build/stm32h7xx_hal_pwr_ex.o
HAL_PWREx_WAKEUP_PIN_IRQHandler                   build/stm32h7xx_hal_pwr_ex.o
HAL_PWREx_WKUP1_Callback                          build/stm32h7xx_hal_pwr_ex.o
HAL_PWREx_WKUP2_Callback                          build/stm32h7xx_hal_pwr_ex.o
HAL_PWREx_WKUP3_Callback                          build/stm32h7xx_hal_pwr_ex.o
HAL_PWREx_WKUP4_Callback                          build/stm32h7xx_hal_pwr_ex.o
HAL_PWREx_WKUP5_Callback                          build/stm32h7xx_hal_pwr_ex.o
HAL_PWREx_WKUP6_Callback                          build/stm32h7xx_hal_pwr_ex.o
HAL_PWR_ConfigPVD                                 build/stm32h7xx_hal_pwr.o
HAL_PWR_DeInit                                    build/stm32h7xx_hal_pwr.o
HAL_PWR_DisableBkUpAccess                         build/stm32h7xx_hal_pwr.o
HAL_PWR_DisablePVD                                build/stm32h7xx_hal_pwr.o
HAL_PWR_DisableSEVOnPend                          build/stm32h7xx_hal_pwr.o
HAL_PWR_DisableSleepOnExit                        build/stm32h7xx_hal_pwr.o
HAL_PWR_DisableWakeUpPin                          build/stm32h7xx_hal_pwr.o
HAL_PWR_EnableBkUpAccess                          build/stm32h7xx_hal_pwr.o
HAL_PWR_EnablePVD                                 build/stm32h7xx_hal_pwr.o
HAL_PWR_EnableSEVOnPend                           build/stm32h7xx_hal_pwr.o
HAL_PWR_EnableSleepOnExit                         build/stm32h7xx_hal_pwr.o
HAL_PWR_EnableWakeUpPin                           build/stm32h7xx_hal_pwr.o
HAL_PWR_EnterSLEEPMode                            build/stm32h7xx_hal_pwr.o
HAL_PWR_EnterSTANDBYMode                          build/stm32h7xx_hal_pwr.o
HAL_PWR_EnterSTOPMode                             build/stm32h7xx_hal_pwr.o
HAL_PWR_PVDCallback                               build/stm32h7xx_hal_pwr.o
                                                  build/stm32h7xx_hal_pwr_ex.o
HAL_PWR_PVD_IRQHandler                            build/stm32h7xx_hal_pwr.o
HAL_RCCEx_CRSConfig                               build/stm32h7xx_hal_rcc_ex.o
HAL_RCCEx_CRSGetSynchronizationInfo               build/stm32h7xx_hal_rcc_ex.o
HAL_RCCEx_CRSSoftwareSynchronizationGenerate      build/stm32h7xx_hal_rcc_ex.o
HAL_RCCEx_CRSWaitSynchronization                  build/stm32h7xx_hal_rcc_ex.o
HAL_RCCEx_CRS_ErrorCallback                       build/stm32h7xx_hal_rcc_ex.o
HAL_RCCEx_CRS_ExpectedSyncCallback                build/stm32h7xx_hal_rcc_ex.o
HAL_RCCEx_CRS_IRQHandler                          build/stm32h7xx_hal_rcc_ex.o
HAL_RCCEx_CRS_SyncOkCallback                      build/stm32h7xx_hal_rcc_ex.o
HAL_RCCEx_CRS_SyncWarnCallback                    build/stm32h7xx_hal_rcc_ex.o
HAL_RCCEx_DisableLSECSS                           build/stm32h7xx_hal_rcc_ex.o
HAL_RCCEx_EnableLSECSS                            build/stm32h7xx_hal_rcc_ex.o
HAL_RCCEx_EnableLSECSS_IT                         build/stm32h7xx_hal_rcc_ex.o
HAL_RCCEx_GetD1PCLK1Freq                          build/stm32h7xx_hal_rcc_ex.o
HAL_RCCEx_GetD1SysClockFreq                       build/stm32h7xx_hal_rcc_ex.o
HAL_RCCEx_GetD3PCLK1Freq                          build/stm32h7xx_hal_rcc_ex.o
                                                  build/stm32h7xx_hal_uart.o
HAL_RCCEx_GetPLL1ClockFreq                        build/stm32h7xx_hal_rcc_ex.o
HAL_RCCEx_GetPLL2ClockFreq                        build/stm32h7xx_hal_rcc_ex.o
                                                  build/stm32h7xx_hal_uart.o
HAL_RCCEx_GetPLL3ClockFreq                        build/stm32h7xx_hal_rcc_ex.o
                                                  build/stm32h7xx_hal_uart.o
HAL_RCCEx_GetPeriphCLKConfig                      build/stm32h7xx_hal_rcc_ex.o
HAL_RCCEx_GetPeriphCLKFreq                        build/stm32h7xx_hal_rcc_ex.o
HAL_RCCEx_KerWakeUpStopCLKConfig                  build/stm32h7xx_hal_rcc_ex.o
HAL_RCCEx_LSECSS_Callback                         build/stm32h7xx_hal_rcc_ex.o
HAL_RCCEx_LSECSS_IRQHandler                       build/stm32h7xx_hal_rcc_ex.o
HAL_RCCEx_PeriphCLKConfig                         build/stm32h7xx_hal_rcc_ex.o
                                                  build/stm32h7xx_hal_msp.o
HAL_RCCEx_WWDGxSysResetConfig                     build/stm32h7xx_hal_rcc_ex.o
HAL_RCCEx_WakeUpStopCLKConfig                     build/stm32h7xx_hal_rcc_ex.o
HAL_RCC_CSSCallback                               build/stm32h7xx_hal_rcc.o
HAL_RCC_ClockConfig                               build/stm32h7xx_hal_rcc.o
                                                  build/main.o
HAL_RCC_DeInit                                    build/stm32h7xx_hal_rcc.o
HAL_RCC_DisableCSS                                build/stm32h7xx_hal_rcc.o
HAL_RCC_EnableCSS                                 build/stm32h7xx_hal_rcc.o
HAL_RCC_GetClockConfig                            build/stm32h7xx_hal_rcc.o
HAL_RCC_GetHCLKFreq                               build/stm32h7xx_hal_rcc.o
                                                  build/stm32h7xx_hal_rcc_ex.o
HAL_RCC_GetOscConfig                              build/stm32h7xx_hal_rcc.o
HAL_RCC_GetPCLK1Freq                              build/stm32h7xx_hal_rcc.o
                                                  build/stm32h7xx_hal_uart.o
HAL_RCC_GetPCLK2Freq                              build/stm32h7xx_hal_rcc.o
                                                  build/stm32h7xx_hal_uart.o
HAL_RCC_GetSysClockFreq                           build/stm32h7xx_hal_rcc.o
                                                  build/stm32h7xx_hal.o
                                                  build/stm32h7xx_hal_rcc_ex.o
HAL_RCC_MCOConfig                                 build/stm32h7xx_hal_rcc.o
HAL_RCC_NMI_IRQHandler                            build/stm32h7xx_hal_rcc.o
HAL_RCC_OscConfig                                 build/stm32h7xx_hal_rcc.o
                                                  build/main.o
HAL_RS485Ex_Init                                  build/stm32h7xx_hal_uart_ex.o
HAL_ResumeTick                                    build/stm32h7xx_hal.o
HAL_SYSCFG_AnalogSwitchConfig                     build/stm32h7xx_hal.o
HAL_SYSCFG_CM7BootAddConfig                       build/stm32h7xx_hal.o
HAL_SYSCFG_CompensationCodeConfig                 build/stm32h7xx_hal.o
HAL_SYSCFG_CompensationCodeSelect                 build/stm32h7xx_hal.o
HAL_SYSCFG_DisableBOOST                           build/stm32h7xx_hal.o
HAL_SYSCFG_DisableIOSpeedOptimize                 build/stm32h7xx_hal.o
HAL_SYSCFG_DisableVREFBUF                         build/stm32h7xx_hal.o
HAL_SYSCFG_ETHInterfaceSelect                     build/stm32h7xx_hal.o
HAL_SYSCFG_EnableBOOST                            build/stm32h7xx_hal.o
HAL_SYSCFG_EnableIOSpeedOptimize                  build/stm32h7xx_hal.o
HAL_SYSCFG_EnableVREFBUF                          build/stm32h7xx_hal.o
HAL_SYSCFG_VREFBUF_HighImpedanceConfig            build/stm32h7xx_hal.o
HAL_SYSCFG_VREFBUF_TrimmingConfig                 build/stm32h7xx_hal.o
HAL_SYSCFG_VREFBUF_VoltageScalingConfig           build/stm32h7xx_hal.o
HAL_SYSTICK_CLKSourceConfig                       build/stm32h7xx_hal_cortex.o
HAL_SYSTICK_Callback                              build/stm32h7xx_hal_cortex.o
HAL_SYSTICK_Config                                build/stm32h7xx_hal_cortex.o
                                                  build/stm32h7xx_hal.o
HAL_SYSTICK_IRQHandler                            build/stm32h7xx_hal_cortex.o
HAL_SetFMCMemorySwappingConfig                    build/stm32h7xx_hal.o
HAL_SetTickFreq                                   build/stm32h7xx_hal.o
HAL_SuspendTick                                   build/stm32h7xx_hal.o
HAL_UARTEx_DisableFifoMode                        build/stm32h7xx_hal_uart_ex.o
                                                  build/main.o
HAL_UARTEx_DisableStopMode                        build/stm32h7xx_hal_uart_ex.o
HAL_UARTEx_EnableFifoMode                         build/stm32h7xx_hal_uart_ex.o
HAL_UARTEx_EnableStopMode                         build/stm32h7xx_hal_uart_ex.o
HAL_UARTEx_ReceiveToIdle                          build/stm32h7xx_hal_uart_ex.o
HAL_UARTEx_ReceiveToIdle_DMA                      build/stm32h7xx_hal_uart_ex.o
HAL_UARTEx_ReceiveToIdle_IT                       build/stm32h7xx_hal_uart_ex.o
HAL_UARTEx_RxEventCallback                        build/stm32h7xx_hal_uart.o
HAL_UARTEx_RxFifoFullCallback                     build/stm32h7xx_hal_uart_ex.o
                                                  build/stm32h7xx_hal_uart.o
HAL_UARTEx_SetRxFifoThreshold                     build/stm32h7xx_hal_uart_ex.o
                                                  build/main.o
HAL_UARTEx_SetTxFifoThreshold                     build/stm32h7xx_hal_uart_ex.o
                                                  build/main.o
HAL_UARTEx_StopModeWakeUpSourceConfig             build/stm32h7xx_hal_uart_ex.o
HAL_UARTEx_TxFifoEmptyCallback                    build/stm32h7xx_hal_uart_ex.o
                                                  build/stm32h7xx_hal_uart.o
HAL_UARTEx_WakeupCallback                         build/stm32h7xx_hal_uart_ex.o
                                                  build/stm32h7xx_hal_uart.o
HAL_UART_Abort                                    build/stm32h7xx_hal_uart.o
HAL_UART_AbortCpltCallback                        build/stm32h7xx_hal_uart.o
HAL_UART_AbortReceive                             build/stm32h7xx_hal_uart.o
HAL_UART_AbortReceiveCpltCallback                 build/stm32h7xx_hal_uart.o
HAL_UART_AbortReceive_IT                          build/stm32h7xx_hal_uart.o
HAL_UART_AbortTransmit                            build/stm32h7xx_hal_uart.o
HAL_UART_AbortTransmitCpltCallback                build/stm32h7xx_hal_uart.o
HAL_UART_AbortTransmit_IT                         build/stm32h7xx_hal_uart.o
HAL_UART_Abort_IT                                 build/stm32h7xx_hal_uart.o
HAL_UART_DMAPause                                 build/stm32h7xx_hal_uart.o
HAL_UART_DMAResume                                build/stm32h7xx_hal_uart.o
HAL_UART_DMAStop                                  build/stm32h7xx_hal_uart.o
HAL_UART_DeInit                                   build/stm32h7xx_hal_uart.o
HAL_UART_DisableReceiverTimeout                   build/stm32h7xx_hal_uart.o
HAL_UART_EnableReceiverTimeout                    build/stm32h7xx_hal_uart.o
HAL_UART_ErrorCallback                            build/stm32h7xx_hal_uart.o
HAL_UART_GetError                                 build/stm32h7xx_hal_uart.o
HAL_UART_GetState                                 build/stm32h7xx_hal_uart.o
HAL_UART_IRQHandler                               build/stm32h7xx_hal_uart.o
HAL_UART_Init                                     build/stm32h7xx_hal_uart.o
                                                  build/main.o
HAL_UART_MspDeInit                                build/stm32h7xx_hal_msp.o
HAL_UART_MspInit                                  build/stm32h7xx_hal_msp.o
                                                  build/stm32h7xx_hal_uart_ex.o
HAL_UART_Receive                                  build/stm32h7xx_hal_uart.o
HAL_UART_Receive_DMA                              build/stm32h7xx_hal_uart.o
HAL_UART_Receive_IT                               build/stm32h7xx_hal_uart.o
HAL_UART_ReceiverTimeout_Config                   build/stm32h7xx_hal_uart.o
HAL_UART_RxCpltCallback                           build/stm32h7xx_hal_uart.o
HAL_UART_RxHalfCpltCallback                       build/stm32h7xx_hal_uart.o
HAL_UART_Transmit                                 build/stm32h7xx_hal_uart.o
                                                  build/main.o
HAL_UART_Transmit_DMA                             build/stm32h7xx_hal_uart.o
HAL_UART_Transmit_IT                              build/stm32h7xx_hal_uart.o
HAL_UART_TxCpltCallback                           build/stm32h7xx_hal_uart.o
HAL_UART_TxHalfCpltCallback                       build/stm32h7xx_hal_uart.o
HASH_RNG_IRQHandler                               build/startup_stm32h750xx.o
HRTIM1_FLT_IRQHandler                             build/startup_stm32h750xx.o
HRTIM1_Master_IRQHandler                          build/startup_stm32h750xx.o
HRTIM1_TIMA_IRQHandler                            build/startup_stm32h750xx.o
HRTIM1_TIMB_IRQHandler                            build/startup_stm32h750xx.o
HRTIM1_TIMC_IRQHandler                            build/startup_stm32h750xx.o
HRTIM1_TIMD_IRQHandler                            build/startup_stm32h750xx.o
HRTIM1_TIME_IRQHandler                            build/startup_stm32h750xx.o
HSEM1_IRQHandler                                  build/startup_stm32h750xx.o
HardFault_Handler                                 build/stm32h7xx_it.o
I2C1_ER_IRQHandler                                build/startup_stm32h750xx.o
I2C1_EV_IRQHandler                                build/startup_stm32h750xx.o
I2C2_ER_IRQHandler                                build/startup_stm32h750xx.o
I2C2_EV_IRQHandler                                build/startup_stm32h750xx.o
I2C3_ER_IRQHandler                                build/startup_stm32h750xx.o
I2C3_EV_IRQHandler                                build/startup_stm32h750xx.o
I2C4_ER_IRQHandler                                build/startup_stm32h750xx.o
I2C4_EV_IRQHandler                                build/startup_stm32h750xx.o
JPEG_IRQHandler                                   build/startup_stm32h750xx.o
LPTIM1_IRQHandler                                 build/startup_stm32h750xx.o
LPTIM2_IRQHandler                                 build/startup_stm32h750xx.o
LPTIM3_IRQHandler                                 build/startup_stm32h750xx.o
LPTIM4_IRQHandler                                 build/startup_stm32h750xx.o
LPTIM5_IRQHandler                                 build/startup_stm32h750xx.o
LPUART1_IRQHandler                                build/startup_stm32h750xx.o
LTDC_ER_IRQHandler                                build/startup_stm32h750xx.o
LTDC_IRQHandler                                   build/startup_stm32h750xx.o
MDIOS_IRQHandler                                  build/startup_stm32h750xx.o
MDIOS_WKUP_IRQHandler                             build/startup_stm32h750xx.o
MDMA_IRQHandler                                   build/startup_stm32h750xx.o
MemManage_Handler                                 build/stm32h7xx_it.o
NMI_Handler                                       build/stm32h7xx_it.o
OTG_FS_EP1_IN_IRQHandler                          build/startup_stm32h750xx.o
OTG_FS_EP1_OUT_IRQHandler                         build/startup_stm32h750xx.o
OTG_FS_IRQHandler                                 build/startup_stm32h750xx.o
OTG_FS_WKUP_IRQHandler                            build/startup_stm32h750xx.o
OTG_HS_EP1_IN_IRQHandler                          build/startup_stm32h750xx.o
OTG_HS_EP1_OUT_IRQHandler                         build/startup_stm32h750xx.o
OTG_HS_IRQHandler                                 build/startup_stm32h750xx.o
OTG_HS_WKUP_IRQHandler                            build/startup_stm32h750xx.o
PVD_AVD_IRQHandler                                build/startup_stm32h750xx.o
PendSV_Handler                                    build/stm32h7xx_it.o
QUADSPI_IRQHandler                                build/startup_stm32h750xx.o
RCC_IRQHandler                                    build/startup_stm32h750xx.o
RTC_Alarm_IRQHandler                              build/startup_stm32h750xx.o
RTC_WKUP_IRQHandler                               build/startup_stm32h750xx.o
Reset_Handler                                     build/startup_stm32h750xx.o
SAI1_IRQHandler                                   build/startup_stm32h750xx.o
SAI2_IRQHandler                                   build/startup_stm32h750xx.o
SAI3_IRQHandler                                   build/startup_stm32h750xx.o
SAI4_IRQHandler                                   build/startup_stm32h750xx.o
SDMMC1_IRQHandler                                 build/startup_stm32h750xx.o
SDMMC2_IRQHandler                                 build/startup_stm32h750xx.o
SPDIF_RX_IRQHandler                               build/startup_stm32h750xx.o
SPI1_IRQHandler                                   build/startup_stm32h750xx.o
SPI2_IRQHandler                                   build/startup_stm32h750xx.o
SPI3_IRQHandler                                   build/startup_stm32h750xx.o
SPI4_IRQHandler                                   build/startup_stm32h750xx.o
SPI5_IRQHandler                                   build/startup_stm32h750xx.o
SPI6_IRQHandler                                   build/startup_stm32h750xx.o
SVC_Handler                                       build/stm32h7xx_it.o
SWPMI1_IRQHandler                                 build/startup_stm32h750xx.o
SysTick_Handler                                   build/stm32h7xx_it.o
SystemClock_Config                                build/main.o
SystemCoreClock                                   build/system_stm32h7xx.o
                                                  build/stm32h7xx_hal.o
                                                  build/stm32h7xx_hal_mdma.o
                                                  build/stm32h7xx_hal_dma.o
                                                  build/stm32h7xx_hal_rcc_ex.o
                                                  build/stm32h7xx_hal_rcc.o
SystemCoreClockUpdate                             build/system_stm32h7xx.o
SystemD2Clock                                     build/system_stm32h7xx.o
                                                  build/stm32h7xx_hal.o
                                                  build/stm32h7xx_hal_rcc_ex.o
                                                  build/stm32h7xx_hal_rcc.o
SystemInit                                        build/system_stm32h7xx.o
                                                  build/startup_stm32h750xx.o
TAMP_STAMP_IRQHandler                             build/startup_stm32h750xx.o
TIM15_IRQHandler                                  build/startup_stm32h750xx.o
TIM16_IRQHandler                                  build/startup_stm32h750xx.o
TIM17_IRQHandler                                  build/startup_stm32h750xx.o
TIM1_BRK_IRQHandler                               build/startup_stm32h750xx.o
TIM1_CC_IRQHandler                                build/startup_stm32h750xx.o
TIM1_TRG_COM_IRQHandler                           build/startup_stm32h750xx.o
TIM1_UP_IRQHandler                                build/startup_stm32h750xx.o
TIM2_IRQHandler                                   build/startup_stm32h750xx.o
TIM3_IRQHandler                                   build/startup_stm32h750xx.o
TIM4_IRQHandler                                   build/startup_stm32h750xx.o
TIM5_IRQHandler                                   build/startup_stm32h750xx.o
TIM6_DAC_IRQHandler                               build/startup_stm32h750xx.o
TIM7_IRQHandler                                   build/startup_stm32h750xx.o
TIM8_BRK_TIM12_IRQHandler                         build/startup_stm32h750xx.o
TIM8_CC_IRQHandler                                build/startup_stm32h750xx.o
TIM8_TRG_COM_TIM14_IRQHandler                     build/startup_stm32h750xx.o
TIM8_UP_TIM13_IRQHandler                          build/startup_stm32h750xx.o
UART4_IRQHandler                                  build/startup_stm32h750xx.o
UART5_IRQHandler                                  build/startup_stm32h750xx.o
UART7_IRQHandler                                  build/startup_stm32h750xx.o
UART8_IRQHandler                                  build/startup_stm32h750xx.o
UARTPrescTable                                    build/stm32h7xx_hal_uart.o
UART_AdvFeatureConfig                             build/stm32h7xx_hal_uart.o
                                                  build/stm32h7xx_hal_uart_ex.o
UART_CheckIdleState                               build/stm32h7xx_hal_uart.o
                                                  build/stm32h7xx_hal_uart_ex.o
UART_SetConfig                                    build/stm32h7xx_hal_uart.o
                                                  build/stm32h7xx_hal_uart_ex.o
UART_Start_Receive_DMA                            build/stm32h7xx_hal_uart.o
                                                  build/stm32h7xx_hal_uart_ex.o
UART_Start_Receive_IT                             build/stm32h7xx_hal_uart.o
                                                  build/stm32h7xx_hal_uart_ex.o
UART_WaitOnFlagUntilTimeout                       build/stm32h7xx_hal_uart.o
                                                  build/stm32h7xx_hal_uart_ex.o
USART1_IRQHandler                                 build/startup_stm32h750xx.o
USART2_IRQHandler                                 build/startup_stm32h750xx.o
USART3_IRQHandler                                 build/startup_stm32h750xx.o
USART6_IRQHandler                                 build/startup_stm32h750xx.o
UsageFault_Handler                                build/stm32h7xx_it.o
WAKEUP_PIN_IRQHandler                             build/startup_stm32h750xx.o
WWDG_IRQHandler                                   build/startup_stm32h750xx.o
_Jv_RegisterClasses                               i:/mcu/gnu_tools_arm/bin/../lib/gcc/arm-none-eabi/5.4.1/armv7e-m/fpu/fpv5-d16/crtbegin.o
__aeabi_idiv0                                     i:/mcu/gnu_tools_arm/bin/../lib/gcc/arm-none-eabi/5.4.1/armv7e-m/fpu/fpv5-d16\libgcc.a(_dvmd_tls.o)
__aeabi_ldiv0                                     i:/mcu/gnu_tools_arm/bin/../lib/gcc/arm-none-eabi/5.4.1/armv7e-m/fpu/fpv5-d16\libgcc.a(_dvmd_tls.o)
                                                  i:/mcu/gnu_tools_arm/bin/../lib/gcc/arm-none-eabi/5.4.1/armv7e-m/fpu/fpv5-d16\libgcc.a(_aeabi_uldivmod.o)
__aeabi_uldivmod                                  i:/mcu/gnu_tools_arm/bin/../lib/gcc/arm-none-eabi/5.4.1/armv7e-m/fpu/fpv5-d16\libgcc.a(_aeabi_uldivmod.o)
                                                  build/stm32h7xx_hal_uart.o
__bss_end__                                       i:/mcu/gnu_tools_arm/bin/../lib/gcc/arm-none-eabi/5.4.1/../../../../arm-none-eabi/lib/armv7e-m/fpu/fpv5-d16/crt0.o
__bss_start__                                     i:/mcu/gnu_tools_arm/bin/../lib/gcc/arm-none-eabi/5.4.1/../../../../arm-none-eabi/lib/armv7e-m/fpu/fpv5-d16/crt0.o
__call_exitprocs                                  i:/mcu/gnu_tools_arm/bin/../lib/gcc/arm-none-eabi/5.4.1/../../../../arm-none-eabi/lib/armv7e-m/fpu/fpv5-d16\libc.a(lib_a-__call_atexit.o)
                                                  i:/mcu/gnu_tools_arm/bin/../lib/gcc/arm-none-eabi/5.4.1/../../../../arm-none-eabi/lib/armv7e-m/fpu/fpv5-d16\libc.a(lib_a-exit.o)
__deregister_frame_info                           i:/mcu/gnu_tools_arm/bin/../lib/gcc/arm-none-eabi/5.4.1/armv7e-m/fpu/fpv5-d16/crtbegin.o
__dso_handle                                      i:/mcu/gnu_tools_arm/bin/../lib/gcc/arm-none-eabi/5.4.1/armv7e-m/fpu/fpv5-d16/crtbegin.o
__fini_array_end                                  i:/mcu/gnu_tools_arm/bin/../lib/gcc/arm-none-eabi/5.4.1/../../../../arm-none-eabi/lib/armv7e-m/fpu/fpv5-d16\libc.a(lib_a-fini.o)
__fini_array_start                                i:/mcu/gnu_tools_arm/bin/../lib/gcc/arm-none-eabi/5.4.1/../../../../arm-none-eabi/lib/armv7e-m/fpu/fpv5-d16\libc.a(lib_a-fini.o)
__init_array_end                                  i:/mcu/gnu_tools_arm/bin/../lib/gcc/arm-none-eabi/5.4.1/../../../../arm-none-eabi/lib/armv7e-m/fpu/fpv5-d16\libc.a(lib_a-init.o)
__init_array_start                                i:/mcu/gnu_tools_arm/bin/../lib/gcc/arm-none-eabi/5.4.1/../../../../arm-none-eabi/lib/armv7e-m/fpu/fpv5-d16\libc.a(lib_a-init.o)
__libc_fini                                       i:/mcu/gnu_tools_arm/bin/../lib/gcc/arm-none-eabi/5.4.1/../../../../arm-none-eabi/lib/armv7e-m/fpu/fpv5-d16\libc.a(lib_a-__call_atexit.o)
__libc_fini_array                                 i:/mcu/gnu_tools_arm/bin/../lib/gcc/arm-none-eabi/5.4.1/../../../../arm-none-eabi/lib/armv7e-m/fpu/fpv5-d16\libc.a(lib_a-fini.o)
                                                  i:/mcu/gnu_tools_arm/bin/../lib/gcc/arm-none-eabi/5.4.1/../../../../arm-none-eabi/lib/armv7e-m/fpu/fpv5-d16\libc.a(lib_a-__call_atexit.o)
                                                  i:/mcu/gnu_tools_arm/bin/../lib/gcc/arm-none-eabi/5.4.1/../../../../arm-none-eabi/lib/armv7e-m/fpu/fpv5-d16/crt0.o
__libc_init_array                                 i:/mcu/gnu_tools_arm/bin/../lib/gcc/arm-none-eabi/5.4.1/../../../../arm-none-eabi/lib/armv7e-m/fpu/fpv5-d16\libc.a(lib_a-init.o)
                                                  build/startup_stm32h750xx.o
                                                  i:/mcu/gnu_tools_arm/bin/../lib/gcc/arm-none-eabi/5.4.1/../../../../arm-none-eabi/lib/armv7e-m/fpu/fpv5-d16/crt0.o
__preinit_array_end                               i:/mcu/gnu_tools_arm/bin/../lib/gcc/arm-none-eabi/5.4.1/../../../../arm-none-eabi/lib/armv7e-m/fpu/fpv5-d16\libc.a(lib_a-init.o)
__preinit_array_start                             i:/mcu/gnu_tools_arm/bin/../lib/gcc/arm-none-eabi/5.4.1/../../../../arm-none-eabi/lib/armv7e-m/fpu/fpv5-d16\libc.a(lib_a-init.o)
__register_exitproc                               i:/mcu/gnu_tools_arm/bin/../lib/gcc/arm-none-eabi/5.4.1/../../../../arm-none-eabi/lib/armv7e-m/fpu/fpv5-d16\libc.a(lib_a-__atexit.o)
                                                  i:/mcu/gnu_tools_arm/bin/../lib/gcc/arm-none-eabi/5.4.1/../../../../arm-none-eabi/lib/armv7e-m/fpu/fpv5-d16\libc.a(lib_a-atexit.o)
__register_frame_info                             i:/mcu/gnu_tools_arm/bin/../lib/gcc/arm-none-eabi/5.4.1/armv7e-m/fpu/fpv5-d16/crtbegin.o
__stack                                           i:/mcu/gnu_tools_arm/bin/../lib/gcc/arm-none-eabi/5.4.1/../../../../arm-none-eabi/lib/armv7e-m/fpu/fpv5-d16/crt0.o
__udivmoddi4                                      i:/mcu/gnu_tools_arm/bin/../lib/gcc/arm-none-eabi/5.4.1/armv7e-m/fpu/fpv5-d16\libgcc.a(_udivmoddi4.o)
                                                  i:/mcu/gnu_tools_arm/bin/../lib/gcc/arm-none-eabi/5.4.1/armv7e-m/fpu/fpv5-d16\libgcc.a(_aeabi_uldivmod.o)
_ebss                                             build/startup_stm32h750xx.o
_edata                                            build/startup_stm32h750xx.o
_estack                                           build/startup_stm32h750xx.o
_exit                                             i:/mcu/gnu_tools_arm/bin/../lib/gcc/arm-none-eabi/5.4.1/../../../../arm-none-eabi/lib/armv7e-m/fpu/fpv5-d16\libnosys.a(_exit.o)
                                                  i:/mcu/gnu_tools_arm/bin/../lib/gcc/arm-none-eabi/5.4.1/../../../../arm-none-eabi/lib/armv7e-m/fpu/fpv5-d16\libc.a(lib_a-exit.o)
_fini                                             i:/mcu/gnu_tools_arm/bin/../lib/gcc/arm-none-eabi/5.4.1/armv7e-m/fpu/fpv5-d16/crti.o
                                                  i:/mcu/gnu_tools_arm/bin/../lib/gcc/arm-none-eabi/5.4.1/../../../../arm-none-eabi/lib/armv7e-m/fpu/fpv5-d16\libc.a(lib_a-fini.o)
_global_impure_ptr                                i:/mcu/gnu_tools_arm/bin/../lib/gcc/arm-none-eabi/5.4.1/../../../../arm-none-eabi/lib/armv7e-m/fpu/fpv5-d16\libc.a(lib_a-impure.o)