Archive member included to satisfy reference by file (symbol)

i:/mcu/gnu_tools_arm/bin/../lib/gcc/arm-none-eabi/5.4.1/../../../../arm-none-eabi/lib/armv7e-m/fpu/fpv5-d16\libc.a(lib_a-aeabi_atexit.o)
                              build/main.o (__aeabi_atexit)
i:/mcu/gnu_tools_arm/bin/../lib/gcc/arm-none-eabi/5.4.1/../../../../arm-none-eabi/lib/armv7e-m/fpu/fpv5-d16\libc.a(lib_a-cxa_atexit.o)
                              i:/mcu/gnu_tools_arm/bin/../lib/gcc/arm-none-eabi/5.4.1/../../../../arm-none-eabi/lib/armv7e-m/fpu/fpv5-d16\libc.a(lib_a-aeabi_atexit.o) (__cxa_atexit)
i:/mcu/gnu_tools_arm/bin/../lib/gcc/arm-none-eabi/5.4.1/../../../../arm-none-eabi/lib/armv7e-m/fpu/fpv5-d16\libc.a(lib_a-exit.o)
                              i:/mcu/gnu_tools_arm/bin/../lib/gcc/arm-none-eabi/5.4.1/../../../../arm-none-eabi/lib/armv7e-m/fpu/fpv5-d16/crt0.o (exit)
i:/mcu/gnu_tools_arm/bin/../lib/gcc/arm-none-eabi/5.4.1/../../../../arm-none-eabi/lib/armv7e-m/fpu/fpv5-d16\libc.a(lib_a-impure.o)
                              i:/mcu/gnu_tools_arm/bin/../lib/gcc/arm-none-eabi/5.4.1/../../../../arm-none-eabi/lib/armv7e-m/fpu/fpv5-d16\libc.a(lib_a-exit.o) (_global_impure_ptr)
i:/mcu/gnu_tools_arm/bin/../lib/gcc/arm-none-eabi/5.4.1/../../../../arm-none-eabi/lib/armv7e-m/fpu/fpv5-d16\libc.a(lib_a-init.o)
                              i:/mcu/gnu_tools_arm/bin/../lib/gcc/arm-none-eabi/5.4.1/../../../../arm-none-eabi/lib/armv7e-m/fpu/fpv5-d16/crt0.o (__libc_init_array)
i:/mcu/gnu_tools_arm/bin/../lib/gcc/arm-none-eabi/5.4.1/../../../../arm-none-eabi/lib/armv7e-m/fpu/fpv5-d16\libc.a(lib_a-memset.o)
                              i:/mcu/gnu_tools_arm/bin/../lib/gcc/arm-none-eabi/5.4.1/../../../../arm-none-eabi/lib/armv7e-m/fpu/fpv5-d16/crt0.o (memset)
i:/mcu/gnu_tools_arm/bin/../lib/gcc/arm-none-eabi/5.4.1/../../../../arm-none-eabi/lib/armv7e-m/fpu/fpv5-d16\libc.a(lib_a-__atexit.o)
                              i:/mcu/gnu_tools_arm/bin/../lib/gcc/arm-none-eabi/5.4.1/../../../../arm-none-eabi/lib/armv7e-m/fpu/fpv5-d16\libc.a(lib_a-cxa_atexit.o) (__register_exitproc)
i:/mcu/gnu_tools_arm/bin/../lib/gcc/arm-none-eabi/5.4.1/../../../../arm-none-eabi/lib/armv7e-m/fpu/fpv5-d16\libc.a(lib_a-__call_atexit.o)
                              i:/mcu/gnu_tools_arm/bin/../lib/gcc/arm-none-eabi/5.4.1/../../../../arm-none-eabi/lib/armv7e-m/fpu/fpv5-d16\libc.a(lib_a-exit.o) (__call_exitprocs)
i:/mcu/gnu_tools_arm/bin/../lib/gcc/arm-none-eabi/5.4.1/../../../../arm-none-eabi/lib/armv7e-m/fpu/fpv5-d16\libc.a(lib_a-atexit.o)
                              i:/mcu/gnu_tools_arm/bin/../lib/gcc/arm-none-eabi/5.4.1/../../../../arm-none-eabi/lib/armv7e-m/fpu/fpv5-d16\libc.a(lib_a-__call_atexit.o) (atexit)
i:/mcu/gnu_tools_arm/bin/../lib/gcc/arm-none-eabi/5.4.1/../../../../arm-none-eabi/lib/armv7e-m/fpu/fpv5-d16\libc.a(lib_a-fini.o)
                              i:/mcu/gnu_tools_arm/bin/../lib/gcc/arm-none-eabi/5.4.1/../../../../arm-none-eabi/lib/armv7e-m/fpu/fpv5-d16\libc.a(lib_a-__call_atexit.o) (__libc_fini_array)
i:/mcu/gnu_tools_arm/bin/../lib/gcc/arm-none-eabi/5.4.1/../../../../arm-none-eabi/lib/armv7e-m/fpu/fpv5-d16\libnosys.a(_exit.o)
                              i:/mcu/gnu_tools_arm/bin/../lib/gcc/arm-none-eabi/5.4.1/../../../../arm-none-eabi/lib/armv7e-m/fpu/fpv5-d16\libc.a(lib_a-exit.o) (_exit)
i:/mcu/gnu_tools_arm/bin/../lib/gcc/arm-none-eabi/5.4.1/armv7e-m/fpu/fpv5-d16\libgcc.a(unwind-arm.o)
                              build/w25q64.o (__aeabi_unwind_cpp_pr1)
i:/mcu/gnu_tools_arm/bin/../lib/gcc/arm-none-eabi/5.4.1/armv7e-m/fpu/fpv5-d16\libgcc.a(libunwind.o)
                              i:/mcu/gnu_tools_arm/bin/../lib/gcc/arm-none-eabi/5.4.1/armv7e-m/fpu/fpv5-d16\libgcc.a(unwind-arm.o) (restore_core_regs)
i:/mcu/gnu_tools_arm/bin/../lib/gcc/arm-none-eabi/5.4.1/armv7e-m/fpu/fpv5-d16\libgcc.a(pr-support.o)
                              i:/mcu/gnu_tools_arm/bin/../lib/gcc/arm-none-eabi/5.4.1/armv7e-m/fpu/fpv5-d16\libgcc.a(unwind-arm.o) (__gnu_unwind_execute)
i:/mcu/gnu_tools_arm/bin/../lib/gcc/arm-none-eabi/5.4.1/../../../../arm-none-eabi/lib/armv7e-m/fpu/fpv5-d16\libc.a(lib_a-abort.o)
                              i:/mcu/gnu_tools_arm/bin/../lib/gcc/arm-none-eabi/5.4.1/armv7e-m/fpu/fpv5-d16\libgcc.a(unwind-arm.o) (abort)
i:/mcu/gnu_tools_arm/bin/../lib/gcc/arm-none-eabi/5.4.1/../../../../arm-none-eabi/lib/armv7e-m/fpu/fpv5-d16\libc.a(lib_a-memcpy.o)
                              i:/mcu/gnu_tools_arm/bin/../lib/gcc/arm-none-eabi/5.4.1/armv7e-m/fpu/fpv5-d16\libgcc.a(unwind-arm.o) (memcpy)
i:/mcu/gnu_tools_arm/bin/../lib/gcc/arm-none-eabi/5.4.1/../../../../arm-none-eabi/lib/armv7e-m/fpu/fpv5-d16\libc.a(lib_a-signal.o)
                              i:/mcu/gnu_tools_arm/bin/../lib/gcc/arm-none-eabi/5.4.1/../../../../arm-none-eabi/lib/armv7e-m/fpu/fpv5-d16\libc.a(lib_a-abort.o) (raise)
i:/mcu/gnu_tools_arm/bin/../lib/gcc/arm-none-eabi/5.4.1/../../../../arm-none-eabi/lib/armv7e-m/fpu/fpv5-d16\libc.a(lib_a-signalr.o)
[...]
Memory Configuration

Name             Origin             Length             Attributes
DTCMRAM          0x20000000         0x00020000         xrw
RAM_D1           0x24000000         0x00080000         xrw
RAM_D2           0x30000000         0x00048000         xrw
RAM_D3           0x38000000         0x00010000         xrw
ITCMRAM          0x00000000         0x00010000         xrw
FLASH            0x08000000         0x00020000         xr
*default*        0x00000000         0xffffffff

Linker script and memory map

LOAD i:/mcu/gnu_tools_arm/bin/../lib/gcc/arm-none-eabi/5.4.1/armv7e-m/fpu/fpv5-d16/crti.o
LOAD i:/mcu/gnu_tools_arm/bin/../lib/gcc/arm-none-eabi/5.4.1/armv7e-m/fpu/fpv5-d16/crtbegin.o
LOAD i:/mcu/gnu_tools_arm/bin/../lib/gcc/arm-none-eabi/5.4.1/../../../../arm-none-eabi/lib/armv7e-m/fpu/fpv5-d16/crt0.o
LOAD build/stm32h7xx_it.o
LOAD build/stm32h7xx_hal_msp.o
LOAD build/stm32h7xx_hal_cortex.o
LOAD build/stm32h7xx_hal_qspi.o
LOAD build/stm32h7xx_hal_rcc.o
LOAD build/stm32h7xx_hal_rcc_ex.o
LOAD build/stm32h7xx_hal_flash.o
LOAD build/stm32h7xx_hal_flash_ex.o
LOAD build/stm32h7xx_hal_gpio.o
LOAD build/stm32h7xx_hal_hsem.o
LOAD build/stm32h7xx_hal_dma.o
LOAD build/stm32h7xx_hal_dma_ex.o
LOAD build/stm32h7xx_hal_mdma.o
LOAD build/stm32h7xx_hal_pwr.o
LOAD build/stm32h7xx_hal_pwr_ex.o
LOAD build/stm32h7xx_hal.o
LOAD build/stm32h7xx_hal_exti.o
LOAD build/stm32h7xx_hal_tim.o
LOAD build/stm32h7xx_hal_tim_ex.o
LOAD build/system_stm32h7xx.o
LOAD build/stm32h7xx_hal_i2c.o
LOAD build/stm32h7xx_hal_i2c_ex.o
LOAD build/startup_stm32h750xx.o
LOAD build/w25q64.o
LOAD build/main.o
LOAD i:/mcu/gnu_tools_arm/bin/../lib/gcc/arm-none-eabi/5.4.1/../../../../arm-none-eabi/lib/armv7e-m/fpu/fpv5-d16\libc.a
LOAD i:/mcu/gnu_tools_arm/bin/../lib/gcc/arm-none-eabi/5.4.1/../../../../arm-none-eabi/lib/armv7e-m/fpu/fpv5-d16\libm.a
LOAD i:/mcu/gnu_tools_arm/bin/../lib/gcc/arm-none-eabi/5.4.1/../../../../arm-none-eabi/lib/armv7e-m/fpu/fpv5-d16\libnosys.a
START GROUP
LOAD i:/mcu/gnu_tools_arm/bin/../lib/gcc/arm-none-eabi/5.4.1/armv7e-m/fpu/fpv5-d16\libgcc.a
LOAD i:/mcu/gnu_tools_arm/bin/../lib/gcc/arm-none-eabi/5.4.1/../../../../arm-none-eabi/lib/armv7e-m/fpu/fpv5-d16\libc.a
END GROUP
START GROUP
LOAD i:/mcu/gnu_tools_arm/bin/../lib/gcc/arm-none-eabi/5.4.1/armv7e-m/fpu/fpv5-d16\libgcc.a
LOAD i:/mcu/gnu_tools_arm/bin/../lib/gcc/arm-none-eabi/5.4.1/../../../../arm-none-eabi/lib/armv7e-m/fpu/fpv5-d16\libc.a
LOAD i:/mcu/gnu_tools_arm/bin/../lib/gcc/arm-none-eabi/5.4.1/../../../../arm-none-eabi/lib/armv7e-m/fpu/fpv5-d16\libnosys.a
END GROUP
LOAD i:/mcu/gnu_tools_arm/bin/../lib/gcc/arm-none-eabi/5.4.1/armv7e-m/fpu/fpv5-d16/crtend.o
LOAD i:/mcu/gnu_tools_arm/bin/../lib/gcc/arm-none-eabi/5.4.1/armv7e-m/fpu/fpv5-d16/crtn.o
                0x2407ffff                _estack = ((ORIGIN (RAM_D1) + LENGTH (RAM_D1)) - 0x1)
                0x00000200                _Min_Heap_Size = 0x200
                0x00000400                _Min_Stack_Size = 0x400

.isr_vector     0x08000000      0x298
                0x08000000                . = ALIGN (0x4)
 *(.isr_vector)
 .isr_vector    0x08000000      0x298 build/startup_stm32h750xx.o
                0x08000000                g_pfnVectors
                0x08000298                . = ALIGN (0x4)

.text           0x08000298     0x54c0
                0x08000298                . = ALIGN (0x4)
 *(.text)
 .text          0x08000298       0x5c i:/mcu/gnu_tools_arm/bin/../lib/gcc/arm-none-eabi/5.4.1/armv7e-m/fpu/fpv5-d16/crtbegin.o
 .text          0x080002f4      0x9dc i:/mcu/gnu_tools_arm/bin/../lib/gcc/arm-none-eabi/5.4.1/armv7e-m/fpu/fpv5-d16\libgcc.a(unwind-arm.o)
                0x080005b0                _Unwind_GetCFA
                0x080005b4                __gnu_Unwind_RaiseException
                0x08000614                __gnu_Unwind_ForcedUnwind
                0x08000628                __gnu_Unwind_Resume
                0x0800066c                __gnu_Unwind_Resume_or_Rethrow
                0x0800067c                _Unwind_Complete
                0x08000680                _Unwind_DeleteException
                0x0800068c                _Unwind_VRS_Get
                0x080006d8                _Unwind_VRS_Set
                0x08000728                __gnu_Unwind_Backtrace
                0x08000a74                __aeabi_unwind_cpp_pr0
                0x08000a78                __aeabi_unwind_cpp_pr1
                0x08000a7c                __aeabi_unwind_cpp_pr2
                0x08000a80                _Unwind_VRS_Pop
 .text          0x08000cd0      0x1ac i:/mcu/gnu_tools_arm/bin/../lib/gcc/arm-none-eabi/5.4.1/armv7e-m/fpu/fpv5-d16\libgcc.a(libunwind.o)
                0x08000cd0                __restore_core_regs
                0x08000cd0                restore_core_regs
                0x08000ce8                __gnu_Unwind_Restore_VFP
                0x08000cf0                __gnu_Unwind_Save_VFP
                0x08000cf8                __gnu_Unwind_Restore_VFP_D
                0x08000d00                __gnu_Unwind_Save_VFP_D
                0x08000d08                __gnu_Unwind_Restore_VFP_D_16_to_31
                0x08000d10                __gnu_Unwind_Save_VFP_D_16_to_31
                0x08000d18                __gnu_Unwind_Restore_WMMXD
                0x08000d5c                __gnu_Unwind_Save_WMMXD
                0x08000da0                __gnu_Unwind_Restore_WMMXC
                0x08000db4                __gnu_Unwind_Save_WMMXC
                0x08000dc8                ___Unwind_RaiseException
                0x08000dc8                _Unwind_RaiseException
                0x08000dec                _Unwind_Resume
                0x08000dec                ___Unwind_Resume
                0x08000e10                _Unwind_Resume_or_Rethrow
                0x08000e10                ___Unwind_Resume_or_Rethrow
                0x08000e34                _Unwind_ForcedUnwind
                0x08000e34                ___Unwind_ForcedUnwind
                0x08000e58                ___Unwind_Backtrace
                0x08000e58                _Unwind_Backtrace
 .text          0x08000e7c      0x354 i:/mcu/gnu_tools_arm/bin/../lib/gcc/arm-none-eabi/5.4.1/armv7e-m/fpu/fpv5-d16\libgcc.a(pr-support.o)
                0x08000ed4                __gnu_unwind_execute
                0x08001178                __gnu_unwind_frame
                0x080011a0                _Unwind_GetRegionStart
                0x080011ac                _Unwind_GetLanguageSpecificData
                0x080011c0                _Unwind_GetTextRelBase
                0x080011c8                _Unwind_GetDataRelBase
 .text          0x080011d0      0x134 i:/mcu/gnu_tools_arm/bin/../lib/gcc/arm-none-eabi/5.4.1/../../../../arm-none-eabi/lib/armv7e-m/fpu/fpv5-d16\libc.a(lib_a-memcpy.o)
                0x080011d0                memcpy
 *(.text*)
 .text.NMI_Handler
                0x08001304        0x8 build/stm32h7xx_it.o
                0x08001304                NMI_Handler
 .text.HardFault_Handler
                0x0800130c        0x8 build/stm32h7xx_it.o
                0x0800130c                HardFault_Handler
 .text.MemManage_Handler
                0x08001314        0x8 build/stm32h7xx_it.o
                0x08001314                MemManage_Handler
 .text.BusFault_Handler
                0x0800131c        0x8 build/stm32h7xx_it.o
                0x0800131c                BusFault_Handler
 .text.UsageFault_Handler
                0x08001324        0x8 build/stm32h7xx_it.o
                0x08001324                UsageFault_Handler
 .text.SVC_Handler
                0x0800132c       0x10 build/stm32h7xx_it.o
                0x0800132c                SVC_Handler
 .text.DebugMon_Handler
                0x0800133c       0x10 build/stm32h7xx_it.o
                0x0800133c                DebugMon_Handler
 .text.PendSV_Handler
                0x0800134c       0x10 build/stm32h7xx_it.o
                0x0800134c                PendSV_Handler
 .text.SysTick_Handler
                0x0800135c        0xc build/stm32h7xx_it.o
                0x0800135c                SysTick_Handler
 .text.HAL_MspInit
                0x08001368       0x34 build/stm32h7xx_hal_msp.o
                0x08001368                HAL_MspInit
 .text.HAL_QSPI_MspInit
                0x0800139c      0x190 build/stm32h7xx_hal_msp.o
                0x0800139c                HAL_QSPI_MspInit
 .text.__NVIC_SetPriorityGrouping
                0x0800152c       0x48 build/stm32h7xx_hal_cortex.o
 .text.__NVIC_GetPriorityGrouping
                0x08001574       0x1c build/stm32h7xx_hal_cortex.o
 .text.__NVIC_SetPriority
                0x08001590       0x54 build/stm32h7xx_hal_cortex.o
 .text.NVIC_EncodePriority
                0x080015e4       0x64 build/stm32h7xx_hal_cortex.o
 .text.SysTick_Config
                0x08001648       0x44 build/stm32h7xx_hal_cortex.o
 .text.HAL_NVIC_SetPriorityGrouping
                0x0800168c       0x18 build/stm32h7xx_hal_cortex.o
                0x0800168c                HAL_NVIC_SetPriorityGrouping
 .text.HAL_NVIC_SetPriority
                0x080016a4       0x34 build/stm32h7xx_hal_cortex.o
                0x080016a4                HAL_NVIC_SetPriority
 .text.HAL_SYSTICK_Config
                0x080016d8       0x18 build/stm32h7xx_hal_cortex.o
                0x080016d8                HAL_SYSTICK_Config
 .text.HAL_MPU_Disable
                0x080016f0       0x2c build/stm32h7xx_hal_cortex.o
                0x080016f0                HAL_MPU_Disable
 .text.HAL_MPU_Enable
                0x0800171c       0x3c build/stm32h7xx_hal_cortex.o
                0x0800171c                HAL_MPU_Enable
 .text.HAL_MPU_ConfigRegion
                0x08001758       0x88 build/stm32h7xx_hal_cortex.o
                0x08001758                HAL_MPU_ConfigRegion
 .text.HAL_QSPI_Init
                0x080017e0       0xe8 build/stm32h7xx_hal_qspi.o
                0x080017e0                HAL_QSPI_Init
 .text.HAL_QSPI_Command
                0x080018c8       0xbc build/stm32h7xx_hal_qspi.o
                0x080018c8                HAL_QSPI_Command
 .text.HAL_QSPI_Transmit
                0x08001984      0x124 build/stm32h7xx_hal_qspi.o
                0x08001984                HAL_QSPI_Transmit
 .text.HAL_QSPI_Receive
                0x08001aa8      0x13c build/stm32h7xx_hal_qspi.o
                0x08001aa8                HAL_QSPI_Receive
 .text.HAL_QSPI_AutoPolling
                0x08001be4       0xf0 build/stm32h7xx_hal_qspi.o
                0x08001be4                HAL_QSPI_AutoPolling
 .text.HAL_QSPI_MemoryMapped
                0x08001cd4       0xc4 build/stm32h7xx_hal_qspi.o
                0x08001cd4                HAL_QSPI_MemoryMapped
 .text.HAL_QSPI_SetTimeout
                0x08001d98       0x1c build/stm32h7xx_hal_qspi.o
                0x08001d98                HAL_QSPI_SetTimeout
 .text.QSPI_WaitFlagStateUntilTimeout
                0x08001db4       0x70 build/stm32h7xx_hal_qspi.o
 .text.QSPI_Config
                0x08001e24      0x2fc build/stm32h7xx_hal_qspi.o
 .text.HAL_RCC_OscConfig
                0x08002120      0x858 build/stm32h7xx_hal_rcc.o
                0x08002120                HAL_RCC_OscConfig
 .text.HAL_RCC_ClockConfig
                0x08002978      0x36c build/stm32h7xx_hal_rcc.o
                0x08002978                HAL_RCC_ClockConfig
 .text.HAL_RCC_GetSysClockFreq
                0x08002ce4      0x2e8 build/stm32h7xx_hal_rcc.o
                0x08002ce4                HAL_RCC_GetSysClockFreq
 .text.HAL_RCCEx_PeriphCLKConfig
                0x08002fcc      0xdfc build/stm32h7xx_hal_rcc_ex.o
                0x08002fcc                HAL_RCCEx_PeriphCLKConfig
 .text.RCCEx_PLL2_Config
                0x08003dc8      0x164 build/stm32h7xx_hal_rcc_ex.o
 .text.RCCEx_PLL3_Config
                0x08003f2c      0x164 build/stm32h7xx_hal_rcc_ex.o
 .text.HAL_GPIO_Init
                0x08004090      0x360 build/stm32h7xx_hal_gpio.o
                0x08004090                HAL_GPIO_Init
 .text.HAL_GPIO_DeInit
                0x080043f0      0x214 build/stm32h7xx_hal_gpio.o
                0x080043f0                HAL_GPIO_DeInit
 .text.HAL_GPIO_WritePin
                0x08004604       0x34 build/stm32h7xx_hal_gpio.o
                0x08004604                HAL_GPIO_WritePin
 .text.HAL_GPIO_TogglePin
                0x08004638       0x34 build/stm32h7xx_hal_gpio.o
                0x08004638                HAL_GPIO_TogglePin
 .text.HAL_PWREx_ConfigSupply
                0x0800466c       0x70 build/stm32h7xx_hal_pwr_ex.o
                0x0800466c                HAL_PWREx_ConfigSupply
 .text.HAL_Init
                0x080046dc       0x78 build/stm32h7xx_hal.o
                0x080046dc                HAL_Init
 .text.HAL_InitTick
                0x08004754       0x6c build/stm32h7xx_hal.o
                0x08004754                HAL_InitTick
 .text.HAL_IncTick
                0x080047c0       0x28 build/stm32h7xx_hal.o
                0x080047c0                HAL_IncTick
 .text.HAL_GetTick
                0x080047e8       0x18 build/stm32h7xx_hal.o
                0x080047e8                HAL_GetTick
 .text.HAL_Delay
                0x08004800       0x44 build/stm32h7xx_hal.o
                0x08004800                HAL_Delay
 .text.HAL_GetREVID
                0x08004844       0x18 build/stm32h7xx_hal.o
                0x08004844                HAL_GetREVID
 .text.SystemInit
                0x0800485c      0x110 build/system_stm32h7xx.o
                0x0800485c                SystemInit
 .text.Reset_Handler
                0x0800496c       0x50 build/startup_stm32h750xx.o
                0x0800496c                Reset_Handler
 .text.Default_Handler
                0x080049bc        0x2 build/startup_stm32h750xx.o
                0x080049bc                RTC_Alarm_IRQHandler
                0x080049bc                HASH_RNG_IRQHandler
                0x080049bc                EXTI2_IRQHandler
                0x080049bc                TIM8_CC_IRQHandler
                0x080049bc                HRTIM1_Master_IRQHandler
                0x080049bc                UART8_IRQHandler
                0x080049bc                SPI4_IRQHandler
                0x080049bc                TIM1_CC_IRQHandler
                0x080049bc                BDMA_Channel6_IRQHandler
                0x080049bc                DMA2_Stream5_IRQHandler
                0x080049bc                HRTIM1_FLT_IRQHandler
                0x080049bc                JPEG_IRQHandler
                0x080049bc                DMA1_Stream5_IRQHandler
                0x080049bc                BDMA_Channel1_IRQHandler
                0x080049bc                HRTIM1_TIMD_IRQHandler
                0x080049bc                TAMP_STAMP_IRQHandler
                0x080049bc                EXTI3_IRQHandler
                0x080049bc                LPTIM4_IRQHandler
                0x080049bc                TIM8_TRG_COM_TIM14_IRQHandler
                0x080049bc                LPTIM2_IRQHandler
                0x080049bc                DFSDM1_FLT1_IRQHandler
                0x080049bc                DMAMUX2_OVR_IRQHandler
                0x080049bc                TIM8_UP_TIM13_IRQHandler
                0x080049bc                I2C3_ER_IRQHandler
                0x080049bc                DFSDM1_FLT2_IRQHandler
                0x080049bc                MDMA_IRQHandler
                0x080049bc                LPTIM3_IRQHandler
                0x080049bc                HSEM1_IRQHandler
                0x080049bc                EXTI0_IRQHandler
                0x080049bc                I2C2_EV_IRQHandler
                0x080049bc                DMA1_Stream2_IRQHandler
                0x080049bc                FPU_IRQHandler
                0x080049bc                OTG_HS_WKUP_IRQHandler
                0x080049bc                FDCAN1_IT1_IRQHandler
                0x080049bc                LTDC_ER_IRQHandler
                0x080049bc                DMA2_Stream2_IRQHandler
                0x080049bc                HRTIM1_TIME_IRQHandler
                0x080049bc                SPI1_IRQHandler
                0x080049bc                TIM6_DAC_IRQHandler
                0x080049bc                DCMI_IRQHandler
                0x080049bc                HRTIM1_TIMC_IRQHandler
                0x080049bc                DMA2_Stream3_IRQHandler
                0x080049bc                SAI2_IRQHandler
                0x080049bc                DFSDM1_FLT3_IRQHandler
                0x080049bc                USART6_IRQHandler
                0x080049bc                TIM17_IRQHandler
                0x080049bc                USART3_IRQHandler
                0x080049bc                BDMA_Channel7_IRQHandler
                0x080049bc                CRYP_IRQHandler
                0x080049bc                LPTIM5_IRQHandler
                0x080049bc                UART5_IRQHandler
                0x080049bc                ADC3_IRQHandler
                0x080049bc                DMA2_Stream0_IRQHandler
                0x080049bc                TIM4_IRQHandler
                0x080049bc                BDMA_Channel2_IRQHandler
                0x080049bc                QUADSPI_IRQHandler
                0x080049bc                I2C1_EV_IRQHandler
                0x080049bc                DMA1_Stream6_IRQHandler
                0x080049bc                DMAMUX1_OVR_IRQHandler
                0x080049bc                DMA1_Stream1_IRQHandler
                0x080049bc                TIM16_IRQHandler
                0x080049bc                UART4_IRQHandler
                0x080049bc                BDMA_Channel5_IRQHandler
                0x080049bc                TIM3_IRQHandler
                0x080049bc                RCC_IRQHandler
                0x080049bc                TIM8_BRK_TIM12_IRQHandler
                0x080049bc                TIM1_TRG_COM_IRQHandler
                0x080049bc                Default_Handler
                0x080049bc                ECC_IRQHandler
                0x080049bc                CEC_IRQHandler
                0x080049bc                EXTI15_10_IRQHandler
                0x080049bc                BDMA_Channel0_IRQHandler
                0x080049bc                ADC_IRQHandler
                0x080049bc                DMA1_Stream7_IRQHandler
                0x080049bc                HRTIM1_TIMA_IRQHandler
                0x080049bc                SPI5_IRQHandler
                0x080049bc                TIM7_IRQHandler
                0x080049bc                SDMMC1_IRQHandler
                0x080049bc                TIM5_IRQHandler
                0x080049bc                DMA2_Stream7_IRQHandler
                0x080049bc                TIM15_IRQHandler
                0x080049bc                PVD_AVD_IRQHandler
                0x080049bc                I2C3_EV_IRQHandler
                0x080049bc                EXTI9_5_IRQHandler
                0x080049bc                RTC_WKUP_IRQHandler
                0x080049bc                LTDC_IRQHandler
                0x080049bc                SAI3_IRQHandler
                0x080049bc                ETH_WKUP_IRQHandler
                0x080049bc                SPDIF_RX_IRQHandler
                0x080049bc                SPI2_IRQHandler
                0x080049bc                OTG_HS_EP1_IN_IRQHandler
                0x080049bc                DMA1_Stream0_IRQHandler
                0x080049bc                CRS_IRQHandler
                0x080049bc                EXTI4_IRQHandler
                0x080049bc                HRTIM1_TIMB_IRQHandler
                0x080049bc                FDCAN2_IT1_IRQHandler
                0x080049bc                ETH_IRQHandler
                0x080049bc                TIM1_UP_IRQHandler
                0x080049bc                BDMA_Channel4_IRQHandler
                0x080049bc                OTG_HS_EP1_OUT_IRQHandler
                0x080049bc                WWDG_IRQHandler
                0x080049bc                SPI6_IRQHandler
                0x080049bc                MDIOS_IRQHandler
                0x080049bc                I2C4_EV_IRQHandler
                0x080049bc                FDCAN2_IT0_IRQHandler
                0x080049bc                LPUART1_IRQHandler
                0x080049bc                FDCAN1_IT0_IRQHandler
                0x080049bc                TIM2_IRQHandler
                0x080049bc                OTG_FS_WKUP_IRQHandler
                0x080049bc                OTG_HS_IRQHandler
                0x080049bc                DMA2D_IRQHandler
                0x080049bc                TIM1_BRK_IRQHandler
                0x080049bc                EXTI1_IRQHandler
                0x080049bc                SDMMC2_IRQHandler
                0x080049bc                OTG_FS_EP1_OUT_IRQHandler
                0x080049bc                BDMA_Channel3_IRQHandler
                0x080049bc                UART7_IRQHandler
                0x080049bc                MDIOS_WKUP_IRQHandler
                0x080049bc                USART2_IRQHandler
                0x080049bc                DFSDM1_FLT0_IRQHandler
                0x080049bc                SAI4_IRQHandler
                0x080049bc                I2C2_ER_IRQHandler
                0x080049bc                DMA2_Stream1_IRQHandler
                0x080049bc                FLASH_IRQHandler
                0x080049bc                DMA2_Stream4_IRQHandler
                0x080049bc                USART1_IRQHandler
                0x080049bc                OTG_FS_IRQHandler
                0x080049bc                SPI3_IRQHandler
                0x080049bc                WAKEUP_PIN_IRQHandler
                0x080049bc                DMA1_Stream4_IRQHandler
                0x080049bc                OTG_FS_EP1_IN_IRQHandler
                0x080049bc                I2C1_ER_IRQHandler
                0x080049bc                FMC_IRQHandler
                0x080049bc                FDCAN_CAL_IRQHandler
                0x080049bc                SWPMI1_IRQHandler
                0x080049bc                COMP1_IRQHandler
                0x080049bc                LPTIM1_IRQHandler
                0x080049bc                I2C4_ER_IRQHandler
                0x080049bc                DMA2_Stream6_IRQHandler
                0x080049bc                SAI1_IRQHandler
                0x080049bc                DMA1_Stream3_IRQHandler
 *fill*         0x080049be        0x2 
 .text._ZN7Flash_T7m_resetEv
                0x080049c0       0x8c build/w25q64.o
                0x080049c0                Flash_T::m_reset()
 .text._ZN7Flash_T14m_write_enableEv
                0x08004a4c       0xd4 build/w25q64.o
                0x08004a4c                Flash_T::m_write_enable()
 .text._ZN7Flash_T16m_exit_quad_modeEv
                0x08004b20       0x40 build/w25q64.o
                0x08004b20                Flash_T::m_exit_quad_mode()
 .text._ZN7Flash_T15m_set_quad_modeEv
                0x08004b60       0xf0 build/w25q64.o
                0x08004b60                Flash_T::m_set_quad_mode()
 .text._ZN7Flash_T13m_readJEDECIDEv
                0x08004c50       0xd0 build/w25q64.o
                0x08004c50                Flash_T::m_readJEDECID()
 .text._ZN7Flash_T15m_read_registerEPht
                0x08004d20       0xb8 build/w25q64.o
                0x08004d20                Flash_T::m_read_register(unsigned char*, unsigned short)
 .text._ZN7Flash_T16m_write_registerEht
                0x08004dd8       0xcc build/w25q64.o
                0x08004dd8                Flash_T::m_write_register(unsigned char, unsigned short)
 .text._ZN7Flash_T6m_waitEv
                0x08004ea4       0xa8 build/w25q64.o
                0x08004ea4                Flash_T::m_wait()
 .text._ZN7Flash_TC2Ev
                0x08004f4c       0x24 build/w25q64.o
                0x08004f4c                Flash_T::Flash_T()
                0x08004f4c                Flash_T::Flash_T()
 .text._ZN7Flash_TD2Ev
                0x08004f70       0x18 build/w25q64.o
                0x08004f70                Flash_T::~Flash_T()
                0x08004f70                Flash_T::~Flash_T()
 .text._ZN7Flash_T4initEv
                0x08004f88       0x44 build/w25q64.o
                0x08004f88                Flash_T::init()
 .text._ZN7Flash_T10memory_mapEv
                0x08004fcc       0x80 build/w25q64.o
                0x08004fcc                Flash_T::memory_map()
 .text._Z9LED_Blinkh
                0x0800504c       0x48 build/w25q64.o
                0x0800504c                LED_Blink(unsigned char)
 .text.main     0x08005094       0xd0 build/main.o
                0x08005094                main
 .text._Z18SystemClock_Configv
                0x08005164      0x110 build/main.o
                0x08005164                SystemClock_Config()
 .text._ZL15MX_QUADSPI_Initv
                0x08005274       0x80 build/main.o
 .text._ZL12MX_GPIO_Initv
                0x080052f4       0xe4 build/main.o
 .text._ZL10MPU_Configv
                0x080053d8       0x58 build/main.o
 .text.Error_Handler
                0x08005430        0x8 build/main.o
                0x08005430                Error_Handler
 .text._Z41__static_initialization_and_destruction_0ii
                0x08005438       0x40 build/main.o
 .text._GLOBAL__sub_I_hqspi
                0x08005478       0x10 build/main.o
 .text.__aeabi_atexit
                0x08005488        0xc i:/mcu/gnu_tools_arm/bin/../lib/gcc/arm-none-eabi/5.4.1/../../../../arm-none-eabi/lib/armv7e-m/fpu/fpv5-d16\libc.a(lib_a-aeabi_atexit.o)
                0x08005488                __aeabi_atexit
 .text.__cxa_atexit
                0x08005494        0xc i:/mcu/gnu_tools_arm/bin/../lib/gcc/arm-none-eabi/5.4.1/../../../../arm-none-eabi/lib/armv7e-m/fpu/fpv5-d16\libc.a(lib_a-cxa_atexit.o)
                0x08005494                __cxa_atexit
 .text.__libc_init_array
                0x080054a0       0x50 i:/mcu/gnu_tools_arm/bin/../lib/gcc/arm-none-eabi/5.4.1/../../../../arm-none-eabi/lib/armv7e-m/fpu/fpv5-d16\libc.a(lib_a-init.o)
                0x080054a0                __libc_init_array
 .text.memset   0x080054f0       0x9c i:/mcu/gnu_tools_arm/bin/../lib/gcc/arm-none-eabi/5.4.1/../../../../arm-none-eabi/lib/armv7e-m/fpu/fpv5-d16\libc.a(lib_a-memset.o)
                0x080054f0                memset
 .text.__register_exitproc
                0x0800558c       0xa4 i:/mcu/gnu_tools_arm/bin/../lib/gcc/arm-none-eabi/5.4.1/../../../../arm-none-eabi/lib/armv7e-m/fpu/fpv5-d16\libc.a(lib_a-__atexit.o)
                0x0800558c                __register_exitproc
 .text.startup.register_fini
                0x08005630       0x14 i:/mcu/gnu_tools_arm/bin/../lib/gcc/arm-none-eabi/5.4.1/../../../../arm-none-eabi/lib/armv7e-m/fpu/fpv5-d16\libc.a(lib_a-__call_atexit.o)
 .text.atexit   0x08005644        0xc i:/mcu/gnu_tools_arm/bin/../lib/gcc/arm-none-eabi/5.4.1/../../../../arm-none-eabi/lib/armv7e-m/fpu/fpv5-d16\libc.a(lib_a-atexit.o)
                0x08005644                atexit
 .text.__libc_fini_array
                0x08005650       0x28 i:/mcu/gnu_tools_arm/bin/../lib/gcc/arm-none-eabi/5.4.1/../../../../arm-none-eabi/lib/armv7e-m/fpu/fpv5-d16\libc.a(lib_a-fini.o)
                0x08005650                __libc_fini_array
 .text._exit    0x08005678        0x4 i:/mcu/gnu_tools_arm/bin/../lib/gcc/arm-none-eabi/5.4.1/../../../../arm-none-eabi/lib/armv7e-m/fpu/fpv5-d16\libnosys.a(_exit.o)
                0x08005678                _exit
 .text.abort    0x0800567c       0x10 i:/mcu/gnu_tools_arm/bin/../lib/gcc/arm-none-eabi/5.4.1/../../../../arm-none-eabi/lib/armv7e-m/fpu/fpv5-d16\libc.a(lib_a-abort.o)
                0x0800567c                abort
 .text._raise_r
                0x0800568c       0x58 i:/mcu/gnu_tools_arm/bin/../lib/gcc/arm-none-eabi/5.4.1/../../../../arm-none-eabi/lib/armv7e-m/fpu/fpv5-d16\libc.a(lib_a-signal.o)
                0x0800568c                _raise_r
 .text.raise    0x080056e4       0x10 i:/mcu/gnu_tools_arm/bin/../lib/gcc/arm-none-eabi/5.4.1/../../../../arm-none-eabi/lib/armv7e-m/fpu/fpv5-d16\libc.a(lib_a-signal.o)
                0x080056e4                raise
 .text._kill_r  0x080056f4       0x28 i:/mcu/gnu_tools_arm/bin/../lib/gcc/arm-none-eabi/5.4.1/../../../../arm-none-eabi/lib/armv7e-m/fpu/fpv5-d16\libc.a(lib_a-signalr.o)
                0x080056f4                _kill_r
 .text._getpid_r
                0x0800571c        0x4 i:/mcu/gnu_tools_arm/bin/../lib/gcc/arm-none-eabi/5.4.1/../../../../arm-none-eabi/lib/armv7e-m/fpu/fpv5-d16\libc.a(lib_a-signalr.o)
                0x0800571c                _getpid_r
 .text._getpid  0x08005720       0x10 i:/mcu/gnu_tools_arm/bin/../lib/gcc/arm-none-eabi/5.4.1/../../../../arm-none-eabi/lib/armv7e-m/fpu/fpv5-d16\libnosys.a(getpid.o)
                0x08005720                _getpid
 .text._kill    0x08005730       0x10 i:/mcu/gnu_tools_arm/bin/../lib/gcc/arm-none-eabi/5.4.1/../../../../arm-none-eabi/lib/armv7e-m/fpu/fpv5-d16\libnosys.a(kill.o)
                0x08005730                _kill
 *(.glue_7)
 .glue_7        0x08005740        0x0 linker stubs
 *(.glue_7t)
 .glue_7t       0x08005740        0x0 linker stubs
 *(.eh_frame)
 .eh_frame      0x08005740        0x0 i:/mcu/gnu_tools_arm/bin/../lib/gcc/arm-none-eabi/5.4.1/armv7e-m/fpu/fpv5-d16/crtbegin.o
 *(.init)
 .init          0x08005740        0x4 i:/mcu/gnu_tools_arm/bin/../lib/gcc/arm-none-eabi/5.4.1/armv7e-m/fpu/fpv5-d16/crti.o
                0x08005740                _init
 .init          0x08005744        0x8 i:/mcu/gnu_tools_arm/bin/../lib/gcc/arm-none-eabi/5.4.1/armv7e-m/fpu/fpv5-d16/crtn.o
 *(.fini)
 .fini          0x0800574c        0x4 i:/mcu/gnu_tools_arm/bin/../lib/gcc/arm-none-eabi/5.4.1/armv7e-m/fpu/fpv5-d16/crti.o
                0x0800574c                _fini
 .fini          0x08005750        0x8 i:/mcu/gnu_tools_arm/bin/../lib/gcc/arm-none-eabi/5.4.1/armv7e-m/fpu/fpv5-d16/crtn.o
                0x08005758                . = ALIGN (0x4)
                0x08005758                _etext = .

.vfp11_veneer   0x08005758        0x0
 .vfp11_veneer  0x08005758        0x0 linker stubs

.v4_bx          0x08005758        0x0
 .v4_bx         0x08005758        0x0 linker stubs

.iplt           0x08005758        0x0
 .iplt          0x08005758        0x0 i:/mcu/gnu_tools_arm/bin/../lib/gcc/arm-none-eabi/5.4.1/armv7e-m/fpu/fpv5-d16/crtbegin.o

.rodata         0x08005758       0x14
                0x08005758                . = ALIGN (0x4)
 *(.rodata)
 *(.rodata*)
 .rodata.D1CorePrescTable
                0x08005758       0x10 build/system_stm32h7xx.o
                0x08005758                D1CorePrescTable
 .rodata._global_impure_ptr
                0x08005768        0x4 i:/mcu/gnu_tools_arm/bin/../lib/gcc/arm-none-eabi/5.4.1/../../../../arm-none-eabi/lib/armv7e-m/fpu/fpv5-d16\libc.a(lib_a-impure.o)
                0x08005768                _global_impure_ptr
                0x0800576c                . = ALIGN (0x4)

.ARM.extab      0x0800576c       0xd8
 *(.ARM.extab* .gnu.linkonce.armextab.*)
 .ARM.extab.text._ZN7Flash_T7m_resetEv
                0x0800576c        0xc build/w25q64.o
 .ARM.extab.text._ZN7Flash_T14m_write_enableEv
                0x08005778        0xc build/w25q64.o
 .ARM.extab.text._ZN7Flash_T16m_exit_quad_modeEv
                0x08005784        0xc build/w25q64.o
 .ARM.extab.text._ZN7Flash_T15m_set_quad_modeEv
                0x08005790        0xc build/w25q64.o
 .ARM.extab.text._ZN7Flash_T13m_readJEDECIDEv
                0x0800579c        0xc build/w25q64.o
 .ARM.extab.text._ZN7Flash_T15m_read_registerEPht
                0x080057a8        0xc build/w25q64.o
 .ARM.extab.text._ZN7Flash_T16m_write_registerEht
                0x080057b4        0xc build/w25q64.o
 .ARM.extab.text._ZN7Flash_T6m_waitEv
                0x080057c0        0xc build/w25q64.o
 .ARM.extab.text._ZN7Flash_T4initEv
                0x080057cc        0xc build/w25q64.o
 .ARM.extab.text._ZN7Flash_T10memory_mapEv
                0x080057d8        0xc build/w25q64.o
 .ARM.extab.text._Z9LED_Blinkh
                0x080057e4        0xc build/w25q64.o
 .ARM.extab.text.main
                0x080057f0        0xc build/main.o
 .ARM.extab.text._Z18SystemClock_Configv
                0x080057fc        0xc build/main.o
 .ARM.extab.text._ZL15MX_QUADSPI_Initv
                0x08005808        0xc build/main.o
 .ARM.extab.text._ZL12MX_GPIO_Initv
                0x08005814        0xc build/main.o
 .ARM.extab.text._ZL10MPU_Configv
                0x08005820        0xc build/main.o
 .ARM.extab     0x0800582c       0x18 i:/mcu/gnu_tools_arm/bin/../lib/gcc/arm-none-eabi/5.4.1/armv7e-m/fpu/fpv5-d16\libgcc.a(pr-support.o)

.ARM            0x08005844      0x148
                0x08005844                __exidx_start = .
 *(.ARM.exidx*)
 .ARM.exidx.text._ZN7Flash_T7m_resetEv
                0x080058fc        0x8 build/w25q64.o
 .ARM.exidx.text._ZN7Flash_T14m_write_enableEv
                0x08005904        0x8 build/w25q64.o
 .ARM.exidx.text._ZN7Flash_T16m_exit_quad_modeEv
                0x0800590c        0x8 build/w25q64.o
 .ARM.exidx.text._ZN7Flash_T15m_set_quad_modeEv
                0x08005914        0x8 build/w25q64.o
 .ARM.exidx.text._ZN7Flash_T13m_readJEDECIDEv
                0x0800591c        0x8 build/w25q64.o
 .ARM.exidx.text._ZN7Flash_T15m_read_registerEPht
                0x08005924        0x8 build/w25q64.o
 .ARM.exidx.text._ZN7Flash_T16m_write_registerEht
                0x0800592c        0x8 build/w25q64.o
 .ARM.exidx.text._ZN7Flash_T6m_waitEv
                0x08005934        0x8 build/w25q64.o
 .ARM.exidx.text._ZN7Flash_TC2Ev
                0x0800593c        0x8 build/w25q64.o
 .ARM.exidx.text._ZN7Flash_TD2Ev
                0x08005944        0x0 build/w25q64.o
                                  0x8 (size before relaxing)
 .ARM.exidx.text._ZN7Flash_T4initEv
                0x08005944        0x8 build/w25q64.o
 .ARM.exidx.text._ZN7Flash_T10memory_mapEv
                0x0800594c        0x8 build/w25q64.o
 .ARM.exidx.text._Z9LED_Blinkh
                0x08005954        0x8 build/w25q64.o
 .ARM.exidx.text.main
                0x0800595c        0x8 build/main.o
 .ARM.exidx.text._Z18SystemClock_Configv
                0x08005964        0x8 build/main.o
 .ARM.exidx.text._ZL15MX_QUADSPI_Initv
                0x0800596c        0x8 build/main.o
 .ARM.exidx.text._ZL12MX_GPIO_Initv
                0x08005974        0x8 build/main.o
 .ARM.exidx.text._ZL10MPU_Configv
                0x0800597c        0x8 build/main.o
 .ARM.exidx.text.Error_Handler
                0x08005984        0x8 build/main.o
 .ARM.exidx.text._Z41__static_initialization_and_destruction_0ii
                0x0800598c        0x0 build/main.o
                                  0x8 (size before relaxing)
 .ARM.exidx.text._GLOBAL__sub_I_hqspi
                0x0800598c        0x0 build/main.o
                                  0x8 (size before relaxing)
 .ARM.exidx     0x08005844       0x80 i:/mcu/gnu_tools_arm/bin/../lib/gcc/arm-none-eabi/5.4.1/armv7e-m/fpu/fpv5-d16\libgcc.a(unwind-arm.o)
                                 0xd8 (size before relaxing)
 .ARM.exidx     0x080058c4       0x38 i:/mcu/gnu_tools_arm/bin/../lib/gcc/arm-none-eabi/5.4.1/armv7e-m/fpu/fpv5-d16\libgcc.a(pr-support.o)
                                 0x48 (size before relaxing)
                0x0800598c                __exidx_end = .

.rel.dyn        0x0800598c        0x0
 .rel.iplt      0x0800598c        0x0 i:/mcu/gnu_tools_arm/bin/../lib/gcc/arm-none-eabi/5.4.1/armv7e-m/fpu/fpv5-d16/crtbegin.o

.preinit_array  0x0800598c        0x0
                0x0800598c                PROVIDE (__preinit_array_start, .)
 *(.preinit_array*)
                0x0800598c                PROVIDE (__preinit_array_end, .)

.init_array     0x0800598c        0xc
                0x0800598c                PROVIDE (__init_array_start, .)
 *(SORT(.init_array.*))
 .init_array.00000
                0x0800598c        0x4 i:/mcu/gnu_tools_arm/bin/../lib/gcc/arm-none-eabi/5.4.1/../../../../arm-none-eabi/lib/armv7e-m/fpu/fpv5-d16\libc.a(lib_a-__call_atexit.o)
 *(.init_array*)
 .init_array    0x08005990        0x4 i:/mcu/gnu_tools_arm/bin/../lib/gcc/arm-none-eabi/5.4.1/armv7e-m/fpu/fpv5-d16/crtbegin.o
 .init_array    0x08005994        0x4 build/main.o
                0x08005998                PROVIDE (__init_array_end, .)

.fini_array     0x08005998        0x4
                0x08005998                PROVIDE (__fini_array_start, .)
 *(SORT(.fini_array.*))
 *(.fini_array*)
 .fini_array    0x08005998        0x4 i:/mcu/gnu_tools_arm/bin/../lib/gcc/arm-none-eabi/5.4.1/armv7e-m/fpu/fpv5-d16/crtbegin.o
                0x0800599c                PROVIDE (__fini_array_end, .)
                0x0800599c                _sidata = LOADADDR (.data)

.data           0x24000000      0x444 load address 0x0800599c
                0x24000000                . = ALIGN (0x4)
                0x24000000                _sdata = .
 *(.data)
 .data          0x24000000        0x4 i:/mcu/gnu_tools_arm/bin/../lib/gcc/arm-none-eabi/5.4.1/armv7e-m/fpu/fpv5-d16/crtbegin.o
                0x24000000                __dso_handle
 *(.data*)
 .data.uwTickPrio
                0x24000004        0x4 build/stm32h7xx_hal.o
                0x24000004                uwTickPrio
 .data.uwTickFreq
                0x24000008        0x1 build/stm32h7xx_hal.o
                0x24000008                uwTickFreq
 *fill*         0x24000009        0x3 
 .data.SystemCoreClock
                0x2400000c        0x4 build/system_stm32h7xx.o
                0x2400000c                SystemCoreClock
 .data.SystemD2Clock
                0x24000010        0x4 build/system_stm32h7xx.o
                0x24000010                SystemD2Clock
 *fill*         0x24000014        0x4 
 .data.impure_data
                0x24000018      0x428 i:/mcu/gnu_tools_arm/bin/../lib/gcc/arm-none-eabi/5.4.1/../../../../arm-none-eabi/lib/armv7e-m/fpu/fpv5-d16\libc.a(lib_a-impure.o)
 .data._impure_ptr
                0x24000440        0x4 i:/mcu/gnu_tools_arm/bin/../lib/gcc/arm-none-eabi/5.4.1/../../../../arm-none-eabi/lib/armv7e-m/fpu/fpv5-d16\libc.a(lib_a-impure.o)
                0x24000440                _impure_ptr
                0x24000444                . = ALIGN (0x4)
                0x24000444                _edata = .

.jcr            0x24000444        0x0 load address 0x08005de0
 .jcr           0x24000444        0x0 i:/mcu/gnu_tools_arm/bin/../lib/gcc/arm-none-eabi/5.4.1/armv7e-m/fpu/fpv5-d16/crtbegin.o

.igot.plt       0x24000444        0x0 load address 0x08005de0
 .igot.plt      0x24000444        0x0 i:/mcu/gnu_tools_arm/bin/../lib/gcc/arm-none-eabi/5.4.1/armv7e-m/fpu/fpv5-d16/crtbegin.o
                0x24000444                . = ALIGN (0x4)

.bss            0x24000444       0x78 load address 0x08005de0
                0x24000444                _sbss = .
                0x24000444                __bss_start__ = _sbss
 *(.bss)
 .bss           0x24000444       0x1c i:/mcu/gnu_tools_arm/bin/../lib/gcc/arm-none-eabi/5.4.1/armv7e-m/fpu/fpv5-d16/crtbegin.o
 *(.bss*)
 .bss.hqspi     0x24000460       0x4c build/main.o
                0x24000460                hqspi
 .bss.JumpToApplication
                0x240004ac        0x4 build/main.o
                0x240004ac                JumpToApplication
 .bss.w25q64    0x240004b0        0x4 build/main.o
                0x240004b0                w25q64
 *(COMMON)
 COMMON         0x240004b4        0x4 build/stm32h7xx_hal.o
                0x240004b4                uwTick
 COMMON         0x240004b8        0x4 i:/mcu/gnu_tools_arm/bin/../lib/gcc/arm-none-eabi/5.4.1/../../../../arm-none-eabi/lib/armv7e-m/fpu/fpv5-d16\libc.a(lib_a-reent.o)
                0x240004b8                errno
                0x240004bc                . = ALIGN (0x4)
                0x240004bc                _ebss = .
                0x240004bc                __bss_end__ = _ebss

._user_heap_stack
                0x240004bc      0x604 load address 0x08005de0
                0x240004c0                . = ALIGN (0x8)
 *fill*         0x240004bc        0x4 
                0x240004c0                PROVIDE (end, .)
                [!provide]                PROVIDE (_end, .)
                0x240006c0                . = (. + _Min_Heap_Size)
 *fill*         0x240004c0      0x200 
                0x24000ac0                . = (. + _Min_Stack_Size)
 *fill*         0x240006c0      0x400 
                0x24000ac0                . = ALIGN (0x8)

/DISCARD/
 libc.a(*)
 libm.a(*)
 libgcc.a(*)

.ARM.attributes
                0x00000000       0x2e
 *(.ARM.attributes)
 .ARM.attributes
                0x00000000       0x20 i:/mcu/gnu_tools_arm/bin/../lib/gcc/arm-none-eabi/5.4.1/armv7e-m/fpu/fpv5-d16/crti.o
 .ARM.attributes
                0x00000020       0x32 i:/mcu/gnu_tools_arm/bin/../lib/gcc/arm-none-eabi/5.4.1/armv7e-m/fpu/fpv5-d16/crtbegin.o
 .ARM.attributes
                0x00000052       0x37 build/stm32h7xx_it.o
 .ARM.attributes
                0x00000089       0x37 build/stm32h7xx_hal_msp.o
 .ARM.attributes
                0x000000c0       0x37 build/stm32h7xx_hal_cortex.o
 .ARM.attributes
                0x000000f7       0x37 build/stm32h7xx_hal_qspi.o
 .ARM.attributes
                0x0000012e       0x37 build/stm32h7xx_hal_rcc.o
 .ARM.attributes
                0x00000165       0x37 build/stm32h7xx_hal_rcc_ex.o
 .ARM.attributes
                0x0000019c       0x37 build/stm32h7xx_hal_gpio.o
 .ARM.attributes
                0x000001d3       0x37 build/stm32h7xx_hal_pwr_ex.o
 .ARM.attributes
                0x0000020a       0x37 build/stm32h7xx_hal.o
 .ARM.attributes
                0x00000241       0x37 build/system_stm32h7xx.o
 .ARM.attributes
                0x00000278       0x21 build/startup_stm32h750xx.o
 .ARM.attributes
                0x00000299       0x37 build/w25q64.o
 .ARM.attributes
                0x000002d0       0x37 build/main.o
 .ARM.attributes
                0x00000307       0x32 i:/mcu/gnu_tools_arm/bin/../lib/gcc/arm-none-eabi/5.4.1/../../../../arm-none-eabi/lib/armv7e-m/fpu/fpv5-d16\libc.a(lib_a-aeabi_atexit.o)
 .ARM.attributes
                0x00000339       0x32 i:/mcu/gnu_tools_arm/bin/../lib/gcc/arm-none-eabi/5.4.1/../../../../arm-none-eabi/lib/armv7e-m/fpu/fpv5-d16\libc.a(lib_a-cxa_atexit.o)
 .ARM.attributes
                0x0000036b       0x32 i:/mcu/gnu_tools_arm/bin/../lib/gcc/arm-none-eabi/5.4.1/../../../../arm-none-eabi/lib/armv7e-m/fpu/fpv5-d16\libc.a(lib_a-impure.o)
 .ARM.attributes
                0x0000039d       0x32 i:/mcu/gnu_tools_arm/bin/../lib/gcc/arm-none-eabi/5.4.1/../../../../arm-none-eabi/lib/armv7e-m/fpu/fpv5-d16\libc.a(lib_a-init.o)
 .ARM.attributes
                0x000003cf       0x32 i:/mcu/gnu_tools_arm/bin/../lib/gcc/arm-none-eabi/5.4.1/../../../../arm-none-eabi/lib/armv7e-m/fpu/fpv5-d16\libc.a(lib_a-memset.o)
 .ARM.attributes
                0x00000401       0x32 i:/mcu/gnu_tools_arm/bin/../lib/gcc/arm-none-eabi/5.4.1/../../../../arm-none-eabi/lib/armv7e-m/fpu/fpv5-d16\libc.a(lib_a-__atexit.o)
 .ARM.attributes
                0x00000433       0x32 i:/mcu/gnu_tools_arm/bin/../lib/gcc/arm-none-eabi/5.4.1/../../../../arm-none-eabi/lib/armv7e-m/fpu/fpv5-d16\libc.a(lib_a-__call_atexit.o)
 .ARM.attributes
                0x00000465       0x32 i:/mcu/gnu_tools_arm/bin/../lib/gcc/arm-none-eabi/5.4.1/../../../../arm-none-eabi/lib/armv7e-m/fpu/fpv5-d16\libc.a(lib_a-atexit.o)
 .ARM.attributes
                0x00000497       0x32 i:/mcu/gnu_tools_arm/bin/../lib/gcc/arm-none-eabi/5.4.1/../../../../arm-none-eabi/lib/armv7e-m/fpu/fpv5-d16\libc.a(lib_a-fini.o)
 .ARM.attributes
                0x000004c9       0x20 i:/mcu/gnu_tools_arm/bin/../lib/gcc/arm-none-eabi/5.4.1/armv7e-m/fpu/fpv5-d16/crtn.o
OUTPUT(build/make_bootloader.elf elf32-littlearm)

.debug_info     0x00000000     0xcc9b
 .debug_info    0x00000000      0x182 build/stm32h7xx_it.o
 .debug_info    0x00000182     0x10d0 build/stm32h7xx_hal_msp.o
 .debug_info    0x00001252     0x1230 build/stm32h7xx_hal_cortex.o
 .debug_info    0x00002482     0x13b9 build/stm32h7xx_hal_qspi.o
 .debug_info    0x0000383b      0xfe3 build/stm32h7xx_hal_rcc.o
 .debug_info    0x0000481e     0x13b2 build/stm32h7xx_hal_rcc_ex.o
 .debug_info    0x00005bd0      0xe02 build/stm32h7xx_hal_gpio.o
 .debug_info    0x000069d2     0x113e build/stm32h7xx_hal_pwr_ex.o
 .debug_info    0x00007b10     0x16dd build/stm32h7xx_hal.o
 .debug_info    0x000091ed      0xdd6 build/system_stm32h7xx.o
 .debug_info    0x00009fc3       0x58 build/startup_stm32h750xx.o
 .debug_info    0x0000a01b     0x1188 build/w25q64.o
 .debug_info    0x0000b1a3     0x1af8 build/main.o

.debug_abbrev   0x00000000     0x188c
 .debug_abbrev  0x00000000       0x81 build/stm32h7xx_it.o
 .debug_abbrev  0x00000081      0x180 build/stm32h7xx_hal_msp.o
 .debug_abbrev  0x00000201      0x2d9 build/stm32h7xx_hal_cortex.o
 .debug_abbrev  0x000004da      0x1d8 build/stm32h7xx_hal_qspi.o
 .debug_abbrev  0x000006b2      0x21f build/stm32h7xx_hal_rcc.o
 .debug_abbrev  0x000008d1      0x218 build/stm32h7xx_hal_rcc_ex.o
 .debug_abbrev  0x00000ae9      0x1b2 build/stm32h7xx_hal_gpio.o
 .debug_abbrev  0x00000c9b      0x22c build/stm32h7xx_hal_pwr_ex.o
 .debug_abbrev  0x00000ec7      0x1f8 build/stm32h7xx_hal.o
 .debug_abbrev  0x000010bf      0x110 build/system_stm32h7xx.o
 .debug_abbrev  0x000011cf       0x12 build/startup_stm32h750xx.o
 .debug_abbrev  0x000011e1      0x2b1 build/w25q64.o
 .debug_abbrev  0x00001492      0x3fa build/main.o

.debug_loc      0x00000000     0x4b60
 .debug_loc     0x00000000      0x1d4 build/stm32h7xx_it.o
 .debug_loc     0x000001d4       0xfe build/stm32h7xx_hal_msp.o
 .debug_loc     0x000002d2      0xa38 build/stm32h7xx_hal_cortex.o
 .debug_loc     0x00000d0a      0xcdc build/stm32h7xx_hal_qspi.o
 .debug_loc     0x000019e6      0x3e8 build/stm32h7xx_hal_rcc.o
 .debug_loc     0x00001dce      0x862 build/stm32h7xx_hal_rcc_ex.o
 .debug_loc     0x00002630      0x2d4 build/stm32h7xx_hal_gpio.o
 .debug_loc     0x00002904      0xbda build/stm32h7xx_hal_pwr_ex.o
 .debug_loc     0x000034de      0xe34 build/stm32h7xx_hal.o
 .debug_loc     0x00004312       0xa0 build/system_stm32h7xx.o
 .debug_loc     0x000043b2      0x530 build/w25q64.o
 .debug_loc     0x000048e2      0x27e build/main.o

.debug_aranges  0x00000000      0x908
 .debug_aranges
                0x00000000       0x60 build/stm32h7xx_it.o
 .debug_aranges
                0x00000060       0x30 build/stm32h7xx_hal_msp.o
 .debug_aranges
                0x00000090      0x120 build/stm32h7xx_hal_cortex.o
 .debug_aranges
                0x000001b0      0x148 build/stm32h7xx_hal_qspi.o
 .debug_aranges
                0x000002f8       0x88 build/stm32h7xx_hal_rcc.o
 .debug_aranges
                0x00000380       0xf8 build/stm32h7xx_hal_rcc_ex.o
 .debug_aranges
                0x00000478       0x58 build/stm32h7xx_hal_gpio.o
 .debug_aranges
                0x000004d0      0x158 build/stm32h7xx_hal_pwr_ex.o
 .debug_aranges
                0x00000628      0x198 build/stm32h7xx_hal.o
 .debug_aranges
                0x000007c0       0x28 build/system_stm32h7xx.o
 .debug_aranges
                0x000007e8       0x28 build/startup_stm32h750xx.o
 .debug_aranges
                0x00000810       0x98 build/w25q64.o
 .debug_aranges
                0x000008a8       0x60 build/main.o

.debug_ranges   0x00000000      0x840
 .debug_ranges  0x00000000       0x50 build/stm32h7xx_it.o
 .debug_ranges  0x00000050       0x20 build/stm32h7xx_hal_msp.o
 .debug_ranges  0x00000070      0x110 build/stm32h7xx_hal_cortex.o
 .debug_ranges  0x00000180      0x138 build/stm32h7xx_hal_qspi.o
 .debug_ranges  0x000002b8       0x78 build/stm32h7xx_hal_rcc.o
 .debug_ranges  0x00000330       0xe8 build/stm32h7xx_hal_rcc_ex.o
 .debug_ranges  0x00000418       0x48 build/stm32h7xx_hal_gpio.o
 .debug_ranges  0x00000460      0x148 build/stm32h7xx_hal_pwr_ex.o
 .debug_ranges  0x000005a8      0x188 build/stm32h7xx_hal.o
 .debug_ranges  0x00000730       0x18 build/system_stm32h7xx.o
 .debug_ranges  0x00000748       0x20 build/startup_stm32h750xx.o
 .debug_ranges  0x00000768       0x88 build/w25q64.o
 .debug_ranges  0x000007f0       0x50 build/main.o

.debug_line     0x00000000     0x36a2
 .debug_line    0x00000000      0x18d build/stm32h7xx_it.o
 .debug_line    0x0000018d      0x218 build/stm32h7xx_hal_msp.o
 .debug_line    0x000003a5      0x4c5 build/stm32h7xx_hal_cortex.o
 .debug_line    0x0000086a      0x7b3 build/stm32h7xx_hal_qspi.o
 .debug_line    0x0000101d      0x5ea build/stm32h7xx_hal_rcc.o
 .debug_line    0x00001607      0x8d0 build/stm32h7xx_hal_rcc_ex.o
 .debug_line    0x00001ed7      0x370 build/stm32h7xx_hal_gpio.o
 .debug_line    0x00002247      0x576 build/stm32h7xx_hal_pwr_ex.o
 .debug_line    0x000027bd      0x552 build/stm32h7xx_hal.o
 .debug_line    0x00002d0f      0x1bd build/system_stm32h7xx.o
 .debug_line    0x00002ecc       0x76 build/startup_stm32h750xx.o
 .debug_line    0x00002f42      0x3dd build/w25q64.o
 .debug_line    0x0000331f      0x383 build/main.o

.debug_str      0x00000000     0x3edb
 .debug_str     0x00000000      0x1fe build/stm32h7xx_it.o
                                0x246 (size before relaxing)
 .debug_str     0x000001fe      0xa5d build/stm32h7xx_hal_msp.o
                                0xd44 (size before relaxing)
 .debug_str     0x00000c5b      0xda8 build/stm32h7xx_hal_cortex.o
                               0x1057 (size before relaxing)
 .debug_str     0x00001a03      0x471 build/stm32h7xx_hal_qspi.o
                                0xc27 (size before relaxing)
 .debug_str     0x00001e74      0x4e6 build/stm32h7xx_hal_rcc.o
                                0x9f9 (size before relaxing)
 .debug_str     0x0000235a      0x685 build/stm32h7xx_hal_rcc_ex.o
                                0xeca (size before relaxing)
 .debug_str     0x000029df      0x189 build/stm32h7xx_hal_gpio.o
                                0x6e7 (size before relaxing)
 .debug_str     0x00002b68      0x54e build/stm32h7xx_hal_pwr_ex.o
                                0xa36 (size before relaxing)
 .debug_str     0x000030b6      0x647 build/stm32h7xx_hal.o
                               0x1475 (size before relaxing)
 .debug_str     0x000036fd       0x3d build/system_stm32h7xx.o
                                0x742 (size before relaxing)
 .debug_str     0x0000373a      0x508 build/w25q64.o
                                0xd0e (size before relaxing)
 .debug_str     0x00003c42      0x299 build/main.o
                               0x1375 (size before relaxing)

.comment        0x00000000       0x6e
 .comment       0x00000000       0x6e build/stm32h7xx_it.o
                                 0x6f (size before relaxing)
 .comment       0x0000006e       0x6f build/stm32h7xx_hal_msp.o
 .comment       0x0000006e       0x6f build/stm32h7xx_hal_cortex.o
 .comment       0x0000006e       0x6f build/stm32h7xx_hal_qspi.o
 .comment       0x0000006e       0x6f build/stm32h7xx_hal_rcc.o
 .comment       0x0000006e       0x6f build/stm32h7xx_hal_rcc_ex.o
 .comment       0x0000006e       0x6f build/stm32h7xx_hal_gpio.o
 .comment       0x0000006e       0x6f build/stm32h7xx_hal_pwr_ex.o
 .comment       0x0000006e       0x6f build/stm32h7xx_hal.o
 .comment       0x0000006e       0x6f build/system_stm32h7xx.o
 .comment       0x0000006e       0x6f build/w25q64.o
 .comment       0x0000006e       0x6f build/main.o

.debug_frame    0x00000000     0x24dc
 .debug_frame   0x00000000      0x104 build/stm32h7xx_it.o
 .debug_frame   0x00000104       0x84 build/stm32h7xx_hal_msp.o
 .debug_frame   0x00000188      0x4b8 build/stm32h7xx_hal_cortex.o
 .debug_frame   0x00000640      0x5ec build/stm32h7xx_hal_qspi.o
 .debug_frame   0x00000c2c      0x1f8 build/stm32h7xx_hal_rcc.o
 .debug_frame   0x00000e24      0x3f4 build/stm32h7xx_hal_rcc_ex.o
 .debug_frame   0x00001218      0x14c build/stm32h7xx_hal_gpio.o
 .debug_frame   0x00001364      0x580 build/stm32h7xx_hal_pwr_ex.o
 .debug_frame   0x000018e4      0x690 build/stm32h7xx_hal.o
 .debug_frame   0x00001f74       0x58 build/system_stm32h7xx.o
 .debug_frame   0x00001fcc      0x258 build/w25q64.o
 .debug_frame   0x00002224      0x140 build/main.o
 .debug_frame   0x00002364       0x20 i:/mcu/gnu_tools_arm/bin/../lib/gcc/arm-none-eabi/5.4.1/../../../../arm-none-eabi/lib/armv7e-m/fpu/fpv5-d16\libc.a(lib_a-aeabi_atexit.o)
 .debug_frame   0x00002384       0x20 i:/mcu/gnu_tools_arm/bin/../lib/gcc/arm-none-eabi/5.4.1/../../../../arm-none-eabi/lib/armv7e-m/fpu/fpv5-d16\libc.a(lib_a-cxa_atexit.o)
 .debug_frame   0x000023a4       0x2c i:/mcu/gnu_tools_arm/bin/../lib/gcc/arm-none-eabi/5.4.1/../../../../arm-none-eabi/lib/armv7e-m/fpu/fpv5-d16\libc.a(lib_a-init.o)
 .debug_frame   0x000023d0       0x34 i:/mcu/gnu_tools_arm/bin/../lib/gcc/arm-none-eabi/5.4.1/../../../../arm-none-eabi/lib/armv7e-m/fpu/fpv5-d16\libc.a(lib_a-memset.o)
 .debug_frame   0x00002404       0x34 i:/mcu/gnu_tools_arm/bin/../lib/gcc/arm-none-eabi/5.4.1/../../../../arm-none-eabi/lib/armv7e-m/fpu/fpv5-d16\libc.a(lib_a-__atexit.o)
 .debug_frame   0x00002438       0x50 i:/mcu/gnu_tools_arm/bin/../lib/gcc/arm-none-eabi/5.4.1/../../../../arm-none-eabi/lib/armv7e-m/fpu/fpv5-d16\libc.a(lib_a-__call_atexit.o)
 .debug_frame   0x00002488       0x20 i:/mcu/gnu_tools_arm/bin/../lib/gcc/arm-none-eabi/5.4.1/../../../../arm-none-eabi/lib/armv7e-m/fpu/fpv5-d16\libc.a(lib_a-atexit.o)
 .debug_frame   0x000024a8       0x34 i:/mcu/gnu_tools_arm/bin/../lib/gcc/arm-none-eabi/5.4.1/../../../../arm-none-eabi/lib/armv7e-m/fpu/fpv5-d16\libc.a(lib_a-fini.o)

.stabstr        0x00000000       0x76
 .stabstr       0x00000000       0x76 i:/mcu/gnu_tools_arm/bin/../lib/gcc/arm-none-eabi/5.4.1/../../../../arm-none-eabi/lib/armv7e-m/fpu/fpv5-d16\libnosys.a(getpid.o)

Cross Reference Table

Symbol                                            File
ADC3_IRQHandler                                   build/startup_stm32h750xx.o
ADC_IRQHandler                                    build/startup_stm32h750xx.o
BDMA_Channel0_IRQHandler                          build/startup_stm32h750xx.o
BDMA_Channel1_IRQHandler                          build/startup_stm32h750xx.o
BDMA_Channel2_IRQHandler                          build/startup_stm32h750xx.o
BDMA_Channel3_IRQHandler                          build/startup_stm32h750xx.o
BDMA_Channel4_IRQHandler                          build/startup_stm32h750xx.o
BDMA_Channel5_IRQHandler                          build/startup_stm32h750xx.o
BDMA_Channel6_IRQHandler                          build/startup_stm32h750xx.o
BDMA_Channel7_IRQHandler                          build/startup_stm32h750xx.o
BusFault_Handler                                  build/stm32h7xx_it.o
CEC_IRQHandler                                    build/startup_stm32h750xx.o
COMP1_IRQHandler                                  build/startup_stm32h750xx.o
CRS_IRQHandler                                    build/startup_stm32h750xx.o
CRYP_IRQHandler                                   build/startup_stm32h750xx.o
D1CorePrescTable                                  build/system_stm32h7xx.o
                                                  build/stm32h7xx_hal.o
                                                  build/stm32h7xx_hal_rcc_ex.o
                                                  build/stm32h7xx_hal_rcc.o
DCMI_IRQHandler                                   build/startup_stm32h750xx.o
DFSDM1_FLT0_IRQHandler                            build/startup_stm32h750xx.o
DFSDM1_FLT1_IRQHandler                            build/startup_stm32h750xx.o
DFSDM1_FLT2_IRQHandler                            build/startup_stm32h750xx.o
DFSDM1_FLT3_IRQHandler                            build/startup_stm32h750xx.o
DMA1_Stream0_IRQHandler                           build/startup_stm32h750xx.o
DMA1_Stream1_IRQHandler                           build/startup_stm32h750xx.o
DMA1_Stream2_IRQHandler                           build/startup_stm32h750xx.o
DMA1_Stream3_IRQHandler                           build/startup_stm32h750xx.o
DMA1_Stream4_IRQHandler                           build/startup_stm32h750xx.o
DMA1_Stream5_IRQHandler                           build/startup_stm32h750xx.o
DMA1_Stream6_IRQHandler                           build/startup_stm32h750xx.o
DMA1_Stream7_IRQHandler                           build/startup_stm32h750xx.o
DMA2D_IRQHandler                                  build/startup_stm32h750xx.o
DMA2_Stream0_IRQHandler                           build/startup_stm32h750xx.o
DMA2_Stream1_IRQHandler                           build/startup_stm32h750xx.o
DMA2_Stream2_IRQHandler                           build/startup_stm32h750xx.o
DMA2_Stream3_IRQHandler                           build/startup_stm32h750xx.o
DMA2_Stream4_IRQHandler                           build/startup_stm32h750xx.o
DMA2_Stream5_IRQHandler                           build/startup_stm32h750xx.o
DMA2_Stream6_IRQHandler                           build/startup_stm32h750xx.o
DMA2_Stream7_IRQHandler                           build/startup_stm32h750xx.o
DMAMUX1_OVR_IRQHandler                            build/startup_stm32h750xx.o
DMAMUX2_OVR_IRQHandler                            build/startup_stm32h750xx.o
DebugMon_Handler                                  build/stm32h7xx_it.o
Default_Handler                                   build/startup_stm32h750xx.o
ECC_IRQHandler                                    build/startup_stm32h750xx.o
ETH_IRQHandler                                    build/startup_stm32h750xx.o
ETH_WKUP_IRQHandler                               build/startup_stm32h750xx.o
EXTI0_IRQHandler                                  build/startup_stm32h750xx.o
EXTI15_10_IRQHandler                              build/startup_stm32h750xx.o
EXTI1_IRQHandler                                  build/startup_stm32h750xx.o
EXTI2_IRQHandler                                  build/startup_stm32h750xx.o
EXTI3_IRQHandler                                  build/startup_stm32h750xx.o
EXTI4_IRQHandler                                  build/startup_stm32h750xx.o
EXTI9_5_IRQHandler                                build/startup_stm32h750xx.o
Error_Handler                                     build/main.o
                                                  build/stm32h7xx_hal_msp.o
FDCAN1_IT0_IRQHandler                             build/startup_stm32h750xx.o
FDCAN1_IT1_IRQHandler                             build/startup_stm32h750xx.o
FDCAN2_IT0_IRQHandler                             build/startup_stm32h750xx.o
FDCAN2_IT1_IRQHandler                             build/startup_stm32h750xx.o
FDCAN_CAL_IRQHandler                              build/startup_stm32h750xx.o
FLASH_CRC_WaitForLastOperation                    build/stm32h7xx_hal_flash.o
                                                  build/stm32h7xx_hal_flash_ex.o
FLASH_Erase_Sector                                build/stm32h7xx_hal_flash_ex.o
                                                  build/stm32h7xx_hal_flash.o
FLASH_IRQHandler                                  build/startup_stm32h750xx.o
FLASH_OB_WaitForLastOperation                     build/stm32h7xx_hal_flash.o
                                                  build/stm32h7xx_hal_flash_ex.o
FLASH_WaitForLastOperation                        build/stm32h7xx_hal_flash.o
                                                  build/stm32h7xx_hal_flash_ex.o
FMC_IRQHandler                                    build/startup_stm32h750xx.o
FPU_IRQHandler                                    build/startup_stm32h750xx.o
Flash_T::Flash_T()                                build/w25q64.o
                                                  build/main.o
Flash_T::Flash_T()                                build/w25q64.o
Flash_T::init()                                   build/w25q64.o
                                                  build/main.o
Flash_T::m_exit_quad_mode()                       build/w25q64.o
Flash_T::m_readJEDECID()                          build/w25q64.o
Flash_T::m_read_register(unsigned char*, unsigned short) build/w25q64.o
Flash_T::m_reset()                                build/w25q64.o
Flash_T::m_set_quad_mode()                        build/w25q64.o
Flash_T::m_wait()                                 build/w25q64.o
Flash_T::m_write_enable()                         build/w25q64.o
Flash_T::m_write_register(unsigned char, unsigned short) build/w25q64.o
Flash_T::memory_map()                             build/w25q64.o
                                                  build/main.o
Flash_T::read_N_bytes(unsigned long, unsigned long, unsigned char*) build/w25q64.o
Flash_T::sector_erase(unsigned long, unsigned long) build/w25q64.o
Flash_T::write_N_bytes(unsigned long, unsigned long, unsigned char*) build/w25q64.o
Flash_T::~Flash_T()                               build/w25q64.o
Flash_T::~Flash_T()                               build/w25q64.o
                                                  build/main.o
HAL_DBGMCU_DisableDBGSleepMode                    build/stm32h7xx_hal.o
HAL_DBGMCU_DisableDBGStandbyMode                  build/stm32h7xx_hal.o
HAL_DBGMCU_DisableDBGStopMode                     build/stm32h7xx_hal.o
HAL_DBGMCU_EnableDBGSleepMode                     build/stm32h7xx_hal.o
HAL_DBGMCU_EnableDBGStandbyMode                   build/stm32h7xx_hal.o
HAL_DBGMCU_EnableDBGStopMode                      build/stm32h7xx_hal.o
HAL_DMAEx_ChangeMemory                            build/stm32h7xx_hal_dma_ex.o
HAL_DMAEx_ConfigMuxRequestGenerator               build/stm32h7xx_hal_dma_ex.o
HAL_DMAEx_ConfigMuxSync                           build/stm32h7xx_hal_dma_ex.o
HAL_DMAEx_DisableMuxRequestGenerator              build/stm32h7xx_hal_dma_ex.o
HAL_DMAEx_EnableMuxRequestGenerator               build/stm32h7xx_hal_dma_ex.o
HAL_DMAEx_MUX_IRQHandler                          build/stm32h7xx_hal_dma_ex.o
HAL_DMAEx_MultiBufferStart                        build/stm32h7xx_hal_dma_ex.o
HAL_DMAEx_MultiBufferStart_IT                     build/stm32h7xx_hal_dma_ex.o
HAL_DMA_Abort                                     build/stm32h7xx_hal_dma.o
HAL_DMA_Abort_IT                                  build/stm32h7xx_hal_dma.o
                                                  build/stm32h7xx_hal_i2c.o
HAL_DMA_DeInit                                    build/stm32h7xx_hal_dma.o
HAL_DMA_GetError                                  build/stm32h7xx_hal_dma.o
                                                  build/stm32h7xx_hal_i2c.o
HAL_DMA_GetState                                  build/stm32h7xx_hal_dma.o
                                                  build/stm32h7xx_hal_i2c.o
HAL_DMA_IRQHandler                                build/stm32h7xx_hal_dma.o
HAL_DMA_Init                                      build/stm32h7xx_hal_dma.o
HAL_DMA_PollForTransfer                           build/stm32h7xx_hal_dma.o
HAL_DMA_RegisterCallback                          build/stm32h7xx_hal_dma.o
HAL_DMA_Start                                     build/stm32h7xx_hal_dma.o
HAL_DMA_Start_IT                                  build/stm32h7xx_hal_dma.o
                                                  build/stm32h7xx_hal_i2c.o
HAL_DMA_UnRegisterCallback                        build/stm32h7xx_hal_dma.o
HAL_DeInit                                        build/stm32h7xx_hal.o
HAL_Delay                                         build/stm32h7xx_hal.o
                                                  build/main.o
                                                  build/w25q64.o
HAL_DisableCompensationCell                       build/stm32h7xx_hal.o
HAL_EXTI_ClearConfigLine                          build/stm32h7xx_hal_exti.o
HAL_EXTI_ClearPending                             build/stm32h7xx_hal_exti.o
HAL_EXTI_D1_ClearFlag                             build/stm32h7xx_hal.o
HAL_EXTI_D1_EventInputConfig                      build/stm32h7xx_hal.o
HAL_EXTI_D3_EventInputConfig                      build/stm32h7xx_hal.o
HAL_EXTI_EdgeConfig                               build/stm32h7xx_hal.o
HAL_EXTI_GenerateSWI                              build/stm32h7xx_hal_exti.o
HAL_EXTI_GenerateSWInterrupt                      build/stm32h7xx_hal.o
HAL_EXTI_GetConfigLine                            build/stm32h7xx_hal_exti.o
HAL_EXTI_GetHandle                                build/stm32h7xx_hal_exti.o
HAL_EXTI_GetPending                               build/stm32h7xx_hal_exti.o
HAL_EXTI_IRQHandler                               build/stm32h7xx_hal_exti.o
HAL_EXTI_RegisterCallback                         build/stm32h7xx_hal_exti.o
HAL_EXTI_SetConfigLine                            build/stm32h7xx_hal_exti.o
HAL_EnableCompensationCell                        build/stm32h7xx_hal.o
HAL_FLASHEx_ComputeCRC                            build/stm32h7xx_hal_flash_ex.o
HAL_FLASHEx_Erase                                 build/stm32h7xx_hal_flash_ex.o
HAL_FLASHEx_Erase_IT                              build/stm32h7xx_hal_flash_ex.o
HAL_FLASHEx_Lock_Bank1                            build/stm32h7xx_hal_flash_ex.o
HAL_FLASHEx_OBGetConfig                           build/stm32h7xx_hal_flash_ex.o
HAL_FLASHEx_OBProgram                             build/stm32h7xx_hal_flash_ex.o
HAL_FLASHEx_Unlock_Bank1                          build/stm32h7xx_hal_flash_ex.o
HAL_FLASH_EndOfOperationCallback                  build/stm32h7xx_hal_flash.o
HAL_FLASH_GetError                                build/stm32h7xx_hal_flash.o
HAL_FLASH_IRQHandler                              build/stm32h7xx_hal_flash.o
HAL_FLASH_Lock                                    build/stm32h7xx_hal_flash.o
HAL_FLASH_OB_Launch                               build/stm32h7xx_hal_flash.o
HAL_FLASH_OB_Lock                                 build/stm32h7xx_hal_flash.o
HAL_FLASH_OB_Unlock                               build/stm32h7xx_hal_flash.o
HAL_FLASH_OperationErrorCallback                  build/stm32h7xx_hal_flash.o
HAL_FLASH_Program                                 build/stm32h7xx_hal_flash.o
HAL_FLASH_Program_IT                              build/stm32h7xx_hal_flash.o
HAL_FLASH_Unlock                                  build/stm32h7xx_hal_flash.o
HAL_GPIO_DeInit                                   build/stm32h7xx_hal_gpio.o
                                                  build/main.o
                                                  build/stm32h7xx_hal_msp.o
HAL_GPIO_EXTI_Callback                            build/stm32h7xx_hal_gpio.o
HAL_GPIO_EXTI_IRQHandler                          build/stm32h7xx_hal_gpio.o
HAL_GPIO_Init                                     build/stm32h7xx_hal_gpio.o
                                                  build/main.o
                                                  build/stm32h7xx_hal_rcc.o
                                                  build/stm32h7xx_hal_msp.o
HAL_GPIO_LockPin                                  build/stm32h7xx_hal_gpio.o
HAL_GPIO_ReadPin                                  build/stm32h7xx_hal_gpio.o
HAL_GPIO_TogglePin                                build/stm32h7xx_hal_gpio.o
                                                  build/main.o
                                                  build/w25q64.o
HAL_GPIO_WritePin                                 build/stm32h7xx_hal_gpio.o
                                                  build/main.o
HAL_GetCurrentCPUID                               build/stm32h7xx_hal_cortex.o
HAL_GetDEVID                                      build/stm32h7xx_hal.o
HAL_GetFMCMemorySwappingConfig                    build/stm32h7xx_hal.o
HAL_GetHalVersion                                 build/stm32h7xx_hal.o
HAL_GetREVID                                      build/stm32h7xx_hal.o
                                                  build/stm32h7xx_hal_rcc_ex.o
                                                  build/stm32h7xx_hal_rcc.o
HAL_GetTick                                       build/stm32h7xx_hal.o
                                                  build/stm32h7xx_hal_i2c.o
                                                  build/stm32h7xx_hal_pwr_ex.o
                                                  build/stm32h7xx_hal_mdma.o
                                                  build/stm32h7xx_hal_dma.o
                                                  build/stm32h7xx_hal_flash.o
                                                  build/stm32h7xx_hal_rcc_ex.o
                                                  build/stm32h7xx_hal_rcc.o
                                                  build/stm32h7xx_hal_qspi.o
HAL_GetTickFreq                                   build/stm32h7xx_hal.o
HAL_GetTickPrio                                   build/stm32h7xx_hal.o
HAL_GetUIDw0                                      build/stm32h7xx_hal.o
HAL_GetUIDw1                                      build/stm32h7xx_hal.o
HAL_GetUIDw2                                      build/stm32h7xx_hal.o
HAL_HSEM_ActivateNotification                     build/stm32h7xx_hal_hsem.o
HAL_HSEM_DeactivateNotification                   build/stm32h7xx_hal_hsem.o
HAL_HSEM_FastTake                                 build/stm32h7xx_hal_hsem.o
HAL_HSEM_FreeCallback                             build/stm32h7xx_hal_hsem.o
HAL_HSEM_GetClearKey                              build/stm32h7xx_hal_hsem.o
HAL_HSEM_IRQHandler                               build/stm32h7xx_hal_hsem.o
HAL_HSEM_IsSemTaken                               build/stm32h7xx_hal_hsem.o
HAL_HSEM_Release                                  build/stm32h7xx_hal_hsem.o
HAL_HSEM_ReleaseAll                               build/stm32h7xx_hal_hsem.o
HAL_HSEM_SetClearKey                              build/stm32h7xx_hal_hsem.o
HAL_HSEM_Take                                     build/stm32h7xx_hal_hsem.o
HAL_I2CEx_ConfigAnalogFilter                      build/stm32h7xx_hal_i2c_ex.o
HAL_I2CEx_ConfigDigitalFilter                     build/stm32h7xx_hal_i2c_ex.o
HAL_I2CEx_DisableFastModePlus                     build/stm32h7xx_hal_i2c_ex.o
HAL_I2CEx_DisableWakeUp                           build/stm32h7xx_hal_i2c_ex.o
HAL_I2CEx_EnableFastModePlus                      build/stm32h7xx_hal_i2c_ex.o
HAL_I2CEx_EnableWakeUp                            build/stm32h7xx_hal_i2c_ex.o
HAL_I2C_AbortCpltCallback                         build/stm32h7xx_hal_i2c.o
HAL_I2C_AddrCallback                              build/stm32h7xx_hal_i2c.o
HAL_I2C_DeInit                                    build/stm32h7xx_hal_i2c.o
HAL_I2C_DisableListen_IT                          build/stm32h7xx_hal_i2c.o
HAL_I2C_ER_IRQHandler                             build/stm32h7xx_hal_i2c.o
HAL_I2C_EV_IRQHandler                             build/stm32h7xx_hal_i2c.o
HAL_I2C_EnableListen_IT                           build/stm32h7xx_hal_i2c.o
HAL_I2C_ErrorCallback                             build/stm32h7xx_hal_i2c.o
HAL_I2C_GetError                                  build/stm32h7xx_hal_i2c.o
HAL_I2C_GetMode                                   build/stm32h7xx_hal_i2c.o
HAL_I2C_GetState                                  build/stm32h7xx_hal_i2c.o
HAL_I2C_Init                                      build/stm32h7xx_hal_i2c.o
HAL_I2C_IsDeviceReady                             build/stm32h7xx_hal_i2c.o
HAL_I2C_ListenCpltCallback                        build/stm32h7xx_hal_i2c.o
HAL_I2C_MasterRxCpltCallback                      build/stm32h7xx_hal_i2c.o
HAL_I2C_MasterTxCpltCallback                      build/stm32h7xx_hal_i2c.o
HAL_I2C_Master_Abort_IT                           build/stm32h7xx_hal_i2c.o
HAL_I2C_Master_Receive                            build/stm32h7xx_hal_i2c.o
HAL_I2C_Master_Receive_DMA                        build/stm32h7xx_hal_i2c.o
HAL_I2C_Master_Receive_IT                         build/stm32h7xx_hal_i2c.o
HAL_I2C_Master_Seq_Receive_DMA                    build/stm32h7xx_hal_i2c.o
HAL_I2C_Master_Seq_Receive_IT                     build/stm32h7xx_hal_i2c.o
HAL_I2C_Master_Seq_Transmit_DMA                   build/stm32h7xx_hal_i2c.o
HAL_I2C_Master_Seq_Transmit_IT                    build/stm32h7xx_hal_i2c.o
HAL_I2C_Master_Transmit                           build/stm32h7xx_hal_i2c.o
HAL_I2C_Master_Transmit_DMA                       build/stm32h7xx_hal_i2c.o
HAL_I2C_Master_Transmit_IT                        build/stm32h7xx_hal_i2c.o
HAL_I2C_MemRxCpltCallback                         build/stm32h7xx_hal_i2c.o
HAL_I2C_MemTxCpltCallback                         build/stm32h7xx_hal_i2c.o
HAL_I2C_Mem_Read                                  build/stm32h7xx_hal_i2c.o
HAL_I2C_Mem_Read_DMA                              build/stm32h7xx_hal_i2c.o
HAL_I2C_Mem_Read_IT                               build/stm32h7xx_hal_i2c.o
HAL_I2C_Mem_Write                                 build/stm32h7xx_hal_i2c.o
HAL_I2C_Mem_Write_DMA                             build/stm32h7xx_hal_i2c.o
HAL_I2C_Mem_Write_IT                              build/stm32h7xx_hal_i2c.o
HAL_I2C_MspDeInit                                 build/stm32h7xx_hal_i2c.o
HAL_I2C_MspInit                                   build/stm32h7xx_hal_i2c.o
HAL_I2C_SlaveRxCpltCallback                       build/stm32h7xx_hal_i2c.o
HAL_I2C_SlaveTxCpltCallback                       build/stm32h7xx_hal_i2c.o
HAL_I2C_Slave_Receive                             build/stm32h7xx_hal_i2c.o
HAL_I2C_Slave_Receive_DMA                         build/stm32h7xx_hal_i2c.o
HAL_I2C_Slave_Receive_IT                          build/stm32h7xx_hal_i2c.o
HAL_I2C_Slave_Seq_Receive_DMA                     build/stm32h7xx_hal_i2c.o
HAL_I2C_Slave_Seq_Receive_IT                      build/stm32h7xx_hal_i2c.o
HAL_I2C_Slave_Seq_Transmit_DMA                    build/stm32h7xx_hal_i2c.o
HAL_I2C_Slave_Seq_Transmit_IT                     build/stm32h7xx_hal_i2c.o
HAL_I2C_Slave_Transmit                            build/stm32h7xx_hal_i2c.o
HAL_I2C_Slave_Transmit_DMA                        build/stm32h7xx_hal_i2c.o
HAL_I2C_Slave_Transmit_IT                         build/stm32h7xx_hal_i2c.o
HAL_IncTick                                       build/stm32h7xx_hal.o
                                                  build/stm32h7xx_it.o
HAL_Init                                          build/stm32h7xx_hal.o
                                                  build/main.o
HAL_InitTick                                      build/stm32h7xx_hal.o
                                                  build/stm32h7xx_hal_rcc.o
HAL_MDMA_Abort                                    build/stm32h7xx_hal_mdma.o
                                                  build/stm32h7xx_hal_qspi.o
HAL_MDMA_Abort_IT                                 build/stm32h7xx_hal_mdma.o
                                                  build/stm32h7xx_hal_qspi.o
HAL_MDMA_ConfigPostRequestMask                    build/stm32h7xx_hal_mdma.o
HAL_MDMA_DeInit                                   build/stm32h7xx_hal_mdma.o
HAL_MDMA_GenerateSWRequest                        build/stm32h7xx_hal_mdma.o
HAL_MDMA_GetError                                 build/stm32h7xx_hal_mdma.o
HAL_MDMA_GetState                                 build/stm32h7xx_hal_mdma.o
HAL_MDMA_IRQHandler                               build/stm32h7xx_hal_mdma.o
HAL_MDMA_Init                                     build/stm32h7xx_hal_mdma.o
HAL_MDMA_LinkedList_AddNode                       build/stm32h7xx_hal_mdma.o
HAL_MDMA_LinkedList_CreateNode                    build/stm32h7xx_hal_mdma.o
HAL_MDMA_LinkedList_DisableCircularMode           build/stm32h7xx_hal_mdma.o
HAL_MDMA_LinkedList_EnableCircularMode            build/stm32h7xx_hal_mdma.o
HAL_MDMA_LinkedList_RemoveNode                    build/stm32h7xx_hal_mdma.o
HAL_MDMA_PollForTransfer                          build/stm32h7xx_hal_mdma.o
HAL_MDMA_RegisterCallback                         build/stm32h7xx_hal_mdma.o
HAL_MDMA_Start                                    build/stm32h7xx_hal_mdma.o
HAL_MDMA_Start_IT                                 build/stm32h7xx_hal_mdma.o
                                                  build/stm32h7xx_hal_qspi.o
HAL_MDMA_UnRegisterCallback                       build/stm32h7xx_hal_mdma.o
HAL_MPU_ConfigRegion                              build/stm32h7xx_hal_cortex.o
                                                  build/main.o
HAL_MPU_Disable                                   build/stm32h7xx_hal_cortex.o
                                                  build/main.o
HAL_MPU_Enable                                    build/stm32h7xx_hal_cortex.o
                                                  build/main.o
HAL_MspDeInit                                     build/stm32h7xx_hal.o
HAL_MspInit                                       build/stm32h7xx_hal_msp.o
HAL_NVIC_ClearPendingIRQ                          build/stm32h7xx_hal_cortex.o
HAL_NVIC_DisableIRQ                               build/stm32h7xx_hal_cortex.o
HAL_NVIC_EnableIRQ                                build/stm32h7xx_hal_cortex.o
HAL_NVIC_GetActive                                build/stm32h7xx_hal_cortex.o
HAL_NVIC_GetPendingIRQ                            build/stm32h7xx_hal_cortex.o
HAL_NVIC_GetPriority                              build/stm32h7xx_hal_cortex.o
HAL_NVIC_GetPriorityGrouping                      build/stm32h7xx_hal_cortex.o
HAL_NVIC_SetPendingIRQ                            build/stm32h7xx_hal_cortex.o
HAL_NVIC_SetPriority                              build/stm32h7xx_hal_cortex.o
                                                  build/stm32h7xx_hal.o
HAL_NVIC_SetPriorityGrouping                      build/stm32h7xx_hal_cortex.o
                                                  build/stm32h7xx_hal.o
HAL_NVIC_SystemReset                              build/stm32h7xx_hal_cortex.o
HAL_PWREx_AVDCallback                             build/stm32h7xx_hal_pwr_ex.o
HAL_PWREx_ClearPendingEvent                       build/stm32h7xx_hal_pwr_ex.o
HAL_PWREx_ClearWakeupFlag                         build/stm32h7xx_hal_pwr_ex.o
HAL_PWREx_ConfigAVD                               build/stm32h7xx_hal_pwr_ex.o
HAL_PWREx_ConfigD3Domain                          build/stm32h7xx_hal_pwr_ex.o
HAL_PWREx_ConfigSupply                            build/stm32h7xx_hal_pwr_ex.o
                                                  build/main.o
HAL_PWREx_ControlStopModeVoltageScaling           build/stm32h7xx_hal_pwr_ex.o
HAL_PWREx_ControlVoltageScaling                   build/stm32h7xx_hal_pwr_ex.o
HAL_PWREx_DisableAVD                              build/stm32h7xx_hal_pwr_ex.o
HAL_PWREx_DisableBatteryCharging                  build/stm32h7xx_hal_pwr_ex.o
HAL_PWREx_DisableBkUpReg                          build/stm32h7xx_hal_pwr_ex.o
HAL_PWREx_DisableFlashPowerDown                   build/stm32h7xx_hal_pwr_ex.o
HAL_PWREx_DisableMonitoring                       build/stm32h7xx_hal_pwr_ex.o
HAL_PWREx_DisableUSBReg                           build/stm32h7xx_hal_pwr_ex.o
HAL_PWREx_DisableUSBVoltageDetector               build/stm32h7xx_hal_pwr_ex.o
HAL_PWREx_DisableWakeUpPin                        build/stm32h7xx_hal_pwr_ex.o
HAL_PWREx_EnableAVD                               build/stm32h7xx_hal_pwr_ex.o
HAL_PWREx_EnableBatteryCharging                   build/stm32h7xx_hal_pwr_ex.o
HAL_PWREx_EnableBkUpReg                           build/stm32h7xx_hal_pwr_ex.o
HAL_PWREx_EnableFlashPowerDown                    build/stm32h7xx_hal_pwr_ex.o
HAL_PWREx_EnableMonitoring                        build/stm32h7xx_hal_pwr_ex.o
HAL_PWREx_EnableUSBReg                            build/stm32h7xx_hal_pwr_ex.o
HAL_PWREx_EnableUSBVoltageDetector                build/stm32h7xx_hal_pwr_ex.o
HAL_PWREx_EnableWakeUpPin                         build/stm32h7xx_hal_pwr_ex.o
HAL_PWREx_EnterSTANDBYMode                        build/stm32h7xx_hal_pwr_ex.o
HAL_PWREx_EnterSTOPMode                           build/stm32h7xx_hal_pwr_ex.o
HAL_PWREx_GetStopModeVoltageRange                 build/stm32h7xx_hal_pwr_ex.o
HAL_PWREx_GetSupplyConfig                         build/stm32h7xx_hal_pwr_ex.o
HAL_PWREx_GetTemperatureLevel                     build/stm32h7xx_hal_pwr_ex.o
HAL_PWREx_GetVBATLevel                            build/stm32h7xx_hal_pwr_ex.o
HAL_PWREx_GetVoltageRange                         build/stm32h7xx_hal_pwr_ex.o
HAL_PWREx_GetWakeupFlag                           build/stm32h7xx_hal_pwr_ex.o
HAL_PWREx_PVD_AVD_IRQHandler                      build/stm32h7xx_hal_pwr_ex.o
HAL_PWREx_WAKEUP_PIN_IRQHandler                   build/stm32h7xx_hal_pwr_ex.o
HAL_PWREx_WKUP1_Callback                          build/stm32h7xx_hal_pwr_ex.o
HAL_PWREx_WKUP2_Callback                          build/stm32h7xx_hal_pwr_ex.o
HAL_PWREx_WKUP3_Callback                          build/stm32h7xx_hal_pwr_ex.o
HAL_PWREx_WKUP4_Callback                          build/stm32h7xx_hal_pwr_ex.o
HAL_PWREx_WKUP5_Callback                          build/stm32h7xx_hal_pwr_ex.o
HAL_PWREx_WKUP6_Callback                          build/stm32h7xx_hal_pwr_ex.o
HAL_PWR_ConfigPVD                                 build/stm32h7xx_hal_pwr.o
HAL_PWR_DeInit                                    build/stm32h7xx_hal_pwr.o
HAL_PWR_DisableBkUpAccess                         build/stm32h7xx_hal_pwr.o
HAL_PWR_DisablePVD                                build/stm32h7xx_hal_pwr.o
HAL_PWR_DisableSEVOnPend                          build/stm32h7xx_hal_pwr.o
HAL_PWR_DisableSleepOnExit                        build/stm32h7xx_hal_pwr.o
HAL_PWR_DisableWakeUpPin                          build/stm32h7xx_hal_pwr.o
HAL_PWR_EnableBkUpAccess                          build/stm32h7xx_hal_pwr.o
HAL_PWR_EnablePVD                                 build/stm32h7xx_hal_pwr.o
HAL_PWR_EnableSEVOnPend                           build/stm32h7xx_hal_pwr.o
HAL_PWR_EnableSleepOnExit                         build/stm32h7xx_hal_pwr.o
HAL_PWR_EnableWakeUpPin                           build/stm32h7xx_hal_pwr.o
HAL_PWR_EnterSLEEPMode                            build/stm32h7xx_hal_pwr.o
HAL_PWR_EnterSTANDBYMode                          build/stm32h7xx_hal_pwr.o
HAL_PWR_EnterSTOPMode                             build/stm32h7xx_hal_pwr.o
HAL_PWR_PVDCallback                               build/stm32h7xx_hal_pwr.o
                                                  build/stm32h7xx_hal_pwr_ex.o
HAL_PWR_PVD_IRQHandler                            build/stm32h7xx_hal_pwr.o
HAL_QSPI_Abort                                    build/stm32h7xx_hal_qspi.o
HAL_QSPI_AbortCpltCallback                        build/stm32h7xx_hal_qspi.o
HAL_QSPI_Abort_IT                                 build/stm32h7xx_hal_qspi.o
HAL_QSPI_AutoPolling                              build/stm32h7xx_hal_qspi.o
                                                  build/w25q64.o
HAL_QSPI_AutoPolling_IT                           build/stm32h7xx_hal_qspi.o
HAL_QSPI_CmdCpltCallback                          build/stm32h7xx_hal_qspi.o
HAL_QSPI_Command                                  build/stm32h7xx_hal_qspi.o
                                                  build/w25q64.o
HAL_QSPI_Command_IT                               build/stm32h7xx_hal_qspi.o
HAL_QSPI_DeInit                                   build/stm32h7xx_hal_qspi.o
HAL_QSPI_ErrorCallback                            build/stm32h7xx_hal_qspi.o
HAL_QSPI_FifoThresholdCallback                    build/stm32h7xx_hal_qspi.o
HAL_QSPI_GetError                                 build/stm32h7xx_hal_qspi.o
HAL_QSPI_GetFifoThreshold                         build/stm32h7xx_hal_qspi.o
HAL_QSPI_GetState                                 build/stm32h7xx_hal_qspi.o
HAL_QSPI_IRQHandler                               build/stm32h7xx_hal_qspi.o
HAL_QSPI_Init                                     build/stm32h7xx_hal_qspi.o
                                                  build/main.o
HAL_QSPI_MemoryMapped                             build/stm32h7xx_hal_qspi.o
                                                  build/w25q64.o
HAL_QSPI_MspDeInit                                build/stm32h7xx_hal_msp.o
HAL_QSPI_MspInit                                  build/stm32h7xx_hal_msp.o
HAL_QSPI_Receive                                  build/stm32h7xx_hal_qspi.o
                                                  build/w25q64.o
HAL_QSPI_Receive_DMA                              build/stm32h7xx_hal_qspi.o
HAL_QSPI_Receive_IT                               build/stm32h7xx_hal_qspi.o
HAL_QSPI_RxCpltCallback                           build/stm32h7xx_hal_qspi.o
HAL_QSPI_SetFifoThreshold                         build/stm32h7xx_hal_qspi.o
HAL_QSPI_SetFlashID                               build/stm32h7xx_hal_qspi.o
HAL_QSPI_SetTimeout                               build/stm32h7xx_hal_qspi.o
HAL_QSPI_StatusMatchCallback                      build/stm32h7xx_hal_qspi.o
HAL_QSPI_TimeOutCallback                          build/stm32h7xx_hal_qspi.o
HAL_QSPI_Transmit                                 build/stm32h7xx_hal_qspi.o
                                                  build/w25q64.o
HAL_QSPI_Transmit_DMA                             build/stm32h7xx_hal_qspi.o
HAL_QSPI_Transmit_IT                              build/stm32h7xx_hal_qspi.o
HAL_QSPI_TxCpltCallback                           build/stm32h7xx_hal_qspi.o
HAL_RCCEx_CRSConfig                               build/stm32h7xx_hal_rcc_ex.o
HAL_RCCEx_CRSGetSynchronizationInfo               build/stm32h7xx_hal_rcc_ex.o
HAL_RCCEx_CRSSoftwareSynchronizationGenerate      build/stm32h7xx_hal_rcc_ex.o
HAL_RCCEx_CRSWaitSynchronization                  build/stm32h7xx_hal_rcc_ex.o
HAL_RCCEx_CRS_ErrorCallback                       build/stm32h7xx_hal_rcc_ex.o
HAL_RCCEx_CRS_ExpectedSyncCallback                build/stm32h7xx_hal_rcc_ex.o
HAL_RCCEx_CRS_IRQHandler                          build/stm32h7xx_hal_rcc_ex.o
HAL_RCCEx_CRS_SyncOkCallback                      build/stm32h7xx_hal_rcc_ex.o
HAL_RCCEx_CRS_SyncWarnCallback                    build/stm32h7xx_hal_rcc_ex.o
HAL_RCCEx_DisableLSECSS                           build/stm32h7xx_hal_rcc_ex.o
HAL_RCCEx_EnableLSECSS                            build/stm32h7xx_hal_rcc_ex.o
HAL_RCCEx_EnableLSECSS_IT                         build/stm32h7xx_hal_rcc_ex.o
HAL_RCCEx_GetD1PCLK1Freq                          build/stm32h7xx_hal_rcc_ex.o
HAL_RCCEx_GetD1SysClockFreq                       build/stm32h7xx_hal_rcc_ex.o
HAL_RCCEx_GetD3PCLK1Freq                          build/stm32h7xx_hal_rcc_ex.o
HAL_RCCEx_GetPLL1ClockFreq                        build/stm32h7xx_hal_rcc_ex.o
HAL_RCCEx_GetPLL2ClockFreq                        build/stm32h7xx_hal_rcc_ex.o
HAL_RCCEx_GetPLL3ClockFreq                        build/stm32h7xx_hal_rcc_ex.o
HAL_RCCEx_GetPeriphCLKConfig                      build/stm32h7xx_hal_rcc_ex.o
HAL_RCCEx_GetPeriphCLKFreq                        build/stm32h7xx_hal_rcc_ex.o
HAL_RCCEx_KerWakeUpStopCLKConfig                  build/stm32h7xx_hal_rcc_ex.o
HAL_RCCEx_LSECSS_Callback                         build/stm32h7xx_hal_rcc_ex.o
HAL_RCCEx_LSECSS_IRQHandler                       build/stm32h7xx_hal_rcc_ex.o
HAL_RCCEx_PeriphCLKConfig                         build/stm32h7xx_hal_rcc_ex.o
                                                  build/stm32h7xx_hal_msp.o
HAL_RCCEx_WWDGxSysResetConfig                     build/stm32h7xx_hal_rcc_ex.o
HAL_RCCEx_WakeUpStopCLKConfig                     build/stm32h7xx_hal_rcc_ex.o
HAL_RCC_CSSCallback                               build/stm32h7xx_hal_rcc.o
HAL_RCC_ClockConfig                               build/stm32h7xx_hal_rcc.o
                                                  build/main.o
HAL_RCC_DeInit                                    build/stm32h7xx_hal_rcc.o
HAL_RCC_DisableCSS                                build/stm32h7xx_hal_rcc.o
HAL_RCC_EnableCSS                                 build/stm32h7xx_hal_rcc.o
HAL_RCC_GetClockConfig                            build/stm32h7xx_hal_rcc.o
HAL_RCC_GetHCLKFreq                               build/stm32h7xx_hal_rcc.o
                                                  build/stm32h7xx_hal_rcc_ex.o
HAL_RCC_GetOscConfig                              build/stm32h7xx_hal_rcc.o
HAL_RCC_GetPCLK1Freq                              build/stm32h7xx_hal_rcc.o
HAL_RCC_GetPCLK2Freq                              build/stm32h7xx_hal_rcc.o
HAL_RCC_GetSysClockFreq                           build/stm32h7xx_hal_rcc.o
                                                  build/stm32h7xx_hal.o
                                                  build/stm32h7xx_hal_rcc_ex.o
HAL_RCC_MCOConfig                                 build/stm32h7xx_hal_rcc.o
HAL_RCC_NMI_IRQHandler                            build/stm32h7xx_hal_rcc.o
HAL_RCC_OscConfig                                 build/stm32h7xx_hal_rcc.o
                                                  build/main.o
HAL_ResumeTick                                    build/stm32h7xx_hal.o
HAL_SYSCFG_AnalogSwitchConfig                     build/stm32h7xx_hal.o
HAL_SYSCFG_CM7BootAddConfig                       build/stm32h7xx_hal.o
HAL_SYSCFG_CompensationCodeConfig                 build/stm32h7xx_hal.o
HAL_SYSCFG_CompensationCodeSelect                 build/stm32h7xx_hal.o
HAL_SYSCFG_DisableBOOST                           build/stm32h7xx_hal.o
HAL_SYSCFG_DisableIOSpeedOptimize                 build/stm32h7xx_hal.o
HAL_SYSCFG_DisableVREFBUF                         build/stm32h7xx_hal.o
HAL_SYSCFG_ETHInterfaceSelect                     build/stm32h7xx_hal.o
HAL_SYSCFG_EnableBOOST                            build/stm32h7xx_hal.o
HAL_SYSCFG_EnableIOSpeedOptimize                  build/stm32h7xx_hal.o
HAL_SYSCFG_EnableVREFBUF                          build/stm32h7xx_hal.o
HAL_SYSCFG_VREFBUF_HighImpedanceConfig            build/stm32h7xx_hal.o
HAL_SYSCFG_VREFBUF_TrimmingConfig                 build/stm32h7xx_hal.o
HAL_SYSCFG_VREFBUF_VoltageScalingConfig           build/stm32h7xx_hal.o
HAL_SYSTICK_CLKSourceConfig                       build/stm32h7xx_hal_cortex.o
HAL_SYSTICK_Callback                              build/stm32h7xx_hal_cortex.o
HAL_SYSTICK_Config                                build/stm32h7xx_hal_cortex.o
                                                  build/stm32h7xx_hal.o
HAL_SYSTICK_IRQHandler                            build/stm32h7xx_hal_cortex.o
HAL_SetFMCMemorySwappingConfig                    build/stm32h7xx_hal.o
HAL_SetTickFreq                                   build/stm32h7xx_hal.o
HAL_SuspendTick                                   build/stm32h7xx_hal.o
HASH_RNG_IRQHandler                               build/startup_stm32h750xx.o
HRTIM1_FLT_IRQHandler                             build/startup_stm32h750xx.o
HRTIM1_Master_IRQHandler                          build/startup_stm32h750xx.o
HRTIM1_TIMA_IRQHandler                            build/startup_stm32h750xx.o
HRTIM1_TIMB_IRQHandler                            build/startup_stm32h750xx.o
HRTIM1_TIMC_IRQHandler                            build/startup_stm32h750xx.o
HRTIM1_TIMD_IRQHandler                            build/startup_stm32h750xx.o
HRTIM1_TIME_IRQHandler                            build/startup_stm32h750xx.o
HSEM1_IRQHandler                                  build/startup_stm32h750xx.o
HardFault_Handler                                 build/stm32h7xx_it.o
I2C1_ER_IRQHandler                                build/startup_stm32h750xx.o
I2C1_EV_IRQHandler                                build/startup_stm32h750xx.o
I2C2_ER_IRQHandler                                build/startup_stm32h750xx.o
I2C2_EV_IRQHandler                                build/startup_stm32h750xx.o
I2C3_ER_IRQHandler                                build/startup_stm32h750xx.o
I2C3_EV_IRQHandler                                build/startup_stm32h750xx.o
I2C4_ER_IRQHandler                                build/startup_stm32h750xx.o
I2C4_EV_IRQHandler                                build/startup_stm32h750xx.o
JPEG_IRQHandler                                   build/startup_stm32h750xx.o
JumpToApplication                                 build/main.o
LED_Blink(unsigned char)                          build/w25q64.o
LPTIM1_IRQHandler                                 build/startup_stm32h750xx.o
LPTIM2_IRQHandler                                 build/startup_stm32h750xx.o
LPTIM3_IRQHandler                                 build/startup_stm32h750xx.o
LPTIM4_IRQHandler                                 build/startup_stm32h750xx.o
LPTIM5_IRQHandler                                 build/startup_stm32h750xx.o
LPUART1_IRQHandler                                build/startup_stm32h750xx.o
LTDC_ER_IRQHandler                                build/startup_stm32h750xx.o
LTDC_IRQHandler                                   build/startup_stm32h750xx.o
MDIOS_IRQHandler                                  build/startup_stm32h750xx.o
MDIOS_WKUP_IRQHandler                             build/startup_stm32h750xx.o
MDMA_IRQHandler                                   build/startup_stm32h750xx.o
MemManage_Handler                                 build/stm32h7xx_it.o
NMI_Handler                                       build/stm32h7xx_it.o
OTG_FS_EP1_IN_IRQHandler                          build/startup_stm32h750xx.o
OTG_FS_EP1_OUT_IRQHandler                         build/startup_stm32h750xx.o
OTG_FS_IRQHandler                                 build/startup_stm32h750xx.o
OTG_FS_WKUP_IRQHandler                            build/startup_stm32h750xx.o
OTG_HS_EP1_IN_IRQHandler                          build/startup_stm32h750xx.o
OTG_HS_EP1_OUT_IRQHandler                         build/startup_stm32h750xx.o
OTG_HS_IRQHandler                                 build/startup_stm32h750xx.o
OTG_HS_WKUP_IRQHandler                            build/startup_stm32h750xx.o
PVD_AVD_IRQHandler                                build/startup_stm32h750xx.o
PendSV_Handler                                    build/stm32h7xx_it.o
QUADSPI_IRQHandler                                build/startup_stm32h750xx.o
RCC_IRQHandler                                    build/startup_stm32h750xx.o
RTC_Alarm_IRQHandler                              build/startup_stm32h750xx.o
RTC_WKUP_IRQHandler                               build/startup_stm32h750xx.o
Reset_Handler                                     build/startup_stm32h750xx.o
SAI1_IRQHandler                                   build/startup_stm32h750xx.o
SAI2_IRQHandler                                   build/startup_stm32h750xx.o
SAI3_IRQHandler                                   build/startup_stm32h750xx.o
SAI4_IRQHandler                                   build/startup_stm32h750xx.o
SDMMC1_IRQHandler                                 build/startup_stm32h750xx.o
SDMMC2_IRQHandler                                 build/startup_stm32h750xx.o
SPDIF_RX_IRQHandler                               build/startup_stm32h750xx.o
SPI1_IRQHandler                                   build/startup_stm32h750xx.o
SPI2_IRQHandler                                   build/startup_stm32h750xx.o
SPI3_IRQHandler                                   build/startup_stm32h750xx.o
SPI4_IRQHandler                                   build/startup_stm32h750xx.o